Archive member included to satisfy reference by file (symbol)

D:/Env/msys2/ucrt64/bin/../lib/gcc/arm-none-eabi/13.3.0/../../../../arm-none-eabi/lib/thumb/v6-m/nofp\libc.a(libc_a-atexit.o)
                              D:/Env/msys2/ucrt64/bin/../lib/gcc/arm-none-eabi/13.3.0/../../../../arm-none-eabi/lib/thumb/v6-m/nofp/crt0.o (atexit)
D:/Env/msys2/ucrt64/bin/../lib/gcc/arm-none-eabi/13.3.0/../../../../arm-none-eabi/lib/thumb/v6-m/nofp\libc.a(libc_a-exit.o)
                              D:/Env/msys2/ucrt64/bin/../lib/gcc/arm-none-eabi/13.3.0/../../../../arm-none-eabi/lib/thumb/v6-m/nofp/crt0.o (exit)
D:/Env/msys2/ucrt64/bin/../lib/gcc/arm-none-eabi/13.3.0/../../../../arm-none-eabi/lib/thumb/v6-m/nofp\libc.a(libc_a-findfp.o)
                              D:/Env/msys2/ucrt64/bin/../lib/gcc/arm-none-eabi/13.3.0/../../../../arm-none-eabi/lib/thumb/v6-m/nofp\libc.a(libc_a-exit.o) (__stdio_exit_handler)
D:/Env/msys2/ucrt64/bin/../lib/gcc/arm-none-eabi/13.3.0/../../../../arm-none-eabi/lib/thumb/v6-m/nofp\libc.a(libc_a-fwalk.o)
                              D:/Env/msys2/ucrt64/bin/../lib/gcc/arm-none-eabi/13.3.0/../../../../arm-none-eabi/lib/thumb/v6-m/nofp\libc.a(libc_a-findfp.o) (_fwalk_sglue)
D:/Env/msys2/ucrt64/bin/../lib/gcc/arm-none-eabi/13.3.0/../../../../arm-none-eabi/lib/thumb/v6-m/nofp\libc.a(libc_a-stdio.o)
                              D:/Env/msys2/ucrt64/bin/../lib/gcc/arm-none-eabi/13.3.0/../../../../arm-none-eabi/lib/thumb/v6-m/nofp\libc.a(libc_a-findfp.o) (__sread)
D:/Env/msys2/ucrt64/bin/../lib/gcc/arm-none-eabi/13.3.0/../../../../arm-none-eabi/lib/thumb/v6-m/nofp\libc.a(libc_a-memset.o)
                              D:/Env/msys2/ucrt64/bin/../lib/gcc/arm-none-eabi/13.3.0/../../../../arm-none-eabi/lib/thumb/v6-m/nofp/crt0.o (memset)
D:/Env/msys2/ucrt64/bin/../lib/gcc/arm-none-eabi/13.3.0/../../../../arm-none-eabi/lib/thumb/v6-m/nofp\libc.a(libc_a-closer.o)
                              D:/Env/msys2/ucrt64/bin/../lib/gcc/arm-none-eabi/13.3.0/../../../../arm-none-eabi/lib/thumb/v6-m/nofp\libc.a(libc_a-stdio.o) (_close_r)
D:/Env/msys2/ucrt64/bin/../lib/gcc/arm-none-eabi/13.3.0/../../../../arm-none-eabi/lib/thumb/v6-m/nofp\libc.a(libc_a-reent.o)
                              D:/Env/msys2/ucrt64/bin/../lib/gcc/arm-none-eabi/13.3.0/../../../../arm-none-eabi/lib/thumb/v6-m/nofp\libc.a(libc_a-closer.o) (errno)
D:/Env/msys2/ucrt64/bin/../lib/gcc/arm-none-eabi/13.3.0/../../../../arm-none-eabi/lib/thumb/v6-m/nofp\libc.a(libc_a-impure.o)
                              D:/Env/msys2/ucrt64/bin/../lib/gcc/arm-none-eabi/13.3.0/../../../../arm-none-eabi/lib/thumb/v6-m/nofp\libc.a(libc_a-reent.o) (_impure_ptr)
D:/Env/msys2/ucrt64/bin/../lib/gcc/arm-none-eabi/13.3.0/../../../../arm-none-eabi/lib/thumb/v6-m/nofp\libc.a(libc_a-lseekr.o)
                              D:/Env/msys2/ucrt64/bin/../lib/gcc/arm-none-eabi/13.3.0/../../../../arm-none-eabi/lib/thumb/v6-m/nofp\libc.a(libc_a-stdio.o) (_lseek_r)
D:/Env/msys2/ucrt64/bin/../lib/gcc/arm-none-eabi/13.3.0/../../../../arm-none-eabi/lib/thumb/v6-m/nofp\libc.a(libc_a-readr.o)
                              D:/Env/msys2/ucrt64/bin/../lib/gcc/arm-none-eabi/13.3.0/../../../../arm-none-eabi/lib/thumb/v6-m/nofp\libc.a(libc_a-stdio.o) (_read_r)
D:/Env/msys2/ucrt64/bin/../lib/gcc/arm-none-eabi/13.3.0/../../../../arm-none-eabi/lib/thumb/v6-m/nofp\libc.a(libc_a-writer.o)
                              D:/Env/msys2/ucrt64/bin/../lib/gcc/arm-none-eabi/13.3.0/../../../../arm-none-eabi/lib/thumb/v6-m/nofp\libc.a(libc_a-stdio.o) (_write_r)
D:/Env/msys2/ucrt64/bin/../lib/gcc/arm-none-eabi/13.3.0/../../../../arm-none-eabi/lib/thumb/v6-m/nofp\libc.a(libc_a-init.o)
                              D:/Env/msys2/ucrt64/bin/../lib/gcc/arm-none-eabi/13.3.0/../../../../arm-none-eabi/lib/thumb/v6-m/nofp/crt0.o (__libc_init_array)
D:/Env/msys2/ucrt64/bin/../lib/gcc/arm-none-eabi/13.3.0/../../../../arm-none-eabi/lib/thumb/v6-m/nofp\libc.a(libc_a-fini.o)
                              D:/Env/msys2/ucrt64/bin/../lib/gcc/arm-none-eabi/13.3.0/../../../../arm-none-eabi/lib/thumb/v6-m/nofp/crt0.o (__libc_fini_array)
D:/Env/msys2/ucrt64/bin/../lib/gcc/arm-none-eabi/13.3.0/../../../../arm-none-eabi/lib/thumb/v6-m/nofp\libc.a(libc_a-lock.o)
                              D:/Env/msys2/ucrt64/bin/../lib/gcc/arm-none-eabi/13.3.0/../../../../arm-none-eabi/lib/thumb/v6-m/nofp\libc.a(libc_a-findfp.o) (__retarget_lock_init_recursive)
D:/Env/msys2/ucrt64/bin/../lib/gcc/arm-none-eabi/13.3.0/../../../../arm-none-eabi/lib/thumb/v6-m/nofp\libc.a(libc_a-memcpy-stub.o)
                              CMakeFiles/demo.dir/D_/ti/mspm0_sdk/source/ti/driverlib/dl_mcan.c.obj (memcpy)
D:/Env/msys2/ucrt64/bin/../lib/gcc/arm-none-eabi/13.3.0/../../../../arm-none-eabi/lib/thumb/v6-m/nofp\libc.a(libc_a-__atexit.o)
                              D:/Env/msys2/ucrt64/bin/../lib/gcc/arm-none-eabi/13.3.0/../../../../arm-none-eabi/lib/thumb/v6-m/nofp\libc.a(libc_a-atexit.o) (__register_exitproc)
[...]
Memory Configuration

Name             Origin             Length             Attributes
FLASH            0x00000000         0x00020000         xr
SRAM             0x20200000         0x00008000         xrw
BCR_CONFIG       0x41c00000         0x000000ff         r
BSL_CONFIG       0x41c00100         0x00000080         r
*default*        0x00000000         0xffffffff

Linker script and memory map

LOAD D:/Env/msys2/ucrt64/bin/../lib/gcc/arm-none-eabi/13.3.0/thumb/v6-m/nofp/crti.o
LOAD D:/Env/msys2/ucrt64/bin/../lib/gcc/arm-none-eabi/13.3.0/thumb/v6-m/nofp/crtbegin.o
LOAD D:/Env/msys2/ucrt64/bin/../lib/gcc/arm-none-eabi/13.3.0/../../../../arm-none-eabi/lib/thumb/v6-m/nofp/crt0.o
LOAD CMakeFiles/demo.dir/main.c.obj
LOAD CMakeFiles/demo.dir/ti_msp_dl_config.c.obj
LOAD CMakeFiles/demo.dir/D_/ti/mspm0_sdk/source/ti/devices/msp/m0p/startup_system_files/gcc/startup_mspm0g350x_gcc.c.obj
LOAD CMakeFiles/demo.dir/D_/ti/mspm0_sdk/source/ti/driverlib/dl_adc12.c.obj
LOAD CMakeFiles/demo.dir/D_/ti/mspm0_sdk/source/ti/driverlib/dl_aes.c.obj
LOAD CMakeFiles/demo.dir/D_/ti/mspm0_sdk/source/ti/driverlib/dl_aesadv.c.obj
LOAD CMakeFiles/demo.dir/D_/ti/mspm0_sdk/source/ti/driverlib/dl_common.c.obj
LOAD CMakeFiles/demo.dir/D_/ti/mspm0_sdk/source/ti/driverlib/dl_comp.c.obj
LOAD CMakeFiles/demo.dir/D_/ti/mspm0_sdk/source/ti/driverlib/dl_crc.c.obj
LOAD CMakeFiles/demo.dir/D_/ti/mspm0_sdk/source/ti/driverlib/dl_crcp.c.obj
LOAD CMakeFiles/demo.dir/D_/ti/mspm0_sdk/source/ti/driverlib/dl_dac12.c.obj
LOAD CMakeFiles/demo.dir/D_/ti/mspm0_sdk/source/ti/driverlib/dl_dma.c.obj
LOAD CMakeFiles/demo.dir/D_/ti/mspm0_sdk/source/ti/driverlib/dl_flashctl.c.obj
LOAD CMakeFiles/demo.dir/D_/ti/mspm0_sdk/source/ti/driverlib/dl_gpamp.c.obj
LOAD CMakeFiles/demo.dir/D_/ti/mspm0_sdk/source/ti/driverlib/dl_gpio.c.obj
LOAD CMakeFiles/demo.dir/D_/ti/mspm0_sdk/source/ti/driverlib/dl_i2c.c.obj
LOAD CMakeFiles/demo.dir/D_/ti/mspm0_sdk/source/ti/driverlib/dl_i2s.c.obj
LOAD CMakeFiles/demo.dir/D_/ti/mspm0_sdk/source/ti/driverlib/dl_iwdt.c.obj
LOAD CMakeFiles/demo.dir/D_/ti/mspm0_sdk/source/ti/driverlib/dl_keystorectl.c.obj
LOAD CMakeFiles/demo.dir/D_/ti/mspm0_sdk/source/ti/driverlib/dl_lcd.c.obj
LOAD CMakeFiles/demo.dir/D_/ti/mspm0_sdk/source/ti/driverlib/dl_lfss.c.obj
LOAD CMakeFiles/demo.dir/D_/ti/mspm0_sdk/source/ti/driverlib/dl_mathacl.c.obj
LOAD CMakeFiles/demo.dir/D_/ti/mspm0_sdk/source/ti/driverlib/dl_mcan.c.obj
LOAD CMakeFiles/demo.dir/D_/ti/mspm0_sdk/source/ti/driverlib/dl_npu.c.obj
LOAD CMakeFiles/demo.dir/D_/ti/mspm0_sdk/source/ti/driverlib/dl_opa.c.obj
LOAD CMakeFiles/demo.dir/D_/ti/mspm0_sdk/source/ti/driverlib/dl_rtc.c.obj
LOAD CMakeFiles/demo.dir/D_/ti/mspm0_sdk/source/ti/driverlib/dl_rtc_a.c.obj
LOAD CMakeFiles/demo.dir/D_/ti/mspm0_sdk/source/ti/driverlib/dl_rtc_b.c.obj
LOAD CMakeFiles/demo.dir/D_/ti/mspm0_sdk/source/ti/driverlib/dl_rtc_common.c.obj
LOAD CMakeFiles/demo.dir/D_/ti/mspm0_sdk/source/ti/driverlib/dl_scratchpad.c.obj
LOAD CMakeFiles/demo.dir/D_/ti/mspm0_sdk/source/ti/driverlib/dl_spgss.c.obj
LOAD CMakeFiles/demo.dir/D_/ti/mspm0_sdk/source/ti/driverlib/dl_spi.c.obj
LOAD CMakeFiles/demo.dir/D_/ti/mspm0_sdk/source/ti/driverlib/dl_tamperio.c.obj
LOAD CMakeFiles/demo.dir/D_/ti/mspm0_sdk/source/ti/driverlib/dl_timer.c.obj
LOAD CMakeFiles/demo.dir/D_/ti/mspm0_sdk/source/ti/driverlib/dl_timera.c.obj
LOAD CMakeFiles/demo.dir/D_/ti/mspm0_sdk/source/ti/driverlib/dl_timerb.c.obj
LOAD CMakeFiles/demo.dir/D_/ti/mspm0_sdk/source/ti/driverlib/dl_timerg.c.obj
LOAD CMakeFiles/demo.dir/D_/ti/mspm0_sdk/source/ti/driverlib/dl_trng.c.obj
LOAD CMakeFiles/demo.dir/D_/ti/mspm0_sdk/source/ti/driverlib/dl_uart.c.obj
LOAD CMakeFiles/demo.dir/D_/ti/mspm0_sdk/source/ti/driverlib/dl_unicomm.c.obj
LOAD CMakeFiles/demo.dir/D_/ti/mspm0_sdk/source/ti/driverlib/dl_unicommi2cc.c.obj
LOAD CMakeFiles/demo.dir/D_/ti/mspm0_sdk/source/ti/driverlib/dl_unicommi2ct.c.obj
LOAD CMakeFiles/demo.dir/D_/ti/mspm0_sdk/source/ti/driverlib/dl_unicommspi.c.obj
LOAD CMakeFiles/demo.dir/D_/ti/mspm0_sdk/source/ti/driverlib/dl_unicommuart.c.obj
LOAD CMakeFiles/demo.dir/D_/ti/mspm0_sdk/source/ti/driverlib/dl_vref.c.obj
LOAD CMakeFiles/demo.dir/D_/ti/mspm0_sdk/source/ti/driverlib/dl_wwdt.c.obj
LOAD CMakeFiles/demo.dir/D_/ti/mspm0_sdk/source/ti/driverlib/m0p/dl_factoryregion.c.obj
LOAD CMakeFiles/demo.dir/D_/ti/mspm0_sdk/source/ti/driverlib/m0p/dl_interrupt.c.obj
LOAD CMakeFiles/demo.dir/D_/ti/mspm0_sdk/source/ti/driverlib/m0p/sysctl/dl_sysctl_mspm0c1105_c1106.c.obj
LOAD CMakeFiles/demo.dir/D_/ti/mspm0_sdk/source/ti/driverlib/m0p/sysctl/dl_sysctl_mspm0c110x.c.obj
LOAD CMakeFiles/demo.dir/D_/ti/mspm0_sdk/source/ti/driverlib/m0p/sysctl/dl_sysctl_mspm0g1x0x_g3x0x.c.obj
LOAD CMakeFiles/demo.dir/D_/ti/mspm0_sdk/source/ti/driverlib/m0p/sysctl/dl_sysctl_mspm0g352x.c.obj
LOAD CMakeFiles/demo.dir/D_/ti/mspm0_sdk/source/ti/driverlib/m0p/sysctl/dl_sysctl_mspm0g511x.c.obj
LOAD CMakeFiles/demo.dir/D_/ti/mspm0_sdk/source/ti/driverlib/m0p/sysctl/dl_sysctl_mspm0g518x.c.obj
LOAD CMakeFiles/demo.dir/D_/ti/mspm0_sdk/source/ti/driverlib/m0p/sysctl/dl_sysctl_mspm0gx218_gx207.c.obj
LOAD CMakeFiles/demo.dir/D_/ti/mspm0_sdk/source/ti/driverlib/m0p/sysctl/dl_sysctl_mspm0gx51x.c.obj
LOAD CMakeFiles/demo.dir/D_/ti/mspm0_sdk/source/ti/driverlib/m0p/sysctl/dl_sysctl_mspm0h321x.c.obj
LOAD CMakeFiles/demo.dir/D_/ti/mspm0_sdk/source/ti/driverlib/m0p/sysctl/dl_sysctl_mspm0l111x.c.obj
LOAD CMakeFiles/demo.dir/D_/ti/mspm0_sdk/source/ti/driverlib/m0p/sysctl/dl_sysctl_mspm0l11xx_l13xx.c.obj
LOAD CMakeFiles/demo.dir/D_/ti/mspm0_sdk/source/ti/driverlib/m0p/sysctl/dl_sysctl_mspm0l122x_l222x.c.obj
LOAD CMakeFiles/demo.dir/D_/ti/mspm0_sdk/source/ti/driverlib/m0p/sysctl/dl_sysctl_mspm0l211x_l112x.c.obj
LOAD D:/Env/msys2/ucrt64/bin/../lib/gcc/arm-none-eabi/13.3.0/../../../../arm-none-eabi/lib/thumb/v6-m/nofp\libc.a
LOAD D:/Env/msys2/ucrt64/bin/../lib/gcc/arm-none-eabi/13.3.0/../../../../arm-none-eabi/lib/thumb/v6-m/nofp\libnosys.a
START GROUP
LOAD D:/Env/msys2/ucrt64/bin/../lib/gcc/arm-none-eabi/13.3.0/thumb/v6-m/nofp\libgcc.a
LOAD D:/Env/msys2/ucrt64/bin/../lib/gcc/arm-none-eabi/13.3.0/../../../../arm-none-eabi/lib/thumb/v6-m/nofp\libg.a
LOAD D:/Env/msys2/ucrt64/bin/../lib/gcc/arm-none-eabi/13.3.0/../../../../arm-none-eabi/lib/thumb/v6-m/nofp\libc.a
END GROUP
LOAD D:/Env/msys2/ucrt64/bin/../lib/gcc/arm-none-eabi/13.3.0/thumb/v6-m/nofp/crtend.o
LOAD D:/Env/msys2/ucrt64/bin/../lib/gcc/arm-none-eabi/13.3.0/thumb/v6-m/nofp/crtn.o
                0x00000000                        _Min_Heap_Size = 0x0
                0x00000080                        _Min_Stack_Size = 0x80
                0x00000000                        PROVIDE (_intvecs_base_address = DEFINED (_intvecs_base_address)?_intvecs_base_address:0x0)

.intvecs        0x00000000       0xc0
 *(.intvecs)
 .intvecs       0x00000000       0xc0 CMakeFiles/demo.dir/D_/ti/mspm0_sdk/source/ti/devices/msp/m0p/startup_system_files/gcc/startup_mspm0g350x_gcc.c.obj
                0x00000000                interruptVectors
                0x20200000                        PROVIDE (_vtable_base_address = DEFINED (_vtable_base_address)?_vtable_base_address:0x20200000)

.vtable         0x20200000       0xc0
 *(.vtable)
 *fill*         0x20200000        0x0 
 .vtable        0x20200000       0xc0 CMakeFiles/demo.dir/D_/ti/mspm0_sdk/source/ti/driverlib/m0p/dl_interrupt.c.obj

.text           0x000000c0     0x1960
 CREATE_OBJECT_SYMBOLS
 *(.text)
 .text          0x000000c0        0x0 D:/Env/msys2/ucrt64/bin/../lib/gcc/arm-none-eabi/13.3.0/thumb/v6-m/nofp/crti.o
 .text          0x000000c0        0x0 D:/Env/msys2/ucrt64/bin/../lib/gcc/arm-none-eabi/13.3.0/thumb/v6-m/nofp/crtbegin.o
 .text          0x000000c0       0x74 D:/Env/msys2/ucrt64/bin/../lib/gcc/arm-none-eabi/13.3.0/../../../../arm-none-eabi/lib/thumb/v6-m/nofp/crt0.o
                0x000000c0                _stack_init
                0x000000cc                _start
                0x000000cc                _mainCRTStartup
 .text          0x00000134        0x0 CMakeFiles/demo.dir/main.c.obj
 .text          0x00000134        0x0 CMakeFiles/demo.dir/ti_msp_dl_config.c.obj
 .text          0x00000134        0x0 CMakeFiles/demo.dir/D_/ti/mspm0_sdk/source/ti/devices/msp/m0p/startup_system_files/gcc/startup_mspm0g350x_gcc.c.obj
 .text          0x00000134        0x0 CMakeFiles/demo.dir/D_/ti/mspm0_sdk/source/ti/driverlib/dl_adc12.c.obj
 .text          0x00000134        0x0 CMakeFiles/demo.dir/D_/ti/mspm0_sdk/source/ti/driverlib/dl_aes.c.obj
 .text          0x00000134        0x0 CMakeFiles/demo.dir/D_/ti/mspm0_sdk/source/ti/driverlib/dl_aesadv.c.obj
 .text          0x00000134        0x0 CMakeFiles/demo.dir/D_/ti/mspm0_sdk/source/ti/driverlib/dl_common.c.obj
 .text          0x00000134        0x0 CMakeFiles/demo.dir/D_/ti/mspm0_sdk/source/ti/driverlib/dl_comp.c.obj
 .text          0x00000134        0x0 CMakeFiles/demo.dir/D_/ti/mspm0_sdk/source/ti/driverlib/dl_crc.c.obj
 .text          0x00000134        0x0 CMakeFiles/demo.dir/D_/ti/mspm0_sdk/source/ti/driverlib/dl_crcp.c.obj
 .text          0x00000134        0x0 CMakeFiles/demo.dir/D_/ti/mspm0_sdk/source/ti/driverlib/dl_dac12.c.obj
 .text          0x00000134        0x0 CMakeFiles/demo.dir/D_/ti/mspm0_sdk/source/ti/driverlib/dl_dma.c.obj
 .text          0x00000134        0x0 CMakeFiles/demo.dir/D_/ti/mspm0_sdk/source/ti/driverlib/dl_flashctl.c.obj
 .text          0x00000134        0x0 CMakeFiles/demo.dir/D_/ti/mspm0_sdk/source/ti/driverlib/dl_gpamp.c.obj
 .text          0x00000134        0x0 CMakeFiles/demo.dir/D_/ti/mspm0_sdk/source/ti/driverlib/dl_gpio.c.obj
 .text          0x00000134        0x0 CMakeFiles/demo.dir/D_/ti/mspm0_sdk/source/ti/driverlib/dl_i2c.c.obj
 .text          0x00000134        0x0 CMakeFiles/demo.dir/D_/ti/mspm0_sdk/source/ti/driverlib/dl_i2s.c.obj
 .text          0x00000134        0x0 CMakeFiles/demo.dir/D_/ti/mspm0_sdk/source/ti/driverlib/dl_iwdt.c.obj
 .text          0x00000134        0x0 CMakeFiles/demo.dir/D_/ti/mspm0_sdk/source/ti/driverlib/dl_keystorectl.c.obj
 .text          0x00000134        0x0 CMakeFiles/demo.dir/D_/ti/mspm0_sdk/source/ti/driverlib/dl_lcd.c.obj
 .text          0x00000134        0x0 CMakeFiles/demo.dir/D_/ti/mspm0_sdk/source/ti/driverlib/dl_lfss.c.obj
 .text          0x00000134        0x0 CMakeFiles/demo.dir/D_/ti/mspm0_sdk/source/ti/driverlib/dl_mathacl.c.obj
 .text          0x00000134        0x0 CMakeFiles/demo.dir/D_/ti/mspm0_sdk/source/ti/driverlib/dl_mcan.c.obj
 .text          0x00000134        0x0 CMakeFiles/demo.dir/D_/ti/mspm0_sdk/source/ti/driverlib/dl_npu.c.obj
 .text          0x00000134        0x0 CMakeFiles/demo.dir/D_/ti/mspm0_sdk/source/ti/driverlib/dl_opa.c.obj
 .text          0x00000134        0x0 CMakeFiles/demo.dir/D_/ti/mspm0_sdk/source/ti/driverlib/dl_rtc.c.obj
 .text          0x00000134        0x0 CMakeFiles/demo.dir/D_/ti/mspm0_sdk/source/ti/driverlib/dl_rtc_a.c.obj
 .text          0x00000134        0x0 CMakeFiles/demo.dir/D_/ti/mspm0_sdk/source/ti/driverlib/dl_rtc_b.c.obj
 .text          0x00000134        0x0 CMakeFiles/demo.dir/D_/ti/mspm0_sdk/source/ti/driverlib/dl_rtc_common.c.obj
 .text          0x00000134        0x0 CMakeFiles/demo.dir/D_/ti/mspm0_sdk/source/ti/driverlib/dl_scratchpad.c.obj
 .text          0x00000134        0x0 CMakeFiles/demo.dir/D_/ti/mspm0_sdk/source/ti/driverlib/dl_spgss.c.obj
 .text          0x00000134        0x0 CMakeFiles/demo.dir/D_/ti/mspm0_sdk/source/ti/driverlib/dl_spi.c.obj
 .text          0x00000134        0x0 CMakeFiles/demo.dir/D_/ti/mspm0_sdk/source/ti/driverlib/dl_tamperio.c.obj
 .text          0x00000134        0x0 CMakeFiles/demo.dir/D_/ti/mspm0_sdk/source/ti/driverlib/dl_timer.c.obj
 .text          0x00000134        0x0 CMakeFiles/demo.dir/D_/ti/mspm0_sdk/source/ti/driverlib/dl_timera.c.obj
 .text          0x00000134        0x0 CMakeFiles/demo.dir/D_/ti/mspm0_sdk/source/ti/driverlib/dl_timerb.c.obj
 .text          0x00000134        0x0 CMakeFiles/demo.dir/D_/ti/mspm0_sdk/source/ti/driverlib/dl_timerg.c.obj
 .text          0x00000134        0x0 CMakeFiles/demo.dir/D_/ti/mspm0_sdk/source/ti/driverlib/dl_trng.c.obj
 .text          0x00000134        0x0 CMakeFiles/demo.dir/D_/ti/mspm0_sdk/source/ti/driverlib/dl_uart.c.obj
 .text          0x00000134        0x0 CMakeFiles/demo.dir/D_/ti/mspm0_sdk/source/ti/driverlib/dl_unicomm.c.obj
 .text          0x00000134        0x0 CMakeFiles/demo.dir/D_/ti/mspm0_sdk/source/ti/driverlib/dl_unicommi2cc.c.obj
 .text          0x00000134        0x0 CMakeFiles/demo.dir/D_/ti/mspm0_sdk/source/ti/driverlib/dl_unicommi2ct.c.obj
 .text          0x00000134        0x0 CMakeFiles/demo.dir/D_/ti/mspm0_sdk/source/ti/driverlib/dl_unicommspi.c.obj
 .text          0x00000134        0x0 CMakeFiles/demo.dir/D_/ti/mspm0_sdk/source/ti/driverlib/dl_unicommuart.c.obj
 .text          0x00000134        0x0 CMakeFiles/demo.dir/D_/ti/mspm0_sdk/source/ti/driverlib/dl_vref.c.obj
 .text          0x00000134        0x0 CMakeFiles/demo.dir/D_/ti/mspm0_sdk/source/ti/driverlib/dl_wwdt.c.obj
 .text          0x00000134        0x0 CMakeFiles/demo.dir/D_/ti/mspm0_sdk/source/ti/driverlib/m0p/dl_factoryregion.c.obj
 .text          0x00000134        0x0 CMakeFiles/demo.dir/D_/ti/mspm0_sdk/source/ti/driverlib/m0p/dl_interrupt.c.obj
 .text          0x00000134        0x0 CMakeFiles/demo.dir/D_/ti/mspm0_sdk/source/ti/driverlib/m0p/sysctl/dl_sysctl_mspm0c1105_c1106.c.obj
 .text          0x00000134        0x0 CMakeFiles/demo.dir/D_/ti/mspm0_sdk/source/ti/driverlib/m0p/sysctl/dl_sysctl_mspm0c110x.c.obj
 .text          0x00000134        0x0 CMakeFiles/demo.dir/D_/ti/mspm0_sdk/source/ti/driverlib/m0p/sysctl/dl_sysctl_mspm0g1x0x_g3x0x.c.obj
 .text          0x00000134        0x0 CMakeFiles/demo.dir/D_/ti/mspm0_sdk/source/ti/driverlib/m0p/sysctl/dl_sysctl_mspm0g352x.c.obj
 .text          0x00000134        0x0 CMakeFiles/demo.dir/D_/ti/mspm0_sdk/source/ti/driverlib/m0p/sysctl/dl_sysctl_mspm0g511x.c.obj
 .text          0x00000134        0x0 CMakeFiles/demo.dir/D_/ti/mspm0_sdk/source/ti/driverlib/m0p/sysctl/dl_sysctl_mspm0g518x.c.obj
 .text          0x00000134        0x0 CMakeFiles/demo.dir/D_/ti/mspm0_sdk/source/ti/driverlib/m0p/sysctl/dl_sysctl_mspm0gx218_gx207.c.obj
 .text          0x00000134        0x0 CMakeFiles/demo.dir/D_/ti/mspm0_sdk/source/ti/driverlib/m0p/sysctl/dl_sysctl_mspm0gx51x.c.obj
 .text          0x00000134        0x0 CMakeFiles/demo.dir/D_/ti/mspm0_sdk/source/ti/driverlib/m0p/sysctl/dl_sysctl_mspm0h321x.c.obj
 .text          0x00000134        0x0 CMakeFiles/demo.dir/D_/ti/mspm0_sdk/source/ti/driverlib/m0p/sysctl/dl_sysctl_mspm0l111x.c.obj
 .text          0x00000134        0x0 CMakeFiles/demo.dir/D_/ti/mspm0_sdk/source/ti/driverlib/m0p/sysctl/dl_sysctl_mspm0l11xx_l13xx.c.obj
 .text          0x00000134        0x0 CMakeFiles/demo.dir/D_/ti/mspm0_sdk/source/ti/driverlib/m0p/sysctl/dl_sysctl_mspm0l122x_l222x.c.obj
 .text          0x00000134        0x0 CMakeFiles/demo.dir/D_/ti/mspm0_sdk/source/ti/driverlib/m0p/sysctl/dl_sysctl_mspm0l211x_l112x.c.obj
 .text          0x00000134       0x10 D:/Env/msys2/ucrt64/bin/../lib/gcc/arm-none-eabi/13.3.0/../../../../arm-none-eabi/lib/thumb/v6-m/nofp\libc.a(libc_a-atexit.o)
                0x00000134                atexit
 .text          0x00000144       0x20 D:/Env/msys2/ucrt64/bin/../lib/gcc/arm-none-eabi/13.3.0/../../../../arm-none-eabi/lib/thumb/v6-m/nofp\libc.a(libc_a-exit.o)
                0x00000144                exit
 .text          0x00000164      0x308 D:/Env/msys2/ucrt64/bin/../lib/gcc/arm-none-eabi/13.3.0/../../../../arm-none-eabi/lib/thumb/v6-m/nofp\libc.a(libc_a-findfp.o)
                0x0000030c                __sfp
                0x000003d4                __sinit
                0x0000040c                __sfp_lock_acquire
                0x0000041c                __sfp_lock_release
                0x0000042c                __fp_lock_all
                0x0000044c                __fp_unlock_all
 .text          0x0000046c       0x44 D:/Env/msys2/ucrt64/bin/../lib/gcc/arm-none-eabi/13.3.0/../../../../arm-none-eabi/lib/thumb/v6-m/nofp\libc.a(libc_a-fwalk.o)
                0x0000046c                _fwalk_sglue
 .text          0x000004b0       0xa8 D:/Env/msys2/ucrt64/bin/../lib/gcc/arm-none-eabi/13.3.0/../../../../arm-none-eabi/lib/thumb/v6-m/nofp\libc.a(libc_a-stdio.o)
                0x000004b0                __sread
                0x000004d8                __seofread
                0x000004dc                __swrite
                0x0000051c                __sseek
                0x0000054c                __sclose
 .text          0x00000558       0xa8 D:/Env/msys2/ucrt64/bin/../lib/gcc/arm-none-eabi/13.3.0/../../../../arm-none-eabi/lib/thumb/v6-m/nofp\libc.a(libc_a-memset.o)
                0x00000558                memset
 .text          0x00000600       0x24 D:/Env/msys2/ucrt64/bin/../lib/gcc/arm-none-eabi/13.3.0/../../../../arm-none-eabi/lib/thumb/v6-m/nofp\libc.a(libc_a-closer.o)
                0x00000600                _close_r
 .text          0x00000624       0x74 D:/Env/msys2/ucrt64/bin/../lib/gcc/arm-none-eabi/13.3.0/../../../../arm-none-eabi/lib/thumb/v6-m/nofp\libc.a(libc_a-reent.o)
                0x00000624                _reclaim_reent
 .text          0x00000698        0x0 D:/Env/msys2/ucrt64/bin/../lib/gcc/arm-none-eabi/13.3.0/../../../../arm-none-eabi/lib/thumb/v6-m/nofp\libc.a(libc_a-impure.o)
 .text          0x00000698       0x28 D:/Env/msys2/ucrt64/bin/../lib/gcc/arm-none-eabi/13.3.0/../../../../arm-none-eabi/lib/thumb/v6-m/nofp\libc.a(libc_a-lseekr.o)
                0x00000698                _lseek_r
 .text          0x000006c0       0x28 D:/Env/msys2/ucrt64/bin/../lib/gcc/arm-none-eabi/13.3.0/../../../../arm-none-eabi/lib/thumb/v6-m/nofp\libc.a(libc_a-readr.o)
                0x000006c0                _read_r
 .text          0x000006e8       0x28 D:/Env/msys2/ucrt64/bin/../lib/gcc/arm-none-eabi/13.3.0/../../../../arm-none-eabi/lib/thumb/v6-m/nofp\libc.a(libc_a-writer.o)
                0x000006e8                _write_r
 .text          0x00000710       0x48 D:/Env/msys2/ucrt64/bin/../lib/gcc/arm-none-eabi/13.3.0/../../../../arm-none-eabi/lib/thumb/v6-m/nofp\libc.a(libc_a-init.o)
                0x00000710                __libc_init_array
 .text          0x00000758       0x28 D:/Env/msys2/ucrt64/bin/../lib/gcc/arm-none-eabi/13.3.0/../../../../arm-none-eabi/lib/thumb/v6-m/nofp\libc.a(libc_a-fini.o)
                0x00000758                __libc_fini_array
 .text          0x00000780       0x28 D:/Env/msys2/ucrt64/bin/../lib/gcc/arm-none-eabi/13.3.0/../../../../arm-none-eabi/lib/thumb/v6-m/nofp\libc.a(libc_a-lock.o)
                0x00000780                __retarget_lock_init
                0x00000784                __retarget_lock_init_recursive
                0x00000788                __retarget_lock_close
                0x0000078c                __retarget_lock_close_recursive
                0x00000790                __retarget_lock_acquire
                0x00000794                __retarget_lock_acquire_recursive
                0x00000798                __retarget_lock_try_acquire
                0x0000079c                __retarget_lock_try_acquire_recursive
                0x000007a0                __retarget_lock_release
                0x000007a4                __retarget_lock_release_recursive
 .text          0x000007a8       0x8c D:/Env/msys2/ucrt64/bin/../lib/gcc/arm-none-eabi/13.3.0/../../../../arm-none-eabi/lib/thumb/v6-m/nofp\libc.a(libc_a-memcpy-stub.o)
                0x000007a8                memcpy
 .text          0x00000834       0xa8 D:/Env/msys2/ucrt64/bin/../lib/gcc/arm-none-eabi/13.3.0/../../../../arm-none-eabi/lib/thumb/v6-m/nofp\libc.a(libc_a-__atexit.o)
                0x00000834                __register_exitproc
 .text          0x000008dc       0xe8 D:/Env/msys2/ucrt64/bin/../lib/gcc/arm-none-eabi/13.3.0/../../../../arm-none-eabi/lib/thumb/v6-m/nofp\libc.a(libc_a-__call_atexit.o)
                0x000008dc                __call_exitprocs
 .text          0x000009c4      0x288 D:/Env/msys2/ucrt64/bin/../lib/gcc/arm-none-eabi/13.3.0/../../../../arm-none-eabi/lib/thumb/v6-m/nofp\libc.a(libc_a-freer.o)
                0x000009c4                _malloc_trim_r
                0x00000a78                _free_r
 .text          0x00000c4c      0x5b0 D:/Env/msys2/ucrt64/bin/../lib/gcc/arm-none-eabi/13.3.0/../../../../arm-none-eabi/lib/thumb/v6-m/nofp\libc.a(libc_a-mallocr.o)
                0x00000c4c                _malloc_r
 .text          0x000011fc       0x20 D:/Env/msys2/ucrt64/bin/../lib/gcc/arm-none-eabi/13.3.0/../../../../arm-none-eabi/lib/thumb/v6-m/nofp\libc.a(libc_a-mlock.o)
                0x000011fc                __malloc_lock
                0x0000120c                __malloc_unlock
 .text          0x0000121c       0xe4 D:/Env/msys2/ucrt64/bin/../lib/gcc/arm-none-eabi/13.3.0/../../../../arm-none-eabi/lib/thumb/v6-m/nofp\libc.a(libc_a-fclose.o)
                0x0000121c                _fclose_r
                0x000012ec                fclose
 .text          0x00001300      0x22c D:/Env/msys2/ucrt64/bin/../lib/gcc/arm-none-eabi/13.3.0/../../../../arm-none-eabi/lib/thumb/v6-m/nofp\libc.a(libc_a-fflush.o)
                0x00001300                __sflush_r
                0x00001448                _fflush_r
                0x000014b0                fflush
 .text          0x0000152c       0x24 D:/Env/msys2/ucrt64/bin/../lib/gcc/arm-none-eabi/13.3.0/../../../../arm-none-eabi/lib/thumb/v6-m/nofp\libc.a(libc_a-sbrkr.o)
                0x0000152c                _sbrk_r
 .text          0x00001550       0x1c D:/Env/msys2/ucrt64/bin/../lib/gcc/arm-none-eabi/13.3.0/../../../../arm-none-eabi/lib/thumb/v6-m/nofp\libc.a(libc_a-sysconf.o)
                0x00001550                sysconf
 .text          0x0000156c        0xc D:/Env/msys2/ucrt64/bin/../lib/gcc/arm-none-eabi/13.3.0/../../../../arm-none-eabi/lib/thumb/v6-m/nofp\libc.a(libc_a-errno.o)
                0x0000156c                __errno
 .text          0x00001578       0x10 D:/Env/msys2/ucrt64/bin/../lib/gcc/arm-none-eabi/13.3.0/../../../../arm-none-eabi/lib/thumb/v6-m/nofp\libnosys.a(close.o)
                0x00001578                _close
 .text          0x00001588       0x10 D:/Env/msys2/ucrt64/bin/../lib/gcc/arm-none-eabi/13.3.0/../../../../arm-none-eabi/lib/thumb/v6-m/nofp\libnosys.a(lseek.o)
                0x00001588                _lseek
 .text          0x00001598       0x10 D:/Env/msys2/ucrt64/bin/../lib/gcc/arm-none-eabi/13.3.0/../../../../arm-none-eabi/lib/thumb/v6-m/nofp\libnosys.a(read.o)
                0x00001598                _read
 .text          0x000015a8       0x1c D:/Env/msys2/ucrt64/bin/../lib/gcc/arm-none-eabi/13.3.0/../../../../arm-none-eabi/lib/thumb/v6-m/nofp\libnosys.a(sbrk.o)
                0x000015a8                _sbrk
 .text          0x000015c4       0x10 D:/Env/msys2/ucrt64/bin/../lib/gcc/arm-none-eabi/13.3.0/../../../../arm-none-eabi/lib/thumb/v6-m/nofp\libnosys.a(write.o)
                0x000015c4                _write
 .text          0x000015d4        0x4 D:/Env/msys2/ucrt64/bin/../lib/gcc/arm-none-eabi/13.3.0/../../../../arm-none-eabi/lib/thumb/v6-m/nofp\libnosys.a(_exit.o)
                0x000015d4                _exit
 .text          0x000015d8       0x8c D:/Env/msys2/ucrt64/bin/../lib/gcc/arm-none-eabi/13.3.0/thumb/v6-m/nofp\libgcc.a(_udivsi3.o)
                0x000015d8                __aeabi_uidiv
                0x000015d8                __udivsi3
                0x00001650                __aeabi_uidivmod
 .text          0x00001664        0x4 D:/Env/msys2/ucrt64/bin/../lib/gcc/arm-none-eabi/13.3.0/thumb/v6-m/nofp\libgcc.a(_dvmd_tls.o)
                0x00001664                __aeabi_idiv0
                0x00001664                __aeabi_ldiv0
 .text          0x00001668        0x0 D:/Env/msys2/ucrt64/bin/../lib/gcc/arm-none-eabi/13.3.0/thumb/v6-m/nofp/crtend.o
 .text          0x00001668        0x0 D:/Env/msys2/ucrt64/bin/../lib/gcc/arm-none-eabi/13.3.0/thumb/v6-m/nofp/crtn.o
                0x00001668                        . = ALIGN (0x8)
 *(.text.*)
 .text.__do_global_dtors_aux
                0x00001668       0x28 D:/Env/msys2/ucrt64/bin/../lib/gcc/arm-none-eabi/13.3.0/thumb/v6-m/nofp/crtbegin.o
 .text.frame_dummy
                0x00001690       0x20 D:/Env/msys2/ucrt64/bin/../lib/gcc/arm-none-eabi/13.3.0/thumb/v6-m/nofp/crtbegin.o
 .text.DL_GPIO_togglePins
                0x000016b0       0x20 CMakeFiles/demo.dir/main.c.obj
 .text.main     0x000016d0       0x28 CMakeFiles/demo.dir/main.c.obj
                0x000016d0                main
 .text.DL_Common_updateReg
                0x000016f8       0x32 CMakeFiles/demo.dir/ti_msp_dl_config.c.obj
 *fill*         0x0000172a        0x2 
 .text.DL_SYSCTL_setBORThreshold
                0x0000172c       0x28 CMakeFiles/demo.dir/ti_msp_dl_config.c.obj
 .text.DL_SYSCTL_setMCLKDivider
                0x00001754       0x30 CMakeFiles/demo.dir/ti_msp_dl_config.c.obj
 .text.DL_SYSCTL_setSYSOSCFreq
                0x00001784       0x2c CMakeFiles/demo.dir/ti_msp_dl_config.c.obj
 .text.DL_SYSCTL_setULPCLKDivider
                0x000017b0       0x30 CMakeFiles/demo.dir/ti_msp_dl_config.c.obj
 .text.DL_GPIO_enablePower
                0x000017e0       0x20 CMakeFiles/demo.dir/ti_msp_dl_config.c.obj
 .text.DL_GPIO_reset
                0x00001800       0x20 CMakeFiles/demo.dir/ti_msp_dl_config.c.obj
 .text.DL_GPIO_initDigitalOutput
                0x00001820       0x24 CMakeFiles/demo.dir/ti_msp_dl_config.c.obj
 .text.DL_GPIO_clearPins
                0x00001844       0x1c CMakeFiles/demo.dir/ti_msp_dl_config.c.obj
 .text.DL_GPIO_enableOutput
                0x00001860       0x20 CMakeFiles/demo.dir/ti_msp_dl_config.c.obj
 .text.SYSCFG_DL_init
                0x00001880       0x1a CMakeFiles/demo.dir/ti_msp_dl_config.c.obj
                0x00001880                SYSCFG_DL_init
 *fill*         0x0000189a        0x2 
 .text.SYSCFG_DL_initPower
                0x0000189c       0x38 CMakeFiles/demo.dir/ti_msp_dl_config.c.obj
                0x0000189c                SYSCFG_DL_initPower
 .text.SYSCFG_DL_GPIO_init
                0x000018d4       0x28 CMakeFiles/demo.dir/ti_msp_dl_config.c.obj
                0x000018d4                SYSCFG_DL_GPIO_init
 .text.SYSCFG_DL_SYSCTL_init
                0x000018fc       0x22 CMakeFiles/demo.dir/ti_msp_dl_config.c.obj
                0x000018fc                SYSCFG_DL_SYSCTL_init
 .text.SYSCFG_DL_SYSTICK_init
                0x0000191e        0xa CMakeFiles/demo.dir/ti_msp_dl_config.c.obj
                0x0000191e                SYSCFG_DL_SYSTICK_init
 .text.Reset_Handler
                0x00001928       0x9c CMakeFiles/demo.dir/D_/ti/mspm0_sdk/source/ti/devices/msp/m0p/startup_system_files/gcc/startup_mspm0g350x_gcc.c.obj
                0x00001928                Reset_Handler
 .text.Default_Handler
                0x000019c4        0x8 CMakeFiles/demo.dir/D_/ti/mspm0_sdk/source/ti/devices/msp/m0p/startup_system_files/gcc/startup_mspm0g350x_gcc.c.obj
                0x000019c4                TIMG6_IRQHandler
                0x000019c4                TIMG8_IRQHandler
                0x000019c4                I2C0_IRQHandler
                0x000019c4                HardFault_Handler
                0x000019c4                SysTick_Handler
                0x000019c4                PendSV_Handler
                0x000019c4                NMI_Handler
                0x000019c4                I2C1_IRQHandler
                0x000019c4                UART1_IRQHandler
                0x000019c4                TIMA1_IRQHandler
                0x000019c4                UART0_IRQHandler
                0x000019c4                ADC0_IRQHandler
                0x000019c4                SPI1_IRQHandler
                0x000019c4                TIMG0_IRQHandler
                0x000019c4                ADC1_IRQHandler
                0x000019c4                GROUP1_IRQHandler
                0x000019c4                RTC_IRQHandler
                0x000019c4                GROUP0_IRQHandler
                0x000019c4                UART2_IRQHandler
                0x000019c4                Default_Handler
                0x000019c4                SVC_Handler
                0x000019c4                TIMG12_IRQHandler
                0x000019c4                DAC0_IRQHandler
                0x000019c4                TIMG7_IRQHandler
                0x000019c4                SPI0_IRQHandler
                0x000019c4                AES_IRQHandler
                0x000019c4                DMA_IRQHandler
                0x000019c4                TIMA0_IRQHandler
                0x000019c4                UART3_IRQHandler
                0x000019c4                CANFD0_IRQHandler
 .text.DL_Common_delayCycles
                0x000019cc       0x1c CMakeFiles/demo.dir/D_/ti/mspm0_sdk/source/ti/driverlib/dl_common.c.obj
                0x000019cc                DL_Common_delayCycles
 .text.startup  0x000019e8       0x18 D:/Env/msys2/ucrt64/bin/../lib/gcc/arm-none-eabi/13.3.0/../../../../arm-none-eabi/lib/thumb/v6-m/nofp\libc.a(libc_a-__call_atexit.o)
                0x00001a00                        . = ALIGN (0x8)
 *(.ctors)
                0x00001a00                        . = ALIGN (0x8)
 *(.dtors)
                0x00001a00                        . = ALIGN (0x8)
 *(.init)
 .init          0x00001a00        0x4 D:/Env/msys2/ucrt64/bin/../lib/gcc/arm-none-eabi/13.3.0/thumb/v6-m/nofp/crti.o
                0x00001a00                _init
 .init          0x00001a04        0x8 D:/Env/msys2/ucrt64/bin/../lib/gcc/arm-none-eabi/13.3.0/thumb/v6-m/nofp/crtn.o
                0x00001a10                        . = ALIGN (0x8)
 *fill*         0x00001a0c        0x4 
 *(.fini*)
 .fini          0x00001a10        0x4 D:/Env/msys2/ucrt64/bin/../lib/gcc/arm-none-eabi/13.3.0/thumb/v6-m/nofp/crti.o
                0x00001a10                _fini
 .fini_array    0x00001a14        0x4 D:/Env/msys2/ucrt64/bin/../lib/gcc/arm-none-eabi/13.3.0/thumb/v6-m/nofp/crtbegin.o
 .fini          0x00001a18        0x8 D:/Env/msys2/ucrt64/bin/../lib/gcc/arm-none-eabi/13.3.0/thumb/v6-m/nofp/crtn.o
                0x00001a20                        . = ALIGN (0x8)

.glue_7         0x00001a20        0x0
 .glue_7        0x00001a20        0x0 linker stubs

.glue_7t        0x00001a20        0x0
 .glue_7t       0x00001a20        0x0 linker stubs

.vfp11_veneer   0x00001a20        0x0
 .vfp11_veneer  0x00001a20        0x0 linker stubs

.v4_bx          0x00001a20        0x0
 .v4_bx         0x00001a20        0x0 linker stubs

.iplt           0x00001a20        0x0
 .iplt          0x00001a20        0x0 D:/Env/msys2/ucrt64/bin/../lib/gcc/arm-none-eabi/13.3.0/thumb/v6-m/nofp/crtbegin.o

.ramfunc        0x202000c0        0x0 load address 0x00001a20
                0x00001a20                        __ramfunct_load__ = LOADADDR (.ramfunc)
                0x202000c0                        __ramfunct_start__ = .
 *(.ramfunc)
                0x202000c0                        . = ALIGN (0x8)
                0x202000c0                        __ramfunct_end__ = .

.rodata         0x00001a20        0x0
 *(.rodata)
                0x00001a20                        . = ALIGN (0x8)
 *(.rodata.*)
                0x00001a20                        . = ALIGN (0x8)

.eh_frame       0x00001a20        0x0
 .eh_frame      0x00001a20        0x0 D:/Env/msys2/ucrt64/bin/../lib/gcc/arm-none-eabi/13.3.0/thumb/v6-m/nofp/crtbegin.o

.preinit_array  0x00001a20        0x0
                0x00001a20                        PROVIDE (__preinit_array_start = .)
 *(.preinit_array*)
                0x00001a20                        PROVIDE (__preinit_array_end = .)

.init_array     0x00001a20        0x8
                0x00001a20                        . = ALIGN (0x8)
                0x00001a20                        PROVIDE (__init_array_start = .)
 *(SORT_BY_NAME(.init_array.*))
 .init_array.00000
                0x00001a20        0x4 D:/Env/msys2/ucrt64/bin/../lib/gcc/arm-none-eabi/13.3.0/../../../../arm-none-eabi/lib/thumb/v6-m/nofp\libc.a(libc_a-__call_atexit.o)
 *(.init_array*)
 .init_array    0x00001a24        0x4 D:/Env/msys2/ucrt64/bin/../lib/gcc/arm-none-eabi/13.3.0/thumb/v6-m/nofp/crtbegin.o
                0x00001a28                        PROVIDE (__init_array_end = .)

.fini_array     0x00001a28        0x0
                0x00001a28                        . = ALIGN (0x8)
                0x00001a28                        PROVIDE (__fini_array_start = .)
 *(SORT_BY_NAME(.fini_array.*))
 *(.fini_array*)
                0x00001a28                        PROVIDE (__fini_array_end = .)
                0x00001a28                        . = ALIGN (0x8)

.ARM.exidx      0x00001a28        0x8
                0x00001a28                        __exidx_start = .
 *(.ARM.exidx* .gnu.linkonce.armexidx.*)
 .ARM.exidx     0x00001a28        0x8 D:/Env/msys2/ucrt64/bin/../lib/gcc/arm-none-eabi/13.3.0/../../../../arm-none-eabi/lib/thumb/v6-m/nofp/crt0.o
                                 0x10 (size before relaxing)
                0x00001a30                        __exidx_end = .

.ARM.extab      0x00001a30        0x0
                0x00001a30                        . = ALIGN (0x8)
 *(.ARM.extab* .gnu.linkonce.armextab.*)
 .ARM.extab     0x00001a30        0x0 D:/Env/msys2/ucrt64/bin/../lib/gcc/arm-none-eabi/13.3.0/../../../../arm-none-eabi/lib/thumb/v6-m/nofp/crt0.o
                0x00001a30                        . = ALIGN (0x8)
                0x00001a30                        __etext = .

.rel.dyn        0x00001a30        0x0
 .rel.iplt      0x00001a30        0x0 D:/Env/msys2/ucrt64/bin/../lib/gcc/arm-none-eabi/13.3.0/thumb/v6-m/nofp/crtbegin.o

.data           0x202000c0      0x578 load address 0x00001a30
                0x00001a30                        __data_load__ = LOADADDR (.data)
                0x202000c0                        __data_start__ = .
 *(.data)
 .data          0x202000c0        0x0 D:/Env/msys2/ucrt64/bin/../lib/gcc/arm-none-eabi/13.3.0/thumb/v6-m/nofp/crti.o
 .data          0x202000c0        0x0 D:/Env/msys2/ucrt64/bin/../lib/gcc/arm-none-eabi/13.3.0/thumb/v6-m/nofp/crtbegin.o
 .data          0x202000c0        0x0 D:/Env/msys2/ucrt64/bin/../lib/gcc/arm-none-eabi/13.3.0/../../../../arm-none-eabi/lib/thumb/v6-m/nofp/crt0.o
 .data          0x202000c0        0x0 CMakeFiles/demo.dir/main.c.obj
 .data          0x202000c0        0x0 CMakeFiles/demo.dir/ti_msp_dl_config.c.obj
 .data          0x202000c0        0x0 CMakeFiles/demo.dir/D_/ti/mspm0_sdk/source/ti/devices/msp/m0p/startup_system_files/gcc/startup_mspm0g350x_gcc.c.obj
 .data          0x202000c0        0x0 CMakeFiles/demo.dir/D_/ti/mspm0_sdk/source/ti/driverlib/dl_adc12.c.obj
 .data          0x202000c0        0x0 CMakeFiles/demo.dir/D_/ti/mspm0_sdk/source/ti/driverlib/dl_aes.c.obj
 .data          0x202000c0        0x0 CMakeFiles/demo.dir/D_/ti/mspm0_sdk/source/ti/driverlib/dl_aesadv.c.obj
 .data          0x202000c0        0x0 CMakeFiles/demo.dir/D_/ti/mspm0_sdk/source/ti/driverlib/dl_common.c.obj
 .data          0x202000c0        0x0 CMakeFiles/demo.dir/D_/ti/mspm0_sdk/source/ti/driverlib/dl_comp.c.obj
 .data          0x202000c0        0x0 CMakeFiles/demo.dir/D_/ti/mspm0_sdk/source/ti/driverlib/dl_crc.c.obj
 .data          0x202000c0        0x0 CMakeFiles/demo.dir/D_/ti/mspm0_sdk/source/ti/driverlib/dl_crcp.c.obj
 .data          0x202000c0        0x0 CMakeFiles/demo.dir/D_/ti/mspm0_sdk/source/ti/driverlib/dl_dac12.c.obj
 .data          0x202000c0        0x0 CMakeFiles/demo.dir/D_/ti/mspm0_sdk/source/ti/driverlib/dl_dma.c.obj
 .data          0x202000c0        0x0 CMakeFiles/demo.dir/D_/ti/mspm0_sdk/source/ti/driverlib/dl_flashctl.c.obj
 .data          0x202000c0        0x0 CMakeFiles/demo.dir/D_/ti/mspm0_sdk/source/ti/driverlib/dl_gpamp.c.obj
 .data          0x202000c0        0x0 CMakeFiles/demo.dir/D_/ti/mspm0_sdk/source/ti/driverlib/dl_gpio.c.obj
 .data          0x202000c0        0x0 CMakeFiles/demo.dir/D_/ti/mspm0_sdk/source/ti/driverlib/dl_i2c.c.obj
 .data          0x202000c0        0x0 CMakeFiles/demo.dir/D_/ti/mspm0_sdk/source/ti/driverlib/dl_i2s.c.obj
 .data          0x202000c0        0x0 CMakeFiles/demo.dir/D_/ti/mspm0_sdk/source/ti/driverlib/dl_iwdt.c.obj
 .data          0x202000c0        0x0 CMakeFiles/demo.dir/D_/ti/mspm0_sdk/source/ti/driverlib/dl_keystorectl.c.obj
 .data          0x202000c0        0x0 CMakeFiles/demo.dir/D_/ti/mspm0_sdk/source/ti/driverlib/dl_lcd.c.obj
 .data          0x202000c0        0x0 CMakeFiles/demo.dir/D_/ti/mspm0_sdk/source/ti/driverlib/dl_lfss.c.obj
 .data          0x202000c0        0x0 CMakeFiles/demo.dir/D_/ti/mspm0_sdk/source/ti/driverlib/dl_mathacl.c.obj
 .data          0x202000c0        0x0 CMakeFiles/demo.dir/D_/ti/mspm0_sdk/source/ti/driverlib/dl_mcan.c.obj
 .data          0x202000c0        0x0 CMakeFiles/demo.dir/D_/ti/mspm0_sdk/source/ti/driverlib/dl_npu.c.obj
 .data          0x202000c0        0x0 CMakeFiles/demo.dir/D_/ti/mspm0_sdk/source/ti/driverlib/dl_opa.c.obj
 .data          0x202000c0        0x0 CMakeFiles/demo.dir/D_/ti/mspm0_sdk/source/ti/driverlib/dl_rtc.c.obj
 .data          0x202000c0        0x0 CMakeFiles/demo.dir/D_/ti/mspm0_sdk/source/ti/driverlib/dl_rtc_a.c.obj
 .data          0x202000c0        0x0 CMakeFiles/demo.dir/D_/ti/mspm0_sdk/source/ti/driverlib/dl_rtc_b.c.obj
 .data          0x202000c0        0x0 CMakeFiles/demo.dir/D_/ti/mspm0_sdk/source/ti/driverlib/dl_rtc_common.c.obj
 .data          0x202000c0        0x0 CMakeFiles/demo.dir/D_/ti/mspm0_sdk/source/ti/driverlib/dl_scratchpad.c.obj
 .data          0x202000c0        0x0 CMakeFiles/demo.dir/D_/ti/mspm0_sdk/source/ti/driverlib/dl_spgss.c.obj
 .data          0x202000c0        0x0 CMakeFiles/demo.dir/D_/ti/mspm0_sdk/source/ti/driverlib/dl_spi.c.obj
 .data          0x202000c0        0x0 CMakeFiles/demo.dir/D_/ti/mspm0_sdk/source/ti/driverlib/dl_tamperio.c.obj
 .data          0x202000c0        0x0 CMakeFiles/demo.dir/D_/ti/mspm0_sdk/source/ti/driverlib/dl_timer.c.obj
 .data          0x202000c0        0x0 CMakeFiles/demo.dir/D_/ti/mspm0_sdk/source/ti/driverlib/dl_timera.c.obj
 .data          0x202000c0        0x0 CMakeFiles/demo.dir/D_/ti/mspm0_sdk/source/ti/driverlib/dl_timerb.c.obj
 .data          0x202000c0        0x0 CMakeFiles/demo.dir/D_/ti/mspm0_sdk/source/ti/driverlib/dl_timerg.c.obj
 .data          0x202000c0        0x0 CMakeFiles/demo.dir/D_/ti/mspm0_sdk/source/ti/driverlib/dl_trng.c.obj
 .data          0x202000c0        0x0 CMakeFiles/demo.dir/D_/ti/mspm0_sdk/source/ti/driverlib/dl_uart.c.obj
 .data          0x202000c0        0x0 CMakeFiles/demo.dir/D_/ti/mspm0_sdk/source/ti/driverlib/dl_unicomm.c.obj
 .data          0x202000c0        0x0 CMakeFiles/demo.dir/D_/ti/mspm0_sdk/source/ti/driverlib/dl_unicommi2cc.c.obj
 .data          0x202000c0        0x0 CMakeFiles/demo.dir/D_/ti/mspm0_sdk/source/ti/driverlib/dl_unicommi2ct.c.obj
 .data          0x202000c0        0x0 CMakeFiles/demo.dir/D_/ti/mspm0_sdk/source/ti/driverlib/dl_unicommspi.c.obj
 .data          0x202000c0        0x0 CMakeFiles/demo.dir/D_/ti/mspm0_sdk/source/ti/driverlib/dl_unicommuart.c.obj
 .data          0x202000c0        0x0 CMakeFiles/demo.dir/D_/ti/mspm0_sdk/source/ti/driverlib/dl_vref.c.obj
 .data          0x202000c0        0x0 CMakeFiles/demo.dir/D_/ti/mspm0_sdk/source/ti/driverlib/dl_wwdt.c.obj
 .data          0x202000c0        0x0 CMakeFiles/demo.dir/D_/ti/mspm0_sdk/source/ti/driverlib/m0p/dl_factoryregion.c.obj
 .data          0x202000c0        0x0 CMakeFiles/demo.dir/D_/ti/mspm0_sdk/source/ti/driverlib/m0p/dl_interrupt.c.obj
 .data          0x202000c0        0x0 CMakeFiles/demo.dir/D_/ti/mspm0_sdk/source/ti/driverlib/m0p/sysctl/dl_sysctl_mspm0c1105_c1106.c.obj
 .data          0x202000c0        0x0 CMakeFiles/demo.dir/D_/ti/mspm0_sdk/source/ti/driverlib/m0p/sysctl/dl_sysctl_mspm0c110x.c.obj
 .data          0x202000c0        0x0 CMakeFiles/demo.dir/D_/ti/mspm0_sdk/source/ti/driverlib/m0p/sysctl/dl_sysctl_mspm0g1x0x_g3x0x.c.obj
 .data          0x202000c0        0x0 CMakeFiles/demo.dir/D_/ti/mspm0_sdk/source/ti/driverlib/m0p/sysctl/dl_sysctl_mspm0g352x.c.obj
 .data          0x202000c0        0x0 CMakeFiles/demo.dir/D_/ti/mspm0_sdk/source/ti/driverlib/m0p/sysctl/dl_sysctl_mspm0g511x.c.obj
 .data          0x202000c0        0x0 CMakeFiles/demo.dir/D_/ti/mspm0_sdk/source/ti/driverlib/m0p/sysctl/dl_sysctl_mspm0g518x.c.obj
 .data          0x202000c0        0x0 CMakeFiles/demo.dir/D_/ti/mspm0_sdk/source/ti/driverlib/m0p/sysctl/dl_sysctl_mspm0gx218_gx207.c.obj
 .data          0x202000c0        0x0 CMakeFiles/demo.dir/D_/ti/mspm0_sdk/source/ti/driverlib/m0p/sysctl/dl_sysctl_mspm0gx51x.c.obj
 .data          0x202000c0        0x0 CMakeFiles/demo.dir/D_/ti/mspm0_sdk/source/ti/driverlib/m0p/sysctl/dl_sysctl_mspm0h321x.c.obj
 .data          0x202000c0        0x0 CMakeFiles/demo.dir/D_/ti/mspm0_sdk/source/ti/driverlib/m0p/sysctl/dl_sysctl_mspm0l111x.c.obj
 .data          0x202000c0        0x0 CMakeFiles/demo.dir/D_/ti/mspm0_sdk/source/ti/driverlib/m0p/sysctl/dl_sysctl_mspm0l11xx_l13xx.c.obj
 .data          0x202000c0        0x0 CMakeFiles/demo.dir/D_/ti/mspm0_sdk/source/ti/driverlib/m0p/sysctl/dl_sysctl_mspm0l122x_l222x.c.obj
 .data          0x202000c0        0x0 CMakeFiles/demo.dir/D_/ti/mspm0_sdk/source/ti/driverlib/m0p/sysctl/dl_sysctl_mspm0l211x_l112x.c.obj
 .data          0x202000c0        0x0 D:/Env/msys2/ucrt64/bin/../lib/gcc/arm-none-eabi/13.3.0/../../../../arm-none-eabi/lib/thumb/v6-m/nofp\libc.a(libc_a-atexit.o)
 .data          0x202000c0        0x0 D:/Env/msys2/ucrt64/bin/../lib/gcc/arm-none-eabi/13.3.0/../../../../arm-none-eabi/lib/thumb/v6-m/nofp\libc.a(libc_a-exit.o)
 .data          0x202000c0        0xc D:/Env/msys2/ucrt64/bin/../lib/gcc/arm-none-eabi/13.3.0/../../../../arm-none-eabi/lib/thumb/v6-m/nofp\libc.a(libc_a-findfp.o)
                0x202000c0                __sglue
 .data          0x202000cc        0x0 D:/Env/msys2/ucrt64/bin/../lib/gcc/arm-none-eabi/13.3.0/../../../../arm-none-eabi/lib/thumb/v6-m/nofp\libc.a(libc_a-fwalk.o)
 .data          0x202000cc        0x0 D:/Env/msys2/ucrt64/bin/../lib/gcc/arm-none-eabi/13.3.0/../../../../arm-none-eabi/lib/thumb/v6-m/nofp\libc.a(libc_a-stdio.o)
 .data          0x202000cc        0x0 D:/Env/msys2/ucrt64/bin/../lib/gcc/arm-none-eabi/13.3.0/../../../../arm-none-eabi/lib/thumb/v6-m/nofp\libc.a(libc_a-memset.o)
 .data          0x202000cc        0x0 D:/Env/msys2/ucrt64/bin/../lib/gcc/arm-none-eabi/13.3.0/../../../../arm-none-eabi/lib/thumb/v6-m/nofp\libc.a(libc_a-closer.o)
 .data          0x202000cc        0x0 D:/Env/msys2/ucrt64/bin/../lib/gcc/arm-none-eabi/13.3.0/../../../../arm-none-eabi/lib/thumb/v6-m/nofp\libc.a(libc_a-reent.o)
 *fill*         0x202000cc        0x4 
 .data          0x202000d0      0x148 D:/Env/msys2/ucrt64/bin/../lib/gcc/arm-none-eabi/13.3.0/../../../../arm-none-eabi/lib/thumb/v6-m/nofp\libc.a(libc_a-impure.o)
                0x202000d0                _impure_ptr
                0x202000d8                _impure_data
 .data          0x20200218        0x0 D:/Env/msys2/ucrt64/bin/../lib/gcc/arm-none-eabi/13.3.0/../../../../arm-none-eabi/lib/thumb/v6-m/nofp\libc.a(libc_a-lseekr.o)
 .data          0x20200218        0x0 D:/Env/msys2/ucrt64/bin/../lib/gcc/arm-none-eabi/13.3.0/../../../../arm-none-eabi/lib/thumb/v6-m/nofp\libc.a(libc_a-readr.o)
 .data          0x20200218        0x0 D:/Env/msys2/ucrt64/bin/../lib/gcc/arm-none-eabi/13.3.0/../../../../arm-none-eabi/lib/thumb/v6-m/nofp\libc.a(libc_a-writer.o)
 .data          0x20200218        0x0 D:/Env/msys2/ucrt64/bin/../lib/gcc/arm-none-eabi/13.3.0/../../../../arm-none-eabi/lib/thumb/v6-m/nofp\libc.a(libc_a-init.o)
 .data          0x20200218        0x0 D:/Env/msys2/ucrt64/bin/../lib/gcc/arm-none-eabi/13.3.0/../../../../arm-none-eabi/lib/thumb/v6-m/nofp\libc.a(libc_a-fini.o)
 .data          0x20200218        0x0 D:/Env/msys2/ucrt64/bin/../lib/gcc/arm-none-eabi/13.3.0/../../../../arm-none-eabi/lib/thumb/v6-m/nofp\libc.a(libc_a-lock.o)
 .data          0x20200218        0x0 D:/Env/msys2/ucrt64/bin/../lib/gcc/arm-none-eabi/13.3.0/../../../../arm-none-eabi/lib/thumb/v6-m/nofp\libc.a(libc_a-memcpy-stub.o)
 .data          0x20200218        0x0 D:/Env/msys2/ucrt64/bin/../lib/gcc/arm-none-eabi/13.3.0/../../../../arm-none-eabi/lib/thumb/v6-m/nofp\libc.a(libc_a-__atexit.o)
 .data          0x20200218        0x4 D:/Env/msys2/ucrt64/bin/../lib/gcc/arm-none-eabi/13.3.0/../../../../arm-none-eabi/lib/thumb/v6-m/nofp\libc.a(libc_a-__call_atexit.o)
                0x20200218                __atexit_recursive_mutex
 .data          0x2020021c        0x0 D:/Env/msys2/ucrt64/bin/../lib/gcc/arm-none-eabi/13.3.0/../../../../arm-none-eabi/lib/thumb/v6-m/nofp\libc.a(libc_a-freer.o)
 *fill*         0x2020021c        0x4 
 .data          0x20200220      0x410 D:/Env/msys2/ucrt64/bin/../lib/gcc/arm-none-eabi/13.3.0/../../../../arm-none-eabi/lib/thumb/v6-m/nofp\libc.a(libc_a-mallocr.o)
                0x20200220                __malloc_sbrk_base
                0x20200224                __malloc_trim_threshold
                0x20200228                __malloc_av_
 .data          0x20200630        0x0 D:/Env/msys2/ucrt64/bin/../lib/gcc/arm-none-eabi/13.3.0/../../../../arm-none-eabi/lib/thumb/v6-m/nofp\libc.a(libc_a-mlock.o)
 .data          0x20200630        0x0 D:/Env/msys2/ucrt64/bin/../lib/gcc/arm-none-eabi/13.3.0/../../../../arm-none-eabi/lib/thumb/v6-m/nofp\libc.a(libc_a-fclose.o)
 .data          0x20200630        0x0 D:/Env/msys2/ucrt64/bin/../lib/gcc/arm-none-eabi/13.3.0/../../../../arm-none-eabi/lib/thumb/v6-m/nofp\libc.a(libc_a-fflush.o)
 .data          0x20200630        0x0 D:/Env/msys2/ucrt64/bin/../lib/gcc/arm-none-eabi/13.3.0/../../../../arm-none-eabi/lib/thumb/v6-m/nofp\libc.a(libc_a-sbrkr.o)
 .data          0x20200630        0x0 D:/Env/msys2/ucrt64/bin/../lib/gcc/arm-none-eabi/13.3.0/../../../../arm-none-eabi/lib/thumb/v6-m/nofp\libc.a(libc_a-sysconf.o)
 .data          0x20200630        0x0 D:/Env/msys2/ucrt64/bin/../lib/gcc/arm-none-eabi/13.3.0/../../../../arm-none-eabi/lib/thumb/v6-m/nofp\libc.a(libc_a-errno.o)
 .data          0x20200630        0x0 D:/Env/msys2/ucrt64/bin/../lib/gcc/arm-none-eabi/13.3.0/../../../../arm-none-eabi/lib/thumb/v6-m/nofp\libnosys.a(close.o)
 .data          0x20200630        0x0 D:/Env/msys2/ucrt64/bin/../lib/gcc/arm-none-eabi/13.3.0/../../../../arm-none-eabi/lib/thumb/v6-m/nofp\libnosys.a(lseek.o)
 .data          0x20200630        0x0 D:/Env/msys2/ucrt64/bin/../lib/gcc/arm-none-eabi/13.3.0/../../../../arm-none-eabi/lib/thumb/v6-m/nofp\libnosys.a(read.o)
 .data          0x20200630        0x0 D:/Env/msys2/ucrt64/bin/../lib/gcc/arm-none-eabi/13.3.0/../../../../arm-none-eabi/lib/thumb/v6-m/nofp\libnosys.a(sbrk.o)
 .data          0x20200630        0x0 D:/Env/msys2/ucrt64/bin/../lib/gcc/arm-none-eabi/13.3.0/../../../../arm-none-eabi/lib/thumb/v6-m/nofp\libnosys.a(write.o)
 .data          0x20200630        0x0 D:/Env/msys2/ucrt64/bin/../lib/gcc/arm-none-eabi/13.3.0/../../../../arm-none-eabi/lib/thumb/v6-m/nofp\libnosys.a(_exit.o)
 .data          0x20200630        0x0 D:/Env/msys2/ucrt64/bin/../lib/gcc/arm-none-eabi/13.3.0/thumb/v6-m/nofp\libgcc.a(_udivsi3.o)
 .data          0x20200630        0x0 D:/Env/msys2/ucrt64/bin/../lib/gcc/arm-none-eabi/13.3.0/thumb/v6-m/nofp\libgcc.a(_dvmd_tls.o)
 .data          0x20200630        0x0 D:/Env/msys2/ucrt64/bin/../lib/gcc/arm-none-eabi/13.3.0/thumb/v6-m/nofp/crtend.o
 .data          0x20200630        0x0 D:/Env/msys2/ucrt64/bin/../lib/gcc/arm-none-eabi/13.3.0/thumb/v6-m/nofp/crtn.o
 *(.data*)
 .data.__dso_handle
                0x20200630        0x4 D:/Env/msys2/ucrt64/bin/../lib/gcc/arm-none-eabi/13.3.0/thumb/v6-m/nofp/crtbegin.o
                0x20200630                __dso_handle
                0x20200638                        . = ALIGN (0x8)
 *fill*         0x20200634        0x4 
                0x20200638                        __data_end__ = .

.igot.plt       0x20200638        0x0 load address 0x00001fa8
 .igot.plt      0x20200638        0x0 D:/Env/msys2/ucrt64/bin/../lib/gcc/arm-none-eabi/13.3.0/thumb/v6-m/nofp/crtbegin.o

.bss            0x20200638      0x348
                0x20200638                        __bss_start__ = .
 *(.shbss)
 *(.bss)
 .bss           0x20200638        0x0 D:/Env/msys2/ucrt64/bin/../lib/gcc/arm-none-eabi/13.3.0/thumb/v6-m/nofp/crti.o
 .bss           0x20200638        0x0 D:/Env/msys2/ucrt64/bin/../lib/gcc/arm-none-eabi/13.3.0/thumb/v6-m/nofp/crtbegin.o
 .bss           0x20200638        0x0 D:/Env/msys2/ucrt64/bin/../lib/gcc/arm-none-eabi/13.3.0/../../../../arm-none-eabi/lib/thumb/v6-m/nofp/crt0.o
 .bss           0x20200638        0x0 CMakeFiles/demo.dir/main.c.obj
 .bss           0x20200638        0x0 CMakeFiles/demo.dir/ti_msp_dl_config.c.obj
 .bss           0x20200638        0x0 CMakeFiles/demo.dir/D_/ti/mspm0_sdk/source/ti/devices/msp/m0p/startup_system_files/gcc/startup_mspm0g350x_gcc.c.obj
 .bss           0x20200638        0x0 CMakeFiles/demo.dir/D_/ti/mspm0_sdk/source/ti/driverlib/dl_adc12.c.obj
 .bss           0x20200638        0x0 CMakeFiles/demo.dir/D_/ti/mspm0_sdk/source/ti/driverlib/dl_aes.c.obj
 .bss           0x20200638        0x0 CMakeFiles/demo.dir/D_/ti/mspm0_sdk/source/ti/driverlib/dl_aesadv.c.obj
 .bss           0x20200638        0x0 CMakeFiles/demo.dir/D_/ti/mspm0_sdk/source/ti/driverlib/dl_common.c.obj
 .bss           0x20200638        0x0 CMakeFiles/demo.dir/D_/ti/mspm0_sdk/source/ti/driverlib/dl_comp.c.obj
 .bss           0x20200638        0x0 CMakeFiles/demo.dir/D_/ti/mspm0_sdk/source/ti/driverlib/dl_crc.c.obj
 .bss           0x20200638        0x0 CMakeFiles/demo.dir/D_/ti/mspm0_sdk/source/ti/driverlib/dl_crcp.c.obj
 .bss           0x20200638        0x0 CMakeFiles/demo.dir/D_/ti/mspm0_sdk/source/ti/driverlib/dl_dac12.c.obj
 .bss           0x20200638        0x0 CMakeFiles/demo.dir/D_/ti/mspm0_sdk/source/ti/driverlib/dl_dma.c.obj
 .bss           0x20200638        0x0 CMakeFiles/demo.dir/D_/ti/mspm0_sdk/source/ti/driverlib/dl_flashctl.c.obj
 .bss           0x20200638        0x0 CMakeFiles/demo.dir/D_/ti/mspm0_sdk/source/ti/driverlib/dl_gpamp.c.obj
 .bss           0x20200638        0x0 CMakeFiles/demo.dir/D_/ti/mspm0_sdk/source/ti/driverlib/dl_gpio.c.obj
 .bss           0x20200638        0x0 CMakeFiles/demo.dir/D_/ti/mspm0_sdk/source/ti/driverlib/dl_i2c.c.obj
 .bss           0x20200638        0x0 CMakeFiles/demo.dir/D_/ti/mspm0_sdk/source/ti/driverlib/dl_i2s.c.obj
 .bss           0x20200638        0x0 CMakeFiles/demo.dir/D_/ti/mspm0_sdk/source/ti/driverlib/dl_iwdt.c.obj
 .bss           0x20200638        0x0 CMakeFiles/demo.dir/D_/ti/mspm0_sdk/source/ti/driverlib/dl_keystorectl.c.obj
 .bss           0x20200638        0x0 CMakeFiles/demo.dir/D_/ti/mspm0_sdk/source/ti/driverlib/dl_lcd.c.obj
 .bss           0x20200638        0x0 CMakeFiles/demo.dir/D_/ti/mspm0_sdk/source/ti/driverlib/dl_lfss.c.obj
 .bss           0x20200638        0x0 CMakeFiles/demo.dir/D_/ti/mspm0_sdk/source/ti/driverlib/dl_mathacl.c.obj
 .bss           0x20200638        0x0 CMakeFiles/demo.dir/D_/ti/mspm0_sdk/source/ti/driverlib/dl_mcan.c.obj
 .bss           0x20200638        0x0 CMakeFiles/demo.dir/D_/ti/mspm0_sdk/source/ti/driverlib/dl_npu.c.obj
 .bss           0x20200638        0x0 CMakeFiles/demo.dir/D_/ti/mspm0_sdk/source/ti/driverlib/dl_opa.c.obj
 .bss           0x20200638        0x0 CMakeFiles/demo.dir/D_/ti/mspm0_sdk/source/ti/driverlib/dl_rtc.c.obj
 .bss           0x20200638        0x0 CMakeFiles/demo.dir/D_/ti/mspm0_sdk/source/ti/driverlib/dl_rtc_a.c.obj
 .bss           0x20200638        0x0 CMakeFiles/demo.dir/D_/ti/mspm0_sdk/source/ti/driverlib/dl_rtc_b.c.obj
 .bss           0x20200638        0x0 CMakeFiles/demo.dir/D_/ti/mspm0_sdk/source/ti/driverlib/dl_rtc_common.c.obj
 .bss           0x20200638        0x0 CMakeFiles/demo.dir/D_/ti/mspm0_sdk/source/ti/driverlib/dl_scratchpad.c.obj
 .bss           0x20200638        0x0 CMakeFiles/demo.dir/D_/ti/mspm0_sdk/source/ti/driverlib/dl_spgss.c.obj
 .bss           0x20200638        0x0 CMakeFiles/demo.dir/D_/ti/mspm0_sdk/source/ti/driverlib/dl_spi.c.obj
 .bss           0x20200638        0x0 CMakeFiles/demo.dir/D_/ti/mspm0_sdk/source/ti/driverlib/dl_tamperio.c.obj
 .bss           0x20200638        0x0 CMakeFiles/demo.dir/D_/ti/mspm0_sdk/source/ti/driverlib/dl_timer.c.obj
 .bss           0x20200638        0x0 CMakeFiles/demo.dir/D_/ti/mspm0_sdk/source/ti/driverlib/dl_timera.c.obj
 .bss           0x20200638        0x0 CMakeFiles/demo.dir/D_/ti/mspm0_sdk/source/ti/driverlib/dl_timerb.c.obj
 .bss           0x20200638        0x0 CMakeFiles/demo.dir/D_/ti/mspm0_sdk/source/ti/driverlib/dl_timerg.c.obj
 .bss           0x20200638        0x0 CMakeFiles/demo.dir/D_/ti/mspm0_sdk/source/ti/driverlib/dl_trng.c.obj
 .bss           0x20200638        0x0 CMakeFiles/demo.dir/D_/ti/mspm0_sdk/source/ti/driverlib/dl_uart.c.obj
 .bss           0x20200638        0x0 CMakeFiles/demo.dir/D_/ti/mspm0_sdk/source/ti/driverlib/dl_unicomm.c.obj
 .bss           0x20200638        0x0 CMakeFiles/demo.dir/D_/ti/mspm0_sdk/source/ti/driverlib/dl_unicommi2cc.c.obj
 .bss           0x20200638        0x0 CMakeFiles/demo.dir/D_/ti/mspm0_sdk/source/ti/driverlib/dl_unicommi2ct.c.obj
 .bss           0x20200638        0x0 CMakeFiles/demo.dir/D_/ti/mspm0_sdk/source/ti/driverlib/dl_unicommspi.c.obj
 .bss           0x20200638        0x0 CMakeFiles/demo.dir/D_/ti/mspm0_sdk/source/ti/driverlib/dl_unicommuart.c.obj
 .bss           0x20200638        0x0 CMakeFiles/demo.dir/D_/ti/mspm0_sdk/source/ti/driverlib/dl_vref.c.obj
 .bss           0x20200638        0x0 CMakeFiles/demo.dir/D_/ti/mspm0_sdk/source/ti/driverlib/dl_wwdt.c.obj
 .bss           0x20200638        0x0 CMakeFiles/demo.dir/D_/ti/mspm0_sdk/source/ti/driverlib/m0p/dl_factoryregion.c.obj
 .bss           0x20200638        0x0 CMakeFiles/demo.dir/D_/ti/mspm0_sdk/source/ti/driverlib/m0p/dl_interrupt.c.obj
 .bss           0x20200638        0x0 CMakeFiles/demo.dir/D_/ti/mspm0_sdk/source/ti/driverlib/m0p/sysctl/dl_sysctl_mspm0c1105_c1106.c.obj
 .bss           0x20200638        0x0 CMakeFiles/demo.dir/D_/ti/mspm0_sdk/source/ti/driverlib/m0p/sysctl/dl_sysctl_mspm0c110x.c.obj
 .bss           0x20200638        0x0 CMakeFiles/demo.dir/D_/ti/mspm0_sdk/source/ti/driverlib/m0p/sysctl/dl_sysctl_mspm0g1x0x_g3x0x.c.obj
 .bss           0x20200638        0x0 CMakeFiles/demo.dir/D_/ti/mspm0_sdk/source/ti/driverlib/m0p/sysctl/dl_sysctl_mspm0g352x.c.obj
 .bss           0x20200638        0x0 CMakeFiles/demo.dir/D_/ti/mspm0_sdk/source/ti/driverlib/m0p/sysctl/dl_sysctl_mspm0g511x.c.obj
 .bss           0x20200638        0x0 CMakeFiles/demo.dir/D_/ti/mspm0_sdk/source/ti/driverlib/m0p/sysctl/dl_sysctl_mspm0g518x.c.obj
 .bss           0x20200638        0x0 CMakeFiles/demo.dir/D_/ti/mspm0_sdk/source/ti/driverlib/m0p/sysctl/dl_sysctl_mspm0gx218_gx207.c.obj
 .bss           0x20200638        0x0 CMakeFiles/demo.dir/D_/ti/mspm0_sdk/source/ti/driverlib/m0p/sysctl/dl_sysctl_mspm0gx51x.c.obj
 .bss           0x20200638        0x0 CMakeFiles/demo.dir/D_/ti/mspm0_sdk/source/ti/driverlib/m0p/sysctl/dl_sysctl_mspm0h321x.c.obj
 .bss           0x20200638        0x0 CMakeFiles/demo.dir/D_/ti/mspm0_sdk/source/ti/driverlib/m0p/sysctl/dl_sysctl_mspm0l111x.c.obj
 .bss           0x20200638        0x0 CMakeFiles/demo.dir/D_/ti/mspm0_sdk/source/ti/driverlib/m0p/sysctl/dl_sysctl_mspm0l11xx_l13xx.c.obj
 .bss           0x20200638        0x0 CMakeFiles/demo.dir/D_/ti/mspm0_sdk/source/ti/driverlib/m0p/sysctl/dl_sysctl_mspm0l122x_l222x.c.obj
 .bss           0x20200638        0x0 CMakeFiles/demo.dir/D_/ti/mspm0_sdk/source/ti/driverlib/m0p/sysctl/dl_sysctl_mspm0l211x_l112x.c.obj
 .bss           0x20200638        0x0 D:/Env/msys2/ucrt64/bin/../lib/gcc/arm-none-eabi/13.3.0/../../../../arm-none-eabi/lib/thumb/v6-m/nofp\libc.a(libc_a-atexit.o)
 .bss           0x20200638        0x0 D:/Env/msys2/ucrt64/bin/../lib/gcc/arm-none-eabi/13.3.0/../../../../arm-none-eabi/lib/thumb/v6-m/nofp\libc.a(libc_a-exit.o)
 .bss           0x20200638      0x13c D:/Env/msys2/ucrt64/bin/../lib/gcc/arm-none-eabi/13.3.0/../../../../arm-none-eabi/lib/thumb/v6-m/nofp\libc.a(libc_a-findfp.o)
                0x20200638                __stdio_exit_handler
                0x2020063c                __sf
 .bss           0x20200774        0x0 D:/Env/msys2/ucrt64/bin/../lib/gcc/arm-none-eabi/13.3.0/../../../../arm-none-eabi/lib/thumb/v6-m/nofp\libc.a(libc_a-fwalk.o)
 .bss           0x20200774        0x0 D:/Env/msys2/ucrt64/bin/../lib/gcc/arm-none-eabi/13.3.0/../../../../arm-none-eabi/lib/thumb/v6-m/nofp\libc.a(libc_a-stdio.o)
 .bss           0x20200774        0x0 D:/Env/msys2/ucrt64/bin/../lib/gcc/arm-none-eabi/13.3.0/../../../../arm-none-eabi/lib/thumb/v6-m/nofp\libc.a(libc_a-memset.o)
 .bss           0x20200774        0x0 D:/Env/msys2/ucrt64/bin/../lib/gcc/arm-none-eabi/13.3.0/../../../../arm-none-eabi/lib/thumb/v6-m/nofp\libc.a(libc_a-closer.o)
 .bss           0x20200774        0x4 D:/Env/msys2/ucrt64/bin/../lib/gcc/arm-none-eabi/13.3.0/../../../../arm-none-eabi/lib/thumb/v6-m/nofp\libc.a(libc_a-reent.o)
                0x20200774                errno
 .bss           0x20200778        0x0 D:/Env/msys2/ucrt64/bin/../lib/gcc/arm-none-eabi/13.3.0/../../../../arm-none-eabi/lib/thumb/v6-m/nofp\libc.a(libc_a-impure.o)
 .bss           0x20200778        0x0 D:/Env/msys2/ucrt64/bin/../lib/gcc/arm-none-eabi/13.3.0/../../../../arm-none-eabi/lib/thumb/v6-m/nofp\libc.a(libc_a-lseekr.o)
 .bss           0x20200778        0x0 D:/Env/msys2/ucrt64/bin/../lib/gcc/arm-none-eabi/13.3.0/../../../../arm-none-eabi/lib/thumb/v6-m/nofp\libc.a(libc_a-readr.o)
 .bss           0x20200778        0x0 D:/Env/msys2/ucrt64/bin/../lib/gcc/arm-none-eabi/13.3.0/../../../../arm-none-eabi/lib/thumb/v6-m/nofp\libc.a(libc_a-writer.o)
 .bss           0x20200778        0x0 D:/Env/msys2/ucrt64/bin/../lib/gcc/arm-none-eabi/13.3.0/../../../../arm-none-eabi/lib/thumb/v6-m/nofp\libc.a(libc_a-init.o)
 .bss           0x20200778        0x0 D:/Env/msys2/ucrt64/bin/../lib/gcc/arm-none-eabi/13.3.0/../../../../arm-none-eabi/lib/thumb/v6-m/nofp\libc.a(libc_a-fini.o)
 .bss           0x20200778       0x1d D:/Env/msys2/ucrt64/bin/../lib/gcc/arm-none-eabi/13.3.0/../../../../arm-none-eabi/lib/thumb/v6-m/nofp\libc.a(libc_a-lock.o)
                0x20200778                __lock___arc4random_mutex
                0x2020077c                __lock___dd_hash_mutex
                0x20200780                __lock___tz_mutex
                0x20200784                __lock___env_recursive_mutex
                0x20200788                __lock___malloc_recursive_mutex
                0x2020078c                __lock___at_quick_exit_mutex
                0x20200790                __lock___atexit_recursive_mutex
                0x20200794                __lock___sfp_recursive_mutex
 .bss           0x20200795        0x0 D:/Env/msys2/ucrt64/bin/../lib/gcc/arm-none-eabi/13.3.0/../../../../arm-none-eabi/lib/thumb/v6-m/nofp\libc.a(libc_a-memcpy-stub.o)
 *fill*         0x20200795        0x3 
 .bss           0x20200798      0x190 D:/Env/msys2/ucrt64/bin/../lib/gcc/arm-none-eabi/13.3.0/../../../../arm-none-eabi/lib/thumb/v6-m/nofp\libc.a(libc_a-__atexit.o)
                0x20200798                __atexit0
 .bss           0x20200928        0x4 D:/Env/msys2/ucrt64/bin/../lib/gcc/arm-none-eabi/13.3.0/../../../../arm-none-eabi/lib/thumb/v6-m/nofp\libc.a(libc_a-__call_atexit.o)
                0x20200928                __atexit
 .bss           0x2020092c        0x0 D:/Env/msys2/ucrt64/bin/../lib/gcc/arm-none-eabi/13.3.0/../../../../arm-none-eabi/lib/thumb/v6-m/nofp\libc.a(libc_a-freer.o)
 .bss           0x2020092c       0x34 D:/Env/msys2/ucrt64/bin/../lib/gcc/arm-none-eabi/13.3.0/../../../../arm-none-eabi/lib/thumb/v6-m/nofp\libc.a(libc_a-mallocr.o)
                0x2020092c                __malloc_top_pad
                0x20200930                __malloc_current_mallinfo
                0x20200958                __malloc_max_sbrked_mem
                0x2020095c                __malloc_max_total_mem
 .bss           0x20200960        0x0 D:/Env/msys2/ucrt64/bin/../lib/gcc/arm-none-eabi/13.3.0/../../../../arm-none-eabi/lib/thumb/v6-m/nofp\libc.a(libc_a-mlock.o)
 .bss           0x20200960        0x0 D:/Env/msys2/ucrt64/bin/../lib/gcc/arm-none-eabi/13.3.0/../../../../arm-none-eabi/lib/thumb/v6-m/nofp\libc.a(libc_a-fclose.o)
 .bss           0x20200960        0x0 D:/Env/msys2/ucrt64/bin/../lib/gcc/arm-none-eabi/13.3.0/../../../../arm-none-eabi/lib/thumb/v6-m/nofp\libc.a(libc_a-fflush.o)
 .bss           0x20200960        0x0 D:/Env/msys2/ucrt64/bin/../lib/gcc/arm-none-eabi/13.3.0/../../../../arm-none-eabi/lib/thumb/v6-m/nofp\libc.a(libc_a-sbrkr.o)
 .bss           0x20200960        0x0 D:/Env/msys2/ucrt64/bin/../lib/gcc/arm-none-eabi/13.3.0/../../../../arm-none-eabi/lib/thumb/v6-m/nofp\libc.a(libc_a-sysconf.o)
 .bss           0x20200960        0x0 D:/Env/msys2/ucrt64/bin/../lib/gcc/arm-none-eabi/13.3.0/../../../../arm-none-eabi/lib/thumb/v6-m/nofp\libc.a(libc_a-errno.o)
 .bss           0x20200960        0x0 D:/Env/msys2/ucrt64/bin/../lib/gcc/arm-none-eabi/13.3.0/../../../../arm-none-eabi/lib/thumb/v6-m/nofp\libnosys.a(close.o)
 .bss           0x20200960        0x0 D:/Env/msys2/ucrt64/bin/../lib/gcc/arm-none-eabi/13.3.0/../../../../arm-none-eabi/lib/thumb/v6-m/nofp\libnosys.a(lseek.o)
 .bss           0x20200960        0x0 D:/Env/msys2/ucrt64/bin/../lib/gcc/arm-none-eabi/13.3.0/../../../../arm-none-eabi/lib/thumb/v6-m/nofp\libnosys.a(read.o)
 .bss           0x20200960        0x4 D:/Env/msys2/ucrt64/bin/../lib/gcc/arm-none-eabi/13.3.0/../../../../arm-none-eabi/lib/thumb/v6-m/nofp\libnosys.a(sbrk.o)
 .bss           0x20200964        0x0 D:/Env/msys2/ucrt64/bin/../lib/gcc/arm-none-eabi/13.3.0/../../../../arm-none-eabi/lib/thumb/v6-m/nofp\libnosys.a(write.o)
 .bss           0x20200964        0x0 D:/Env/msys2/ucrt64/bin/../lib/gcc/arm-none-eabi/13.3.0/../../../../arm-none-eabi/lib/thumb/v6-m/nofp\libnosys.a(_exit.o)
 .bss           0x20200964        0x0 D:/Env/msys2/ucrt64/bin/../lib/gcc/arm-none-eabi/13.3.0/thumb/v6-m/nofp\libgcc.a(_udivsi3.o)
 .bss           0x20200964        0x0 D:/Env/msys2/ucrt64/bin/../lib/gcc/arm-none-eabi/13.3.0/thumb/v6-m/nofp\libgcc.a(_dvmd_tls.o)
 .bss           0x20200964        0x0 D:/Env/msys2/ucrt64/bin/../lib/gcc/arm-none-eabi/13.3.0/thumb/v6-m/nofp/crtend.o
 .bss           0x20200964        0x0 D:/Env/msys2/ucrt64/bin/../lib/gcc/arm-none-eabi/13.3.0/thumb/v6-m/nofp/crtn.o
 *(.bss.*)
 .bss.completed.1
                0x20200964        0x1 D:/Env/msys2/ucrt64/bin/../lib/gcc/arm-none-eabi/13.3.0/thumb/v6-m/nofp/crtbegin.o
 *fill*         0x20200965        0x3 
 .bss.object.0  0x20200968       0x18 D:/Env/msys2/ucrt64/bin/../lib/gcc/arm-none-eabi/13.3.0/thumb/v6-m/nofp/crtbegin.o
 *(COMMON)
                0x20200980                        . = ALIGN (0x8)
                0x20200980                        __bss_end__ = .

.noinit         0x20200980        0x0
 *(*.noinit*)
                0x20200980                        . = ALIGN (0x8)

.heap           0x20200980        0x0
                0x20200980                        __heap_start__ = .
                0x20200980                        end = __heap_start__
                0x20200980                        _end = end
                0x20200980                        __end = end
 *(.heap)
                0x20200980                        __heap_end__ = .
                0x20200980                        __HeapLimit = __heap_end__

.stack          0x20200980        0x0
                0x20200980                        _stack = .
 *(.stack)

.BCRConfig
 *(.BCRConfig)

.BSLConfig
 *(.BSLConfig)
                0x20208000                        __StackTop = (ORIGIN (REGION_STACK) + LENGTH (REGION_STACK))
                0x20208000                        PROVIDE (__stack = __StackTop)
OUTPUT(demo.elf elf32-littlearm)
LOAD linker stubs

.ARM.attributes
                0x00000000       0x28
 .ARM.attributes
                0x00000000       0x1e D:/Env/msys2/ucrt64/bin/../lib/gcc/arm-none-eabi/13.3.0/thumb/v6-m/nofp/crti.o
 .ARM.attributes
                0x0000001e       0x2c D:/Env/msys2/ucrt64/bin/../lib/gcc/arm-none-eabi/13.3.0/thumb/v6-m/nofp/crtbegin.o
 .ARM.attributes
                0x0000004a       0x1b D:/Env/msys2/ucrt64/bin/../lib/gcc/arm-none-eabi/13.3.0/../../../../arm-none-eabi/lib/thumb/v6-m/nofp/crt0.o
 .ARM.attributes
                0x00000065       0x2c CMakeFiles/demo.dir/main.c.obj
 .ARM.attributes
                0x00000091       0x2c CMakeFiles/demo.dir/ti_msp_dl_config.c.obj
 .ARM.attributes
                0x000000bd       0x2c CMakeFiles/demo.dir/D_/ti/mspm0_sdk/source/ti/devices/msp/m0p/startup_system_files/gcc/startup_mspm0g350x_gcc.c.obj
 .ARM.attributes
                0x000000e9       0x2c CMakeFiles/demo.dir/D_/ti/mspm0_sdk/source/ti/driverlib/dl_adc12.c.obj
 .ARM.attributes
                0x00000115       0x2c CMakeFiles/demo.dir/D_/ti/mspm0_sdk/source/ti/driverlib/dl_aes.c.obj
 .ARM.attributes
                0x00000141       0x2c CMakeFiles/demo.dir/D_/ti/mspm0_sdk/source/ti/driverlib/dl_aesadv.c.obj
 .ARM.attributes
                0x0000016d       0x2c CMakeFiles/demo.dir/D_/ti/mspm0_sdk/source/ti/driverlib/dl_common.c.obj
 .ARM.attributes
                0x00000199       0x2c CMakeFiles/demo.dir/D_/ti/mspm0_sdk/source/ti/driverlib/dl_comp.c.obj
 .ARM.attributes
                0x000001c5       0x2c CMakeFiles/demo.dir/D_/ti/mspm0_sdk/source/ti/driverlib/dl_crc.c.obj
 .ARM.attributes
                0x000001f1       0x2c CMakeFiles/demo.dir/D_/ti/mspm0_sdk/source/ti/driverlib/dl_crcp.c.obj
 .ARM.attributes
                0x0000021d       0x2c CMakeFiles/demo.dir/D_/ti/mspm0_sdk/source/ti/driverlib/dl_dac12.c.obj
 .ARM.attributes
                0x00000249       0x2c CMakeFiles/demo.dir/D_/ti/mspm0_sdk/source/ti/driverlib/dl_dma.c.obj
 .ARM.attributes
                0x00000275       0x2c CMakeFiles/demo.dir/D_/ti/mspm0_sdk/source/ti/driverlib/dl_flashctl.c.obj
 .ARM.attributes
                0x000002a1       0x2c CMakeFiles/demo.dir/D_/ti/mspm0_sdk/source/ti/driverlib/dl_gpamp.c.obj
 .ARM.attributes
                0x000002cd       0x2c CMakeFiles/demo.dir/D_/ti/mspm0_sdk/source/ti/driverlib/dl_gpio.c.obj
 .ARM.attributes
                0x000002f9       0x2c CMakeFiles/demo.dir/D_/ti/mspm0_sdk/source/ti/driverlib/dl_i2c.c.obj
 .ARM.attributes
                0x00000325       0x2c CMakeFiles/demo.dir/D_/ti/mspm0_sdk/source/ti/driverlib/dl_i2s.c.obj
 .ARM.attributes
                0x00000351       0x2c CMakeFiles/demo.dir/D_/ti/mspm0_sdk/source/ti/driverlib/dl_iwdt.c.obj
 .ARM.attributes
                0x0000037d       0x2c CMakeFiles/demo.dir/D_/ti/mspm0_sdk/source/ti/driverlib/dl_keystorectl.c.obj
 .ARM.attributes
                0x000003a9       0x2c CMakeFiles/demo.dir/D_/ti/mspm0_sdk/source/ti/driverlib/dl_lcd.c.obj
 .ARM.attributes
                0x000003d5       0x2c CMakeFiles/demo.dir/D_/ti/mspm0_sdk/source/ti/driverlib/dl_lfss.c.obj
 .ARM.attributes
                0x00000401       0x2c CMakeFiles/demo.dir/D_/ti/mspm0_sdk/source/ti/driverlib/dl_mathacl.c.obj
 .ARM.attributes
                0x0000042d       0x2c CMakeFiles/demo.dir/D_/ti/mspm0_sdk/source/ti/driverlib/dl_mcan.c.obj
 .ARM.attributes
                0x00000459       0x2c CMakeFiles/demo.dir/D_/ti/mspm0_sdk/source/ti/driverlib/dl_npu.c.obj
 .ARM.attributes
                0x00000485       0x2c CMakeFiles/demo.dir/D_/ti/mspm0_sdk/source/ti/driverlib/dl_opa.c.obj
 .ARM.attributes
                0x000004b1       0x2c CMakeFiles/demo.dir/D_/ti/mspm0_sdk/source/ti/driverlib/dl_rtc.c.obj
 .ARM.attributes
                0x000004dd       0x2c CMakeFiles/demo.dir/D_/ti/mspm0_sdk/source/ti/driverlib/dl_rtc_a.c.obj
 .ARM.attributes
                0x00000509       0x2c CMakeFiles/demo.dir/D_/ti/mspm0_sdk/source/ti/driverlib/dl_rtc_b.c.obj
 .ARM.attributes
                0x00000535       0x2c CMakeFiles/demo.dir/D_/ti/mspm0_sdk/source/ti/driverlib/dl_rtc_common.c.obj
 .ARM.attributes
                0x00000561       0x2c CMakeFiles/demo.dir/D_/ti/mspm0_sdk/source/ti/driverlib/dl_scratchpad.c.obj
 .ARM.attributes
                0x0000058d       0x2c CMakeFiles/demo.dir/D_/ti/mspm0_sdk/source/ti/driverlib/dl_spgss.c.obj
 .ARM.attributes
                0x000005b9       0x2c CMakeFiles/demo.dir/D_/ti/mspm0_sdk/source/ti/driverlib/dl_spi.c.obj
 .ARM.attributes
                0x000005e5       0x2c CMakeFiles/demo.dir/D_/ti/mspm0_sdk/source/ti/driverlib/dl_tamperio.c.obj
 .ARM.attributes
                0x00000611       0x2c CMakeFiles/demo.dir/D_/ti/mspm0_sdk/source/ti/driverlib/dl_timer.c.obj
 .ARM.attributes
                0x0000063d       0x2c CMakeFiles/demo.dir/D_/ti/mspm0_sdk/source/ti/driverlib/dl_timera.c.obj
 .ARM.attributes
                0x00000669       0x2c CMakeFiles/demo.dir/D_/ti/mspm0_sdk/source/ti/driverlib/dl_timerb.c.obj
 .ARM.attributes
                0x00000695       0x2c CMakeFiles/demo.dir/D_/ti/mspm0_sdk/source/ti/driverlib/dl_timerg.c.obj
 .ARM.attributes
                0x000006c1       0x2c CMakeFiles/demo.dir/D_/ti/mspm0_sdk/source/ti/driverlib/dl_trng.c.obj
 .ARM.attributes
                0x000006ed       0x2c CMakeFiles/demo.dir/D_/ti/mspm0_sdk/source/ti/driverlib/dl_uart.c.obj
 .ARM.attributes
                0x00000719       0x2c CMakeFiles/demo.dir/D_/ti/mspm0_sdk/source/ti/driverlib/dl_unicomm.c.obj
 .ARM.attributes
                0x00000745       0x2c CMakeFiles/demo.dir/D_/ti/mspm0_sdk/source/ti/driverlib/dl_unicommi2cc.c.obj
 .ARM.attributes
                0x00000771       0x2c CMakeFiles/demo.dir/D_/ti/mspm0_sdk/source/ti/driverlib/dl_unicommi2ct.c.obj
 .ARM.attributes
                0x0000079d       0x2c CMakeFiles/demo.dir/D_/ti/mspm0_sdk/source/ti/driverlib/dl_unicommspi.c.obj
 .ARM.attributes
                0x000007c9       0x2c CMakeFiles/demo.dir/D_/ti/mspm0_sdk/source/ti/driverlib/dl_unicommuart.c.obj
 .ARM.attributes
                0x000007f5       0x2c CMakeFiles/demo.dir/D_/ti/mspm0_sdk/source/ti/driverlib/dl_vref.c.obj
 .ARM.attributes
                0x00000821       0x2c CMakeFiles/demo.dir/D_/ti/mspm0_sdk/source/ti/driverlib/dl_wwdt.c.obj
 .ARM.attributes
                0x0000084d       0x2c CMakeFiles/demo.dir/D_/ti/mspm0_sdk/source/ti/driverlib/m0p/dl_factoryregion.c.obj
 .ARM.attributes
                0x00000879       0x2c CMakeFiles/demo.dir/D_/ti/mspm0_sdk/source/ti/driverlib/m0p/dl_interrupt.c.obj
 .ARM.attributes
                0x000008a5       0x2c CMakeFiles/demo.dir/D_/ti/mspm0_sdk/source/ti/driverlib/m0p/sysctl/dl_sysctl_mspm0c1105_c1106.c.obj
 .ARM.attributes
                0x000008d1       0x2c CMakeFiles/demo.dir/D_/ti/mspm0_sdk/source/ti/driverlib/m0p/sysctl/dl_sysctl_mspm0c110x.c.obj
 .ARM.attributes
                0x000008fd       0x2c CMakeFiles/demo.dir/D_/ti/mspm0_sdk/source/ti/driverlib/m0p/sysctl/dl_sysctl_mspm0g1x0x_g3x0x.c.obj
 .ARM.attributes
                0x00000929       0x2c CMakeFiles/demo.dir/D_/ti/mspm0_sdk/source/ti/driverlib/m0p/sysctl/dl_sysctl_mspm0g352x.c.obj
 .ARM.attributes
                0x00000955       0x2c CMakeFiles/demo.dir/D_/ti/mspm0_sdk/source/ti/driverlib/m0p/sysctl/dl_sysctl_mspm0g511x.c.obj
 .ARM.attributes
                0x00000981       0x2c CMakeFiles/demo.dir/D_/ti/mspm0_sdk/source/ti/driverlib/m0p/sysctl/dl_sysctl_mspm0g518x.c.obj
 .ARM.attributes
                0x000009ad       0x2c CMakeFiles/demo.dir/D_/ti/mspm0_sdk/source/ti/driverlib/m0p/sysctl/dl_sysctl_mspm0gx218_gx207.c.obj
 .ARM.attributes
                0x000009d9       0x2c CMakeFiles/demo.dir/D_/ti/mspm0_sdk/source/ti/driverlib/m0p/sysctl/dl_sysctl_mspm0gx51x.c.obj
 .ARM.attributes
                0x00000a05       0x2c CMakeFiles/demo.dir/D_/ti/mspm0_sdk/source/ti/driverlib/m0p/sysctl/dl_sysctl_mspm0h321x.c.obj
 .ARM.attributes
                0x00000a31       0x2c CMakeFiles/demo.dir/D_/ti/mspm0_sdk/source/ti/driverlib/m0p/sysctl/dl_sysctl_mspm0l111x.c.obj
 .ARM.attributes
                0x00000a5d       0x2c CMakeFiles/demo.dir/D_/ti/mspm0_sdk/source/ti/driverlib/m0p/sysctl/dl_sysctl_mspm0l11xx_l13xx.c.obj
 .ARM.attributes
                0x00000a89       0x2c CMakeFiles/demo.dir/D_/ti/mspm0_sdk/source/ti/driverlib/m0p/sysctl/dl_sysctl_mspm0l122x_l222x.c.obj
 .ARM.attributes
                0x00000ab5       0x2c CMakeFiles/demo.dir/D_/ti/mspm0_sdk/source/ti/driverlib/m0p/sysctl/dl_sysctl_mspm0l211x_l112x.c.obj
 .ARM.attributes
                0x00000ae1       0x2c D:/Env/msys2/ucrt64/bin/../lib/gcc/arm-none-eabi/13.3.0/../../../../arm-none-eabi/lib/thumb/v6-m/nofp\libc.a(libc_a-atexit.o)
 .ARM.attributes
                0x00000b0d       0x2c D:/Env/msys2/ucrt64/bin/../lib/gcc/arm-none-eabi/13.3.0/../../../../arm-none-eabi/lib/thumb/v6-m/nofp\libc.a(libc_a-exit.o)
 .ARM.attributes
                0x00000b39       0x2c D:/Env/msys2/ucrt64/bin/../lib/gcc/arm-none-eabi/13.3.0/../../../../arm-none-eabi/lib/thumb/v6-m/nofp\libc.a(libc_a-findfp.o)
 .ARM.attributes
                0x00000b65       0x2c D:/Env/msys2/ucrt64/bin/../lib/gcc/arm-none-eabi/13.3.0/../../../../arm-none-eabi/lib/thumb/v6-m/nofp\libc.a(libc_a-fwalk.o)
 .ARM.attributes
                0x00000b91       0x2c D:/Env/msys2/ucrt64/bin/../lib/gcc/arm-none-eabi/13.3.0/../../../../arm-none-eabi/lib/thumb/v6-m/nofp\libc.a(libc_a-stdio.o)
 .ARM.attributes
                0x00000bbd       0x2c D:/Env/msys2/ucrt64/bin/../lib/gcc/arm-none-eabi/13.3.0/../../../../arm-none-eabi/lib/thumb/v6-m/nofp\libc.a(libc_a-memset.o)
 .ARM.attributes
                0x00000be9       0x2c D:/Env/msys2/ucrt64/bin/../lib/gcc/arm-none-eabi/13.3.0/../../../../arm-none-eabi/lib/thumb/v6-m/nofp\libc.a(libc_a-closer.o)
 .ARM.attributes
                0x00000c15       0x2c D:/Env/msys2/ucrt64/bin/../lib/gcc/arm-none-eabi/13.3.0/../../../../arm-none-eabi/lib/thumb/v6-m/nofp\libc.a(libc_a-reent.o)
 .ARM.attributes
                0x00000c41       0x2c D:/Env/msys2/ucrt64/bin/../lib/gcc/arm-none-eabi/13.3.0/../../../../arm-none-eabi/lib/thumb/v6-m/nofp\libc.a(libc_a-impure.o)
 .ARM.attributes
                0x00000c6d       0x2c D:/Env/msys2/ucrt64/bin/../lib/gcc/arm-none-eabi/13.3.0/../../../../arm-none-eabi/lib/thumb/v6-m/nofp\libc.a(libc_a-lseekr.o)
 .ARM.attributes
                0x00000c99       0x2c D:/Env/msys2/ucrt64/bin/../lib/gcc/arm-none-eabi/13.3.0/../../../../arm-none-eabi/lib/thumb/v6-m/nofp\libc.a(libc_a-readr.o)
 .ARM.attributes
                0x00000cc5       0x2c D:/Env/msys2/ucrt64/bin/../lib/gcc/arm-none-eabi/13.3.0/../../../../arm-none-eabi/lib/thumb/v6-m/nofp\libc.a(libc_a-writer.o)
 .ARM.attributes
                0x00000cf1       0x2c D:/Env/msys2/ucrt64/bin/../lib/gcc/arm-none-eabi/13.3.0/../../../../arm-none-eabi/lib/thumb/v6-m/nofp\libc.a(libc_a-init.o)
 .ARM.attributes
                0x00000d1d       0x2c D:/Env/msys2/ucrt64/bin/../lib/gcc/arm-none-eabi/13.3.0/../../../../arm-none-eabi/lib/thumb/v6-m/nofp\libc.a(libc_a-fini.o)
 .ARM.attributes
                0x00000d49       0x2c D:/Env/msys2/ucrt64/bin/../lib/gcc/arm-none-eabi/13.3.0/../../../../arm-none-eabi/lib/thumb/v6-m/nofp\libc.a(libc_a-lock.o)
 .ARM.attributes
                0x00000d75       0x2c D:/Env/msys2/ucrt64/bin/../lib/gcc/arm-none-eabi/13.3.0/../../../../arm-none-eabi/lib/thumb/v6-m/nofp\libc.a(libc_a-memcpy-stub.o)
 .ARM.attributes
                0x00000da1       0x2c D:/Env/msys2/ucrt64/bin/../lib/gcc/arm-none-eabi/13.3.0/../../../../arm-none-eabi/lib/thumb/v6-m/nofp\libc.a(libc_a-__atexit.o)
 .ARM.attributes
                0x00000dcd       0x2c D:/Env/msys2/ucrt64/bin/../lib/gcc/arm-none-eabi/13.3.0/../../../../arm-none-eabi/lib/thumb/v6-m/nofp\libc.a(libc_a-__call_atexit.o)
 .ARM.attributes
                0x00000df9       0x2c D:/Env/msys2/ucrt64/bin/../lib/gcc/arm-none-eabi/13.3.0/../../../../arm-none-eabi/lib/thumb/v6-m/nofp\libc.a(libc_a-freer.o)
 .ARM.attributes
                0x00000e25       0x2c D:/Env/msys2/ucrt64/bin/../lib/gcc/arm-none-eabi/13.3.0/../../../../arm-none-eabi/lib/thumb/v6-m/nofp\libc.a(libc_a-mallocr.o)
 .ARM.attributes
                0x00000e51       0x2c D:/Env/msys2/ucrt64/bin/../lib/gcc/arm-none-eabi/13.3.0/../../../../arm-none-eabi/lib/thumb/v6-m/nofp\libc.a(libc_a-mlock.o)
 .ARM.attributes
                0x00000e7d       0x2c D:/Env/msys2/ucrt64/bin/../lib/gcc/arm-none-eabi/13.3.0/../../../../arm-none-eabi/lib/thumb/v6-m/nofp\libc.a(libc_a-fclose.o)
 .ARM.attributes
                0x00000ea9       0x2c D:/Env/msys2/ucrt64/bin/../lib/gcc/arm-none-eabi/13.3.0/../../../../arm-none-eabi/lib/thumb/v6-m/nofp\libc.a(libc_a-fflush.o)
 .ARM.attributes
                0x00000ed5       0x2c D:/Env/msys2/ucrt64/bin/../lib/gcc/arm-none-eabi/13.3.0/../../../../arm-none-eabi/lib/thumb/v6-m/nofp\libc.a(libc_a-sbrkr.o)
 .ARM.attributes
                0x00000f01       0x2c D:/Env/msys2/ucrt64/bin/../lib/gcc/arm-none-eabi/13.3.0/../../../../arm-none-eabi/lib/thumb/v6-m/nofp\libc.a(libc_a-sysconf.o)
 .ARM.attributes
                0x00000f2d       0x2c D:/Env/msys2/ucrt64/bin/../lib/gcc/arm-none-eabi/13.3.0/../../../../arm-none-eabi/lib/thumb/v6-m/nofp\libc.a(libc_a-errno.o)
 .ARM.attributes
                0x00000f59       0x2c D:/Env/msys2/ucrt64/bin/../lib/gcc/arm-none-eabi/13.3.0/../../../../arm-none-eabi/lib/thumb/v6-m/nofp\libnosys.a(close.o)
 .ARM.attributes
                0x00000f85       0x2c D:/Env/msys2/ucrt64/bin/../lib/gcc/arm-none-eabi/13.3.0/../../../../arm-none-eabi/lib/thumb/v6-m/nofp\libnosys.a(lseek.o)
 .ARM.attributes
                0x00000fb1       0x2c D:/Env/msys2/ucrt64/bin/../lib/gcc/arm-none-eabi/13.3.0/../../../../arm-none-eabi/lib/thumb/v6-m/nofp\libnosys.a(read.o)
 .ARM.attributes
                0x00000fdd       0x2c D:/Env/msys2/ucrt64/bin/../lib/gcc/arm-none-eabi/13.3.0/../../../../arm-none-eabi/lib/thumb/v6-m/nofp\libnosys.a(sbrk.o)
 .ARM.attributes
                0x00001009       0x2c D:/Env/msys2/ucrt64/bin/../lib/gcc/arm-none-eabi/13.3.0/../../../../arm-none-eabi/lib/thumb/v6-m/nofp\libnosys.a(write.o)
 .ARM.attributes
                0x00001035       0x2c D:/Env/msys2/ucrt64/bin/../lib/gcc/arm-none-eabi/13.3.0/../../../../arm-none-eabi/lib/thumb/v6-m/nofp\libnosys.a(_exit.o)
 .ARM.attributes
                0x00001061       0x1e D:/Env/msys2/ucrt64/bin/../lib/gcc/arm-none-eabi/13.3.0/thumb/v6-m/nofp\libgcc.a(_udivsi3.o)
 .ARM.attributes
                0x0000107f       0x1e D:/Env/msys2/ucrt64/bin/../lib/gcc/arm-none-eabi/13.3.0/thumb/v6-m/nofp\libgcc.a(_dvmd_tls.o)
 .ARM.attributes
                0x0000109d       0x2c D:/Env/msys2/ucrt64/bin/../lib/gcc/arm-none-eabi/13.3.0/thumb/v6-m/nofp/crtend.o
 .ARM.attributes
                0x000010c9       0x1e D:/Env/msys2/ucrt64/bin/../lib/gcc/arm-none-eabi/13.3.0/thumb/v6-m/nofp/crtn.o

.comment        0x00000000       0x12
 .comment       0x00000000       0x12 CMakeFiles/demo.dir/main.c.obj
                                 0x13 (size before relaxing)
 .comment       0x00000012        0x0 CMakeFiles/demo.dir/ti_msp_dl_config.c.obj
                                 0x13 (size before relaxing)
 .comment       0x00000012        0x0 CMakeFiles/demo.dir/D_/ti/mspm0_sdk/source/ti/devices/msp/m0p/startup_system_files/gcc/startup_mspm0g350x_gcc.c.obj
                                 0x13 (size before relaxing)
 .comment       0x00000012        0x0 CMakeFiles/demo.dir/D_/ti/mspm0_sdk/source/ti/driverlib/dl_adc12.c.obj
                                 0x13 (size before relaxing)
 .comment       0x00000012        0x0 CMakeFiles/demo.dir/D_/ti/mspm0_sdk/source/ti/driverlib/dl_aes.c.obj
                                 0x13 (size before relaxing)
 .comment       0x00000012        0x0 CMakeFiles/demo.dir/D_/ti/mspm0_sdk/source/ti/driverlib/dl_aesadv.c.obj
                                 0x13 (size before relaxing)
 .comment       0x00000012        0x0 CMakeFiles/demo.dir/D_/ti/mspm0_sdk/source/ti/driverlib/dl_common.c.obj
                                 0x13 (size before relaxing)
 .comment       0x00000012        0x0 CMakeFiles/demo.dir/D_/ti/mspm0_sdk/source/ti/driverlib/dl_comp.c.obj
                                 0x13 (size before relaxing)
 .comment       0x00000012        0x0 CMakeFiles/demo.dir/D_/ti/mspm0_sdk/source/ti/driverlib/dl_crc.c.obj
                                 0x13 (size before relaxing)
 .comment       0x00000012        0x0 CMakeFiles/demo.dir/D_/ti/mspm0_sdk/source/ti/driverlib/dl_crcp.c.obj
                                 0x13 (size before relaxing)
 .comment       0x00000012        0x0 CMakeFiles/demo.dir/D_/ti/mspm0_sdk/source/ti/driverlib/dl_dac12.c.obj
                                 0x13 (size before relaxing)
 .comment       0x00000012        0x0 CMakeFiles/demo.dir/D_/ti/mspm0_sdk/source/ti/driverlib/dl_dma.c.obj
                                 0x13 (size before relaxing)
 .comment       0x00000012        0x0 CMakeFiles/demo.dir/D_/ti/mspm0_sdk/source/ti/driverlib/dl_flashctl.c.obj
                                 0x13 (size before relaxing)
 .comment       0x00000012        0x0 CMakeFiles/demo.dir/D_/ti/mspm0_sdk/source/ti/driverlib/dl_gpamp.c.obj
                                 0x13 (size before relaxing)
 .comment       0x00000012        0x0 CMakeFiles/demo.dir/D_/ti/mspm0_sdk/source/ti/driverlib/dl_gpio.c.obj
                                 0x13 (size before relaxing)
 .comment       0x00000012        0x0 CMakeFiles/demo.dir/D_/ti/mspm0_sdk/source/ti/driverlib/dl_i2c.c.obj
                                 0x13 (size before relaxing)
 .comment       0x00000012        0x0 CMakeFiles/demo.dir/D_/ti/mspm0_sdk/source/ti/driverlib/dl_i2s.c.obj
                                 0x13 (size before relaxing)
 .comment       0x00000012        0x0 CMakeFiles/demo.dir/D_/ti/mspm0_sdk/source/ti/driverlib/dl_iwdt.c.obj
                                 0x13 (size before relaxing)
 .comment       0x00000012        0x0 CMakeFiles/demo.dir/D_/ti/mspm0_sdk/source/ti/driverlib/dl_keystorectl.c.obj
                                 0x13 (size before relaxing)
 .comment       0x00000012        0x0 CMakeFiles/demo.dir/D_/ti/mspm0_sdk/source/ti/driverlib/dl_lcd.c.obj
                                 0x13 (size before relaxing)
 .comment       0x00000012        0x0 CMakeFiles/demo.dir/D_/ti/mspm0_sdk/source/ti/driverlib/dl_lfss.c.obj
                                 0x13 (size before relaxing)
 .comment       0x00000012        0x0 CMakeFiles/demo.dir/D_/ti/mspm0_sdk/source/ti/driverlib/dl_mathacl.c.obj
                                 0x13 (size before relaxing)
 .comment       0x00000012        0x0 CMakeFiles/demo.dir/D_/ti/mspm0_sdk/source/ti/driverlib/dl_mcan.c.obj
                                 0x13 (size before relaxing)
 .comment       0x00000012        0x0 CMakeFiles/demo.dir/D_/ti/mspm0_sdk/source/ti/driverlib/dl_npu.c.obj
                                 0x13 (size before relaxing)
 .comment       0x00000012        0x0 CMakeFiles/demo.dir/D_/ti/mspm0_sdk/source/ti/driverlib/dl_opa.c.obj
                                 0x13 (size before relaxing)
 .comment       0x00000012        0x0 CMakeFiles/demo.dir/D_/ti/mspm0_sdk/source/ti/driverlib/dl_rtc.c.obj
                                 0x13 (size before relaxing)
 .comment       0x00000012        0x0 CMakeFiles/demo.dir/D_/ti/mspm0_sdk/source/ti/driverlib/dl_rtc_a.c.obj
                                 0x13 (size before relaxing)
 .comment       0x00000012        0x0 CMakeFiles/demo.dir/D_/ti/mspm0_sdk/source/ti/driverlib/dl_rtc_b.c.obj
                                 0x13 (size before relaxing)
 .comment       0x00000012        0x0 CMakeFiles/demo.dir/D_/ti/mspm0_sdk/source/ti/driverlib/dl_rtc_common.c.obj
                                 0x13 (size before relaxing)
 .comment       0x00000012        0x0 CMakeFiles/demo.dir/D_/ti/mspm0_sdk/source/ti/driverlib/dl_scratchpad.c.obj
                                 0x13 (size before relaxing)
 .comment       0x00000012        0x0 CMakeFiles/demo.dir/D_/ti/mspm0_sdk/source/ti/driverlib/dl_spgss.c.obj
                                 0x13 (size before relaxing)
 .comment       0x00000012        0x0 CMakeFiles/demo.dir/D_/ti/mspm0_sdk/source/ti/driverlib/dl_spi.c.obj
                                 0x13 (size before relaxing)
 .comment       0x00000012        0x0 CMakeFiles/demo.dir/D_/ti/mspm0_sdk/source/ti/driverlib/dl_tamperio.c.obj
                                 0x13 (size before relaxing)
 .comment       0x00000012        0x0 CMakeFiles/demo.dir/D_/ti/mspm0_sdk/source/ti/driverlib/dl_timer.c.obj
                                 0x13 (size before relaxing)
 .comment       0x00000012        0x0 CMakeFiles/demo.dir/D_/ti/mspm0_sdk/source/ti/driverlib/dl_timera.c.obj
                                 0x13 (size before relaxing)
 .comment       0x00000012        0x0 CMakeFiles/demo.dir/D_/ti/mspm0_sdk/source/ti/driverlib/dl_timerb.c.obj
                                 0x13 (size before relaxing)
 .comment       0x00000012        0x0 CMakeFiles/demo.dir/D_/ti/mspm0_sdk/source/ti/driverlib/dl_timerg.c.obj
                                 0x13 (size before relaxing)
 .comment       0x00000012        0x0 CMakeFiles/demo.dir/D_/ti/mspm0_sdk/source/ti/driverlib/dl_trng.c.obj
                                 0x13 (size before relaxing)
 .comment       0x00000012        0x0 CMakeFiles/demo.dir/D_/ti/mspm0_sdk/source/ti/driverlib/dl_uart.c.obj
                                 0x13 (size before relaxing)
 .comment       0x00000012        0x0 CMakeFiles/demo.dir/D_/ti/mspm0_sdk/source/ti/driverlib/dl_unicomm.c.obj
                                 0x13 (size before relaxing)
 .comment       0x00000012        0x0 CMakeFiles/demo.dir/D_/ti/mspm0_sdk/source/ti/driverlib/dl_unicommi2cc.c.obj
                                 0x13 (size before relaxing)
 .comment       0x00000012        0x0 CMakeFiles/demo.dir/D_/ti/mspm0_sdk/source/ti/driverlib/dl_unicommi2ct.c.obj
                                 0x13 (size before relaxing)
 .comment       0x00000012        0x0 CMakeFiles/demo.dir/D_/ti/mspm0_sdk/source/ti/driverlib/dl_unicommspi.c.obj
                                 0x13 (size before relaxing)
 .comment       0x00000012        0x0 CMakeFiles/demo.dir/D_/ti/mspm0_sdk/source/ti/driverlib/dl_unicommuart.c.obj
                                 0x13 (size before relaxing)
 .comment       0x00000012        0x0 CMakeFiles/demo.dir/D_/ti/mspm0_sdk/source/ti/driverlib/dl_vref.c.obj
                                 0x13 (size before relaxing)
 .comment       0x00000012        0x0 CMakeFiles/demo.dir/D_/ti/mspm0_sdk/source/ti/driverlib/dl_wwdt.c.obj
                                 0x13 (size before relaxing)
 .comment       0x00000012        0x0 CMakeFiles/demo.dir/D_/ti/mspm0_sdk/source/ti/driverlib/m0p/dl_factoryregion.c.obj
                                 0x13 (size before relaxing)
 .comment       0x00000012        0x0 CMakeFiles/demo.dir/D_/ti/mspm0_sdk/source/ti/driverlib/m0p/dl_interrupt.c.obj
                                 0x13 (size before relaxing)
 .comment       0x00000012        0x0 CMakeFiles/demo.dir/D_/ti/mspm0_sdk/source/ti/driverlib/m0p/sysctl/dl_sysctl_mspm0c1105_c1106.c.obj
                                 0x13 (size before relaxing)
 .comment       0x00000012        0x0 CMakeFiles/demo.dir/D_/ti/mspm0_sdk/source/ti/driverlib/m0p/sysctl/dl_sysctl_mspm0c110x.c.obj
                                 0x13 (size before relaxing)
 .comment       0x00000012        0x0 CMakeFiles/demo.dir/D_/ti/mspm0_sdk/source/ti/driverlib/m0p/sysctl/dl_sysctl_mspm0g1x0x_g3x0x.c.obj
                                 0x13 (size before relaxing)
 .comment       0x00000012        0x0 CMakeFiles/demo.dir/D_/ti/mspm0_sdk/source/ti/driverlib/m0p/sysctl/dl_sysctl_mspm0g352x.c.obj
                                 0x13 (size before relaxing)
 .comment       0x00000012        0x0 CMakeFiles/demo.dir/D_/ti/mspm0_sdk/source/ti/driverlib/m0p/sysctl/dl_sysctl_mspm0g511x.c.obj
                                 0x13 (size before relaxing)
 .comment       0x00000012        0x0 CMakeFiles/demo.dir/D_/ti/mspm0_sdk/source/ti/driverlib/m0p/sysctl/dl_sysctl_mspm0g518x.c.obj
                                 0x13 (size before relaxing)
 .comment       0x00000012        0x0 CMakeFiles/demo.dir/D_/ti/mspm0_sdk/source/ti/driverlib/m0p/sysctl/dl_sysctl_mspm0gx218_gx207.c.obj
                                 0x13 (size before relaxing)
 .comment       0x00000012        0x0 CMakeFiles/demo.dir/D_/ti/mspm0_sdk/source/ti/driverlib/m0p/sysctl/dl_sysctl_mspm0gx51x.c.obj
                                 0x13 (size before relaxing)
 .comment       0x00000012        0x0 CMakeFiles/demo.dir/D_/ti/mspm0_sdk/source/ti/driverlib/m0p/sysctl/dl_sysctl_mspm0h321x.c.obj
                                 0x13 (size before relaxing)
 .comment       0x00000012        0x0 CMakeFiles/demo.dir/D_/ti/mspm0_sdk/source/ti/driverlib/m0p/sysctl/dl_sysctl_mspm0l111x.c.obj
                                 0x13 (size before relaxing)
 .comment       0x00000012        0x0 CMakeFiles/demo.dir/D_/ti/mspm0_sdk/source/ti/driverlib/m0p/sysctl/dl_sysctl_mspm0l11xx_l13xx.c.obj
                                 0x13 (size before relaxing)
 .comment       0x00000012        0x0 CMakeFiles/demo.dir/D_/ti/mspm0_sdk/source/ti/driverlib/m0p/sysctl/dl_sysctl_mspm0l122x_l222x.c.obj
                                 0x13 (size before relaxing)
 .comment       0x00000012        0x0 CMakeFiles/demo.dir/D_/ti/mspm0_sdk/source/ti/driverlib/m0p/sysctl/dl_sysctl_mspm0l211x_l112x.c.obj
                                 0x13 (size before relaxing)
 .comment       0x00000012        0x0 D:/Env/msys2/ucrt64/bin/../lib/gcc/arm-none-eabi/13.3.0/../../../../arm-none-eabi/lib/thumb/v6-m/nofp\libc.a(libc_a-atexit.o)
                                 0x13 (size before relaxing)
 .comment       0x00000012        0x0 D:/Env/msys2/ucrt64/bin/../lib/gcc/arm-none-eabi/13.3.0/../../../../arm-none-eabi/lib/thumb/v6-m/nofp\libc.a(libc_a-exit.o)
                                 0x13 (size before relaxing)
 .comment       0x00000012        0x0 D:/Env/msys2/ucrt64/bin/../lib/gcc/arm-none-eabi/13.3.0/../../../../arm-none-eabi/lib/thumb/v6-m/nofp\libc.a(libc_a-findfp.o)
                                 0x13 (size before relaxing)
 .comment       0x00000012        0x0 D:/Env/msys2/ucrt64/bin/../lib/gcc/arm-none-eabi/13.3.0/../../../../arm-none-eabi/lib/thumb/v6-m/nofp\libc.a(libc_a-fwalk.o)
                                 0x13 (size before relaxing)
 .comment       0x00000012        0x0 D:/Env/msys2/ucrt64/bin/../lib/gcc/arm-none-eabi/13.3.0/../../../../arm-none-eabi/lib/thumb/v6-m/nofp\libc.a(libc_a-stdio.o)
                                 0x13 (size before relaxing)
 .comment       0x00000012        0x0 D:/Env/msys2/ucrt64/bin/../lib/gcc/arm-none-eabi/13.3.0/../../../../arm-none-eabi/lib/thumb/v6-m/nofp\libc.a(libc_a-memset.o)
                                 0x13 (size before relaxing)
 .comment       0x00000012        0x0 D:/Env/msys2/ucrt64/bin/../lib/gcc/arm-none-eabi/13.3.0/../../../../arm-none-eabi/lib/thumb/v6-m/nofp\libc.a(libc_a-closer.o)
                                 0x13 (size before relaxing)
 .comment       0x00000012        0x0 D:/Env/msys2/ucrt64/bin/../lib/gcc/arm-none-eabi/13.3.0/../../../../arm-none-eabi/lib/thumb/v6-m/nofp\libc.a(libc_a-reent.o)
                                 0x13 (size before relaxing)
 .comment       0x00000012        0x0 D:/Env/msys2/ucrt64/bin/../lib/gcc/arm-none-eabi/13.3.0/../../../../arm-none-eabi/lib/thumb/v6-m/nofp\libc.a(libc_a-impure.o)
                                 0x13 (size before relaxing)
 .comment       0x00000012        0x0 D:/Env/msys2/ucrt64/bin/../lib/gcc/arm-none-eabi/13.3.0/../../../../arm-none-eabi/lib/thumb/v6-m/nofp\libc.a(libc_a-lseekr.o)
                                 0x13 (size before relaxing)
 .comment       0x00000012        0x0 D:/Env/msys2/ucrt64/bin/../lib/gcc/arm-none-eabi/13.3.0/../../../../arm-none-eabi/lib/thumb/v6-m/nofp\libc.a(libc_a-readr.o)
                                 0x13 (size before relaxing)
 .comment       0x00000012        0x0 D:/Env/msys2/ucrt64/bin/../lib/gcc/arm-none-eabi/13.3.0/../../../../arm-none-eabi/lib/thumb/v6-m/nofp\libc.a(libc_a-writer.o)
                                 0x13 (size before relaxing)
 .comment       0x00000012        0x0 D:/Env/msys2/ucrt64/bin/../lib/gcc/arm-none-eabi/13.3.0/../../../../arm-none-eabi/lib/thumb/v6-m/nofp\libc.a(libc_a-init.o)
                                 0x13 (size before relaxing)
 .comment       0x00000012        0x0 D:/Env/msys2/ucrt64/bin/../lib/gcc/arm-none-eabi/13.3.0/../../../../arm-none-eabi/lib/thumb/v6-m/nofp\libc.a(libc_a-fini.o)
                                 0x13 (size before relaxing)
 .comment       0x00000012        0x0 D:/Env/msys2/ucrt64/bin/../lib/gcc/arm-none-eabi/13.3.0/../../../../arm-none-eabi/lib/thumb/v6-m/nofp\libc.a(libc_a-lock.o)
                                 0x13 (size before relaxing)
 .comment       0x00000012        0x0 D:/Env/msys2/ucrt64/bin/../lib/gcc/arm-none-eabi/13.3.0/../../../../arm-none-eabi/lib/thumb/v6-m/nofp\libc.a(libc_a-memcpy-stub.o)
                                 0x13 (size before relaxing)
 .comment       0x00000012        0x0 D:/Env/msys2/ucrt64/bin/../lib/gcc/arm-none-eabi/13.3.0/../../../../arm-none-eabi/lib/thumb/v6-m/nofp\libc.a(libc_a-__atexit.o)
                                 0x13 (size before relaxing)
 .comment       0x00000012        0x0 D:/Env/msys2/ucrt64/bin/../lib/gcc/arm-none-eabi/13.3.0/../../../../arm-none-eabi/lib/thumb/v6-m/nofp\libc.a(libc_a-__call_atexit.o)
                                 0x13 (size before relaxing)
 .comment       0x00000012        0x0 D:/Env/msys2/ucrt64/bin/../lib/gcc/arm-none-eabi/13.3.0/../../../../arm-none-eabi/lib/thumb/v6-m/nofp\libc.a(libc_a-freer.o)
                                 0x13 (size before relaxing)
 .comment       0x00000012        0x0 D:/Env/msys2/ucrt64/bin/../lib/gcc/arm-none-eabi/13.3.0/../../../../arm-none-eabi/lib/thumb/v6-m/nofp\libc.a(libc_a-mallocr.o)
                                 0x13 (size before relaxing)
 .comment       0x00000012        0x0 D:/Env/msys2/ucrt64/bin/../lib/gcc/arm-none-eabi/13.3.0/../../../../arm-none-eabi/lib/thumb/v6-m/nofp\libc.a(libc_a-mlock.o)
                                 0x13 (size before relaxing)
 .comment       0x00000012        0x0 D:/Env/msys2/ucrt64/bin/../lib/gcc/arm-none-eabi/13.3.0/../../../../arm-none-eabi/lib/thumb/v6-m/nofp\libc.a(libc_a-fclose.o)
                                 0x13 (size before relaxing)
 .comment       0x00000012        0x0 D:/Env/msys2/ucrt64/bin/../lib/gcc/arm-none-eabi/13.3.0/../../../../arm-none-eabi/lib/thumb/v6-m/nofp\libc.a(libc_a-fflush.o)
                                 0x13 (size before relaxing)
 .comment       0x00000012        0x0 D:/Env/msys2/ucrt64/bin/../lib/gcc/arm-none-eabi/13.3.0/../../../../arm-none-eabi/lib/thumb/v6-m/nofp\libc.a(libc_a-sbrkr.o)
                                 0x13 (size before relaxing)