Archive member included to satisfy reference by file (symbol)

D:\ti\mspm0_sdk\source\ti\driverlib\lib\ticlang\m0p\mspm0g1x0x_g3x0x\driverlib.a(dl_common.o)
                              CMakeFiles/demo.dir/main.c.obj (DL_Common_delayCycles)
D:/Env/msys2/ucrt64/bin/../lib/gcc/arm-none-eabi/13.3.0/../../../../arm-none-eabi/lib/thumb/v6-m/nofp\libg_nano.a(libc_a-atexit.o)
                              D:/Env/msys2/ucrt64/bin/../lib/gcc/arm-none-eabi/13.3.0/../../../../arm-none-eabi/lib/thumb/v6-m/nofp/crt0.o (atexit)
D:/Env/msys2/ucrt64/bin/../lib/gcc/arm-none-eabi/13.3.0/../../../../arm-none-eabi/lib/thumb/v6-m/nofp\libg_nano.a(libc_a-exit.o)
                              D:/Env/msys2/ucrt64/bin/../lib/gcc/arm-none-eabi/13.3.0/../../../../arm-none-eabi/lib/thumb/v6-m/nofp/crt0.o (exit)
D:/Env/msys2/ucrt64/bin/../lib/gcc/arm-none-eabi/13.3.0/../../../../arm-none-eabi/lib/thumb/v6-m/nofp\libg_nano.a(libc_a-findfp.o)
                              D:/Env/msys2/ucrt64/bin/../lib/gcc/arm-none-eabi/13.3.0/../../../../arm-none-eabi/lib/thumb/v6-m/nofp\libg_nano.a(libc_a-exit.o) (__stdio_exit_handler)
D:/Env/msys2/ucrt64/bin/../lib/gcc/arm-none-eabi/13.3.0/../../../../arm-none-eabi/lib/thumb/v6-m/nofp\libg_nano.a(libc_a-fwalk.o)
                              D:/Env/msys2/ucrt64/bin/../lib/gcc/arm-none-eabi/13.3.0/../../../../arm-none-eabi/lib/thumb/v6-m/nofp\libg_nano.a(libc_a-findfp.o) (_fwalk_sglue)
D:/Env/msys2/ucrt64/bin/../lib/gcc/arm-none-eabi/13.3.0/../../../../arm-none-eabi/lib/thumb/v6-m/nofp\libg_nano.a(libc_a-stdio.o)
                              D:/Env/msys2/ucrt64/bin/../lib/gcc/arm-none-eabi/13.3.0/../../../../arm-none-eabi/lib/thumb/v6-m/nofp\libg_nano.a(libc_a-findfp.o) (__sread)
D:/Env/msys2/ucrt64/bin/../lib/gcc/arm-none-eabi/13.3.0/../../../../arm-none-eabi/lib/thumb/v6-m/nofp\libg_nano.a(libc_a-memset.o)
                              D:/Env/msys2/ucrt64/bin/../lib/gcc/arm-none-eabi/13.3.0/../../../../arm-none-eabi/lib/thumb/v6-m/nofp/crt0.o (memset)
D:/Env/msys2/ucrt64/bin/../lib/gcc/arm-none-eabi/13.3.0/../../../../arm-none-eabi/lib/thumb/v6-m/nofp\libg_nano.a(libc_a-closer.o)
                              D:/Env/msys2/ucrt64/bin/../lib/gcc/arm-none-eabi/13.3.0/../../../../arm-none-eabi/lib/thumb/v6-m/nofp\libg_nano.a(libc_a-stdio.o) (_close_r)
D:/Env/msys2/ucrt64/bin/../lib/gcc/arm-none-eabi/13.3.0/../../../../arm-none-eabi/lib/thumb/v6-m/nofp\libg_nano.a(libc_a-reent.o)
                              D:/Env/msys2/ucrt64/bin/../lib/gcc/arm-none-eabi/13.3.0/../../../../arm-none-eabi/lib/thumb/v6-m/nofp\libg_nano.a(libc_a-closer.o) (errno)
D:/Env/msys2/ucrt64/bin/../lib/gcc/arm-none-eabi/13.3.0/../../../../arm-none-eabi/lib/thumb/v6-m/nofp\libg_nano.a(libc_a-impure.o)
                              D:/Env/msys2/ucrt64/bin/../lib/gcc/arm-none-eabi/13.3.0/../../../../arm-none-eabi/lib/thumb/v6-m/nofp\libg_nano.a(libc_a-reent.o) (_impure_ptr)
D:/Env/msys2/ucrt64/bin/../lib/gcc/arm-none-eabi/13.3.0/../../../../arm-none-eabi/lib/thumb/v6-m/nofp\libg_nano.a(libc_a-lseekr.o)
                              D:/Env/msys2/ucrt64/bin/../lib/gcc/arm-none-eabi/13.3.0/../../../../arm-none-eabi/lib/thumb/v6-m/nofp\libg_nano.a(libc_a-stdio.o) (_lseek_r)
D:/Env/msys2/ucrt64/bin/../lib/gcc/arm-none-eabi/13.3.0/../../../../arm-none-eabi/lib/thumb/v6-m/nofp\libg_nano.a(libc_a-readr.o)
                              D:/Env/msys2/ucrt64/bin/../lib/gcc/arm-none-eabi/13.3.0/../../../../arm-none-eabi/lib/thumb/v6-m/nofp\libg_nano.a(libc_a-stdio.o) (_read_r)
D:/Env/msys2/ucrt64/bin/../lib/gcc/arm-none-eabi/13.3.0/../../../../arm-none-eabi/lib/thumb/v6-m/nofp\libg_nano.a(libc_a-writer.o)
                              D:/Env/msys2/ucrt64/bin/../lib/gcc/arm-none-eabi/13.3.0/../../../../arm-none-eabi/lib/thumb/v6-m/nofp\libg_nano.a(libc_a-stdio.o) (_write_r)
D:/Env/msys2/ucrt64/bin/../lib/gcc/arm-none-eabi/13.3.0/../../../../arm-none-eabi/lib/thumb/v6-m/nofp\libg_nano.a(libc_a-init.o)
                              D:/Env/msys2/ucrt64/bin/../lib/gcc/arm-none-eabi/13.3.0/../../../../arm-none-eabi/lib/thumb/v6-m/nofp/crt0.o (__libc_init_array)
D:/Env/msys2/ucrt64/bin/../lib/gcc/arm-none-eabi/13.3.0/../../../../arm-none-eabi/lib/thumb/v6-m/nofp\libg_nano.a(libc_a-fini.o)
                              D:/Env/msys2/ucrt64/bin/../lib/gcc/arm-none-eabi/13.3.0/../../../../arm-none-eabi/lib/thumb/v6-m/nofp/crt0.o (__libc_fini_array)
D:/Env/msys2/ucrt64/bin/../lib/gcc/arm-none-eabi/13.3.0/../../../../arm-none-eabi/lib/thumb/v6-m/nofp\libg_nano.a(libc_a-lock.o)
                              D:/Env/msys2/ucrt64/bin/../lib/gcc/arm-none-eabi/13.3.0/../../../../arm-none-eabi/lib/thumb/v6-m/nofp\libg_nano.a(libc_a-findfp.o) (__retarget_lock_init_recursive)
D:/Env/msys2/ucrt64/bin/../lib/gcc/arm-none-eabi/13.3.0/../../../../arm-none-eabi/lib/thumb/v6-m/nofp\libg_nano.a(libc_a-__atexit.o)
[...]
Memory Configuration

Name             Origin             Length             Attributes
FLASH            0x00000000         0x00020000         xr
SRAM             0x20200000         0x00008000         xrw
BCR_CONFIG       0x41c00000         0x000000ff         r
BSL_CONFIG       0x41c00100         0x00000080         r
*default*        0x00000000         0xffffffff

Linker script and memory map

LOAD D:/Env/msys2/ucrt64/bin/../lib/gcc/arm-none-eabi/13.3.0/thumb/v6-m/nofp/crti.o
LOAD D:/Env/msys2/ucrt64/bin/../lib/gcc/arm-none-eabi/13.3.0/thumb/v6-m/nofp/crtbegin.o
LOAD D:/Env/msys2/ucrt64/bin/../lib/gcc/arm-none-eabi/13.3.0/../../../../arm-none-eabi/lib/thumb/v6-m/nofp/crt0.o
LOAD CMakeFiles/demo.dir/main.c.obj
LOAD CMakeFiles/demo.dir/ti_msp_dl_config.c.obj
LOAD CMakeFiles/demo.dir/D_/ti/mspm0_sdk/source/ti/devices/msp/m0p/startup_system_files/gcc/startup_mspm0g350x_gcc.c.obj
LOAD D:\ti\mspm0_sdk\source\ti\driverlib\lib\ticlang\m0p\mspm0g1x0x_g3x0x\driverlib.a
LOAD D:/Env/msys2/ucrt64/bin/../lib/gcc/arm-none-eabi/13.3.0/../../../../arm-none-eabi/lib/thumb/v6-m/nofp\libm.a
START GROUP
LOAD D:/Env/msys2/ucrt64/bin/../lib/gcc/arm-none-eabi/13.3.0/thumb/v6-m/nofp\libgcc.a
LOAD D:/Env/msys2/ucrt64/bin/../lib/gcc/arm-none-eabi/13.3.0/../../../../arm-none-eabi/lib/thumb/v6-m/nofp\libg_nano.a
LOAD D:/Env/msys2/ucrt64/bin/../lib/gcc/arm-none-eabi/13.3.0/../../../../arm-none-eabi/lib/thumb/v6-m/nofp\libc_nano.a
END GROUP
START GROUP
LOAD D:/Env/msys2/ucrt64/bin/../lib/gcc/arm-none-eabi/13.3.0/thumb/v6-m/nofp\libgcc.a
LOAD D:/Env/msys2/ucrt64/bin/../lib/gcc/arm-none-eabi/13.3.0/../../../../arm-none-eabi/lib/thumb/v6-m/nofp\libc_nano.a
LOAD D:/Env/msys2/ucrt64/bin/../lib/gcc/arm-none-eabi/13.3.0/../../../../arm-none-eabi/lib/thumb/v6-m/nofp\libnosys.a
END GROUP
START GROUP
LOAD D:/Env/msys2/ucrt64/bin/../lib/gcc/arm-none-eabi/13.3.0/thumb/v6-m/nofp\libgcc.a
LOAD D:/Env/msys2/ucrt64/bin/../lib/gcc/arm-none-eabi/13.3.0/../../../../arm-none-eabi/lib/thumb/v6-m/nofp\libc_nano.a
LOAD D:/Env/msys2/ucrt64/bin/../lib/gcc/arm-none-eabi/13.3.0/../../../../arm-none-eabi/lib/thumb/v6-m/nofp\libnosys.a
END GROUP
LOAD D:/Env/msys2/ucrt64/bin/../lib/gcc/arm-none-eabi/13.3.0/thumb/v6-m/nofp/crtend.o
LOAD D:/Env/msys2/ucrt64/bin/../lib/gcc/arm-none-eabi/13.3.0/thumb/v6-m/nofp/crtn.o
                0x00000000                        _Min_Heap_Size = 0x0
                0x00000080                        _Min_Stack_Size = 0x80
                0x00000000                        PROVIDE (_intvecs_base_address = DEFINED (_intvecs_base_address)?_intvecs_base_address:0x0)

.intvecs        0x00000000       0xc0
 *(.intvecs)
 .intvecs       0x00000000       0xc0 CMakeFiles/demo.dir/D_/ti/mspm0_sdk/source/ti/devices/msp/m0p/startup_system_files/gcc/startup_mspm0g350x_gcc.c.obj
                0x00000000                interruptVectors
                0x20200000                        PROVIDE (_vtable_base_address = DEFINED (_vtable_base_address)?_vtable_base_address:0x20200000)

.vtable
 *(.vtable)

.text           0x000000c0     0x1118
 CREATE_OBJECT_SYMBOLS
 *(.text)
 .text          0x000000c0        0x0 D:/Env/msys2/ucrt64/bin/../lib/gcc/arm-none-eabi/13.3.0/thumb/v6-m/nofp/crti.o
 .text          0x000000c0        0x0 D:/Env/msys2/ucrt64/bin/../lib/gcc/arm-none-eabi/13.3.0/thumb/v6-m/nofp/crtbegin.o
 .text          0x000000c0       0x74 D:/Env/msys2/ucrt64/bin/../lib/gcc/arm-none-eabi/13.3.0/../../../../arm-none-eabi/lib/thumb/v6-m/nofp/crt0.o
                0x000000c0                _stack_init
                0x000000cc                _start
                0x000000cc                _mainCRTStartup
 .text          0x00000134        0x0 CMakeFiles/demo.dir/main.c.obj
 .text          0x00000134        0x0 CMakeFiles/demo.dir/ti_msp_dl_config.c.obj
 .text          0x00000134        0x0 CMakeFiles/demo.dir/D_/ti/mspm0_sdk/source/ti/devices/msp/m0p/startup_system_files/gcc/startup_mspm0g350x_gcc.c.obj
 .text          0x00000134        0x0 D:\ti\mspm0_sdk\source\ti\driverlib\lib\ticlang\m0p\mspm0g1x0x_g3x0x\driverlib.a(dl_common.o)
 .text          0x00000134       0x10 D:/Env/msys2/ucrt64/bin/../lib/gcc/arm-none-eabi/13.3.0/../../../../arm-none-eabi/lib/thumb/v6-m/nofp\libg_nano.a(libc_a-atexit.o)
                0x00000134                atexit
 .text          0x00000144       0x28 D:/Env/msys2/ucrt64/bin/../lib/gcc/arm-none-eabi/13.3.0/../../../../arm-none-eabi/lib/thumb/v6-m/nofp\libg_nano.a(libc_a-exit.o)
                0x00000144                exit
 .text          0x0000016c      0x308 D:/Env/msys2/ucrt64/bin/../lib/gcc/arm-none-eabi/13.3.0/../../../../arm-none-eabi/lib/thumb/v6-m/nofp\libg_nano.a(libc_a-findfp.o)
                0x00000314                __sfp
                0x000003dc                __sinit
                0x00000414                __sfp_lock_acquire
                0x00000424                __sfp_lock_release
                0x00000434                __fp_lock_all
                0x00000454                __fp_unlock_all
 .text          0x00000474       0x44 D:/Env/msys2/ucrt64/bin/../lib/gcc/arm-none-eabi/13.3.0/../../../../arm-none-eabi/lib/thumb/v6-m/nofp\libg_nano.a(libc_a-fwalk.o)
                0x00000474                _fwalk_sglue
 .text          0x000004b8       0xa8 D:/Env/msys2/ucrt64/bin/../lib/gcc/arm-none-eabi/13.3.0/../../../../arm-none-eabi/lib/thumb/v6-m/nofp\libg_nano.a(libc_a-stdio.o)
                0x000004b8                __sread
                0x000004e0                __seofread
                0x000004e4                __swrite
                0x00000524                __sseek
                0x00000554                __sclose
 .text          0x00000560       0xa8 D:/Env/msys2/ucrt64/bin/../lib/gcc/arm-none-eabi/13.3.0/../../../../arm-none-eabi/lib/thumb/v6-m/nofp\libg_nano.a(libc_a-memset.o)
                0x00000560                memset
 .text          0x00000608       0x24 D:/Env/msys2/ucrt64/bin/../lib/gcc/arm-none-eabi/13.3.0/../../../../arm-none-eabi/lib/thumb/v6-m/nofp\libg_nano.a(libc_a-closer.o)
                0x00000608                _close_r
 .text          0x0000062c       0xe4 D:/Env/msys2/ucrt64/bin/../lib/gcc/arm-none-eabi/13.3.0/../../../../arm-none-eabi/lib/thumb/v6-m/nofp\libg_nano.a(libc_a-reent.o)
                0x0000062c                _reclaim_reent
 .text          0x00000710        0x0 D:/Env/msys2/ucrt64/bin/../lib/gcc/arm-none-eabi/13.3.0/../../../../arm-none-eabi/lib/thumb/v6-m/nofp\libg_nano.a(libc_a-impure.o)
 .text          0x00000710       0x28 D:/Env/msys2/ucrt64/bin/../lib/gcc/arm-none-eabi/13.3.0/../../../../arm-none-eabi/lib/thumb/v6-m/nofp\libg_nano.a(libc_a-lseekr.o)
                0x00000710                _lseek_r
 .text          0x00000738       0x28 D:/Env/msys2/ucrt64/bin/../lib/gcc/arm-none-eabi/13.3.0/../../../../arm-none-eabi/lib/thumb/v6-m/nofp\libg_nano.a(libc_a-readr.o)
                0x00000738                _read_r
 .text          0x00000760       0x28 D:/Env/msys2/ucrt64/bin/../lib/gcc/arm-none-eabi/13.3.0/../../../../arm-none-eabi/lib/thumb/v6-m/nofp\libg_nano.a(libc_a-writer.o)
                0x00000760                _write_r
 .text          0x00000788       0x48 D:/Env/msys2/ucrt64/bin/../lib/gcc/arm-none-eabi/13.3.0/../../../../arm-none-eabi/lib/thumb/v6-m/nofp\libg_nano.a(libc_a-init.o)
                0x00000788                __libc_init_array
 .text          0x000007d0       0x28 D:/Env/msys2/ucrt64/bin/../lib/gcc/arm-none-eabi/13.3.0/../../../../arm-none-eabi/lib/thumb/v6-m/nofp\libg_nano.a(libc_a-fini.o)
                0x000007d0                __libc_fini_array
 .text          0x000007f8       0x28 D:/Env/msys2/ucrt64/bin/../lib/gcc/arm-none-eabi/13.3.0/../../../../arm-none-eabi/lib/thumb/v6-m/nofp\libg_nano.a(libc_a-lock.o)
                0x000007f8                __retarget_lock_init
                0x000007fc                __retarget_lock_init_recursive
                0x00000800                __retarget_lock_close
                0x00000804                __retarget_lock_close_recursive
                0x00000808                __retarget_lock_acquire
                0x0000080c                __retarget_lock_acquire_recursive
                0x00000810                __retarget_lock_try_acquire
                0x00000814                __retarget_lock_try_acquire_recursive
                0x00000818                __retarget_lock_release
                0x0000081c                __retarget_lock_release_recursive
 .text          0x00000820       0xe4 D:/Env/msys2/ucrt64/bin/../lib/gcc/arm-none-eabi/13.3.0/../../../../arm-none-eabi/lib/thumb/v6-m/nofp\libg_nano.a(libc_a-__atexit.o)
                0x00000820                __register_exitproc
 .text          0x00000904       0xe0 D:/Env/msys2/ucrt64/bin/../lib/gcc/arm-none-eabi/13.3.0/../../../../arm-none-eabi/lib/thumb/v6-m/nofp\libg_nano.a(libc_a-__call_atexit.o)
                0x00000904                __call_exitprocs
 .text          0x000009e4       0xb8 D:/Env/msys2/ucrt64/bin/../lib/gcc/arm-none-eabi/13.3.0/../../../../arm-none-eabi/lib/thumb/v6-m/nofp\libg_nano.a(libc_a-freer.o)
                0x000009e4                _free_r
 .text          0x00000a9c      0x158 D:/Env/msys2/ucrt64/bin/../lib/gcc/arm-none-eabi/13.3.0/../../../../arm-none-eabi/lib/thumb/v6-m/nofp\libg_nano.a(libc_a-mallocr.o)
                0x00000ae4                _malloc_r
 .text          0x00000bf4       0x20 D:/Env/msys2/ucrt64/bin/../lib/gcc/arm-none-eabi/13.3.0/../../../../arm-none-eabi/lib/thumb/v6-m/nofp\libg_nano.a(libc_a-mlock.o)
                0x00000bf4                __malloc_lock
                0x00000c04                __malloc_unlock
 .text          0x00000c14      0x1ac D:/Env/msys2/ucrt64/bin/../lib/gcc/arm-none-eabi/13.3.0/../../../../arm-none-eabi/lib/thumb/v6-m/nofp\libg_nano.a(libc_a-fflush.o)
                0x00000c14                __sflush_r
                0x00000d34                _fflush_r
                0x00000d90                fflush
 .text          0x00000dc0       0x24 D:/Env/msys2/ucrt64/bin/../lib/gcc/arm-none-eabi/13.3.0/../../../../arm-none-eabi/lib/thumb/v6-m/nofp\libg_nano.a(libc_a-sbrkr.o)
                0x00000dc0                _sbrk_r
 .text          0x00000de4       0x10 D:/Env/msys2/ucrt64/bin/../lib/gcc/arm-none-eabi/13.3.0/../../../../arm-none-eabi/lib/thumb/v6-m/nofp\libnosys.a(close.o)
                0x00000de4                _close
 .text          0x00000df4       0x10 D:/Env/msys2/ucrt64/bin/../lib/gcc/arm-none-eabi/13.3.0/../../../../arm-none-eabi/lib/thumb/v6-m/nofp\libnosys.a(lseek.o)
                0x00000df4                _lseek
 .text          0x00000e04       0x10 D:/Env/msys2/ucrt64/bin/../lib/gcc/arm-none-eabi/13.3.0/../../../../arm-none-eabi/lib/thumb/v6-m/nofp\libnosys.a(read.o)
                0x00000e04                _read
 .text          0x00000e14       0x1c D:/Env/msys2/ucrt64/bin/../lib/gcc/arm-none-eabi/13.3.0/../../../../arm-none-eabi/lib/thumb/v6-m/nofp\libnosys.a(sbrk.o)
                0x00000e14                _sbrk
 .text          0x00000e30       0x10 D:/Env/msys2/ucrt64/bin/../lib/gcc/arm-none-eabi/13.3.0/../../../../arm-none-eabi/lib/thumb/v6-m/nofp\libnosys.a(write.o)
                0x00000e30                _write
 .text          0x00000e40        0x4 D:/Env/msys2/ucrt64/bin/../lib/gcc/arm-none-eabi/13.3.0/../../../../arm-none-eabi/lib/thumb/v6-m/nofp\libnosys.a(_exit.o)
                0x00000e40                _exit
 .text          0x00000e44        0x0 D:/Env/msys2/ucrt64/bin/../lib/gcc/arm-none-eabi/13.3.0/thumb/v6-m/nofp/crtend.o
 .text          0x00000e44        0x0 D:/Env/msys2/ucrt64/bin/../lib/gcc/arm-none-eabi/13.3.0/thumb/v6-m/nofp/crtn.o
                0x00000e48                        . = ALIGN (0x8)
 *fill*         0x00000e44        0x4 
 *(.text.*)
 .text.__do_global_dtors_aux
                0x00000e48       0x28 D:/Env/msys2/ucrt64/bin/../lib/gcc/arm-none-eabi/13.3.0/thumb/v6-m/nofp/crtbegin.o
 .text.frame_dummy
                0x00000e70       0x20 D:/Env/msys2/ucrt64/bin/../lib/gcc/arm-none-eabi/13.3.0/thumb/v6-m/nofp/crtbegin.o
 .text.DL_GPIO_togglePins
                0x00000e90       0x20 CMakeFiles/demo.dir/main.c.obj
 .text.main     0x00000eb0       0x28 CMakeFiles/demo.dir/main.c.obj
                0x00000eb0                main
 .text.DL_Common_updateReg
                0x00000ed8       0x32 CMakeFiles/demo.dir/ti_msp_dl_config.c.obj
 *fill*         0x00000f0a        0x2 
 .text.DL_SYSCTL_setBORThreshold
                0x00000f0c       0x28 CMakeFiles/demo.dir/ti_msp_dl_config.c.obj
 .text.DL_SYSCTL_setMCLKDivider
                0x00000f34       0x30 CMakeFiles/demo.dir/ti_msp_dl_config.c.obj
 .text.DL_SYSCTL_setSYSOSCFreq
                0x00000f64       0x2c CMakeFiles/demo.dir/ti_msp_dl_config.c.obj
 .text.DL_SYSCTL_setULPCLKDivider
                0x00000f90       0x30 CMakeFiles/demo.dir/ti_msp_dl_config.c.obj
 .text.DL_GPIO_enablePower
                0x00000fc0       0x20 CMakeFiles/demo.dir/ti_msp_dl_config.c.obj
 .text.DL_GPIO_reset
                0x00000fe0       0x20 CMakeFiles/demo.dir/ti_msp_dl_config.c.obj
 .text.DL_GPIO_initDigitalOutput
                0x00001000       0x24 CMakeFiles/demo.dir/ti_msp_dl_config.c.obj
 .text.DL_GPIO_clearPins
                0x00001024       0x1c CMakeFiles/demo.dir/ti_msp_dl_config.c.obj
 .text.DL_GPIO_enableOutput
                0x00001040       0x20 CMakeFiles/demo.dir/ti_msp_dl_config.c.obj
 .text.SYSCFG_DL_init
                0x00001060       0x1a CMakeFiles/demo.dir/ti_msp_dl_config.c.obj
                0x00001060                SYSCFG_DL_init
 *fill*         0x0000107a        0x2 
 .text.SYSCFG_DL_initPower
                0x0000107c       0x38 CMakeFiles/demo.dir/ti_msp_dl_config.c.obj
                0x0000107c                SYSCFG_DL_initPower
 .text.SYSCFG_DL_GPIO_init
                0x000010b4       0x28 CMakeFiles/demo.dir/ti_msp_dl_config.c.obj
                0x000010b4                SYSCFG_DL_GPIO_init
 .text.SYSCFG_DL_SYSCTL_init
                0x000010dc       0x22 CMakeFiles/demo.dir/ti_msp_dl_config.c.obj
                0x000010dc                SYSCFG_DL_SYSCTL_init
 .text.SYSCFG_DL_SYSTICK_init
                0x000010fe        0xa CMakeFiles/demo.dir/ti_msp_dl_config.c.obj
                0x000010fe                SYSCFG_DL_SYSTICK_init
 .text.Reset_Handler
                0x00001108       0x9c CMakeFiles/demo.dir/D_/ti/mspm0_sdk/source/ti/devices/msp/m0p/startup_system_files/gcc/startup_mspm0g350x_gcc.c.obj
                0x00001108                Reset_Handler
 .text.Default_Handler
                0x000011a4        0x8 CMakeFiles/demo.dir/D_/ti/mspm0_sdk/source/ti/devices/msp/m0p/startup_system_files/gcc/startup_mspm0g350x_gcc.c.obj
                0x000011a4                TIMG6_IRQHandler
                0x000011a4                TIMG8_IRQHandler
                0x000011a4                I2C0_IRQHandler
                0x000011a4                HardFault_Handler
                0x000011a4                SysTick_Handler
                0x000011a4                PendSV_Handler
                0x000011a4                NMI_Handler
                0x000011a4                I2C1_IRQHandler
                0x000011a4                UART1_IRQHandler
                0x000011a4                TIMA1_IRQHandler
                0x000011a4                UART0_IRQHandler
                0x000011a4                ADC0_IRQHandler
                0x000011a4                SPI1_IRQHandler
                0x000011a4                TIMG0_IRQHandler
                0x000011a4                ADC1_IRQHandler
                0x000011a4                GROUP1_IRQHandler
                0x000011a4                RTC_IRQHandler
                0x000011a4                GROUP0_IRQHandler
                0x000011a4                UART2_IRQHandler
                0x000011a4                Default_Handler
                0x000011a4                SVC_Handler
                0x000011a4                TIMG12_IRQHandler
                0x000011a4                DAC0_IRQHandler
                0x000011a4                TIMG7_IRQHandler
                0x000011a4                SPI0_IRQHandler
                0x000011a4                AES_IRQHandler
                0x000011a4                DMA_IRQHandler
                0x000011a4                TIMA0_IRQHandler
                0x000011a4                UART3_IRQHandler
                0x000011a4                CANFD0_IRQHandler
 .text.DL_Common_delayCycles
                0x000011ac        0xa D:\ti\mspm0_sdk\source\ti\driverlib\lib\ticlang\m0p\mspm0g1x0x_g3x0x\driverlib.a(dl_common.o)
                0x000011ac                DL_Common_delayCycles
                0x000011b8                        . = ALIGN (0x8)
 *fill*         0x000011b6        0x2 
 *(.ctors)
                0x000011b8                        . = ALIGN (0x8)
 *(.dtors)
                0x000011b8                        . = ALIGN (0x8)
 *(.init)
 .init          0x000011b8        0x4 D:/Env/msys2/ucrt64/bin/../lib/gcc/arm-none-eabi/13.3.0/thumb/v6-m/nofp/crti.o
                0x000011b8                _init
 .init          0x000011bc        0x8 D:/Env/msys2/ucrt64/bin/../lib/gcc/arm-none-eabi/13.3.0/thumb/v6-m/nofp/crtn.o
                0x000011c8                        . = ALIGN (0x8)
 *fill*         0x000011c4        0x4 
 *(.fini*)
 .fini          0x000011c8        0x4 D:/Env/msys2/ucrt64/bin/../lib/gcc/arm-none-eabi/13.3.0/thumb/v6-m/nofp/crti.o
                0x000011c8                _fini
 .fini_array    0x000011cc        0x4 D:/Env/msys2/ucrt64/bin/../lib/gcc/arm-none-eabi/13.3.0/thumb/v6-m/nofp/crtbegin.o
 .fini          0x000011d0        0x8 D:/Env/msys2/ucrt64/bin/../lib/gcc/arm-none-eabi/13.3.0/thumb/v6-m/nofp/crtn.o
                0x000011d8                        . = ALIGN (0x8)

.glue_7         0x000011d8        0x0
 .glue_7        0x000011d8        0x0 linker stubs

.glue_7t        0x000011d8        0x0
 .glue_7t       0x000011d8        0x0 linker stubs

.vfp11_veneer   0x000011d8        0x0
 .vfp11_veneer  0x000011d8        0x0 linker stubs

.v4_bx          0x000011d8        0x0
 .v4_bx         0x000011d8        0x0 linker stubs

.iplt           0x000011d8        0x0
 .iplt          0x000011d8        0x0 D:/Env/msys2/ucrt64/bin/../lib/gcc/arm-none-eabi/13.3.0/thumb/v6-m/nofp/crtbegin.o

.ramfunc        0x20200000        0x0 load address 0x000011d8
                0x000011d8                        __ramfunct_load__ = LOADADDR (.ramfunc)
                0x20200000                        __ramfunct_start__ = .
 *(.ramfunc)
                0x20200000                        . = ALIGN (0x8)
                0x20200000                        __ramfunct_end__ = .

.rodata         0x000011d8        0x0
 *(.rodata)
                0x000011d8                        . = ALIGN (0x8)
 *(.rodata.*)
                0x000011d8                        . = ALIGN (0x8)

.eh_frame       0x000011d8        0x0
 .eh_frame      0x000011d8        0x0 D:/Env/msys2/ucrt64/bin/../lib/gcc/arm-none-eabi/13.3.0/thumb/v6-m/nofp/crtbegin.o

.preinit_array  0x000011d8        0x0
                0x000011d8                        PROVIDE (__preinit_array_start = .)
 *(.preinit_array*)
                0x000011d8                        PROVIDE (__preinit_array_end = .)

.init_array     0x000011d8        0x4
                0x000011d8                        . = ALIGN (0x8)
                0x000011d8                        PROVIDE (__init_array_start = .)
 *(SORT_BY_NAME(.init_array.*))
 *(.init_array*)
 .init_array    0x000011d8        0x4 D:/Env/msys2/ucrt64/bin/../lib/gcc/arm-none-eabi/13.3.0/thumb/v6-m/nofp/crtbegin.o
                0x000011dc                        PROVIDE (__init_array_end = .)

.fini_array     0x000011dc        0x4
                0x000011e0                        . = ALIGN (0x8)
 *fill*         0x000011dc        0x4 
                0x000011e0                        PROVIDE (__fini_array_start = .)
 *(SORT_BY_NAME(.fini_array.*))
 *(.fini_array*)
                0x000011e0                        PROVIDE (__fini_array_end = .)
                0x000011e0                        . = ALIGN (0x8)

.ARM.exidx      0x000011e0        0x8
                0x000011e0                        __exidx_start = .
 *(.ARM.exidx* .gnu.linkonce.armexidx.*)
 .ARM.exidx     0x000011e0        0x8 D:/Env/msys2/ucrt64/bin/../lib/gcc/arm-none-eabi/13.3.0/../../../../arm-none-eabi/lib/thumb/v6-m/nofp/crt0.o
                                 0x10 (size before relaxing)
                0x000011e8                        __exidx_end = .

.ARM.extab      0x000011e8        0x0
                0x000011e8                        . = ALIGN (0x8)
 *(.ARM.extab* .gnu.linkonce.armextab.*)
 .ARM.extab     0x000011e8        0x0 D:/Env/msys2/ucrt64/bin/../lib/gcc/arm-none-eabi/13.3.0/../../../../arm-none-eabi/lib/thumb/v6-m/nofp/crt0.o
                0x000011e8                        . = ALIGN (0x8)
                0x000011e8                        __etext = .

.rel.dyn        0x000011e8        0x0
 .rel.iplt      0x000011e8        0x0 D:/Env/msys2/ucrt64/bin/../lib/gcc/arm-none-eabi/13.3.0/thumb/v6-m/nofp/crtbegin.o

.data           0x20200000       0x68 load address 0x000011e8
                0x000011e8                        __data_load__ = LOADADDR (.data)
                0x20200000                        __data_start__ = .
 *(.data)
 .data          0x20200000        0x0 D:/Env/msys2/ucrt64/bin/../lib/gcc/arm-none-eabi/13.3.0/thumb/v6-m/nofp/crti.o
 .data          0x20200000        0x0 D:/Env/msys2/ucrt64/bin/../lib/gcc/arm-none-eabi/13.3.0/thumb/v6-m/nofp/crtbegin.o
 .data          0x20200000        0x0 D:/Env/msys2/ucrt64/bin/../lib/gcc/arm-none-eabi/13.3.0/../../../../arm-none-eabi/lib/thumb/v6-m/nofp/crt0.o
 .data          0x20200000        0x0 CMakeFiles/demo.dir/main.c.obj
 .data          0x20200000        0x0 CMakeFiles/demo.dir/ti_msp_dl_config.c.obj
 .data          0x20200000        0x0 CMakeFiles/demo.dir/D_/ti/mspm0_sdk/source/ti/devices/msp/m0p/startup_system_files/gcc/startup_mspm0g350x_gcc.c.obj
 .data          0x20200000        0x0 D:/Env/msys2/ucrt64/bin/../lib/gcc/arm-none-eabi/13.3.0/../../../../arm-none-eabi/lib/thumb/v6-m/nofp\libg_nano.a(libc_a-atexit.o)
 .data          0x20200000        0x0 D:/Env/msys2/ucrt64/bin/../lib/gcc/arm-none-eabi/13.3.0/../../../../arm-none-eabi/lib/thumb/v6-m/nofp\libg_nano.a(libc_a-exit.o)
 .data          0x20200000        0xc D:/Env/msys2/ucrt64/bin/../lib/gcc/arm-none-eabi/13.3.0/../../../../arm-none-eabi/lib/thumb/v6-m/nofp\libg_nano.a(libc_a-findfp.o)
                0x20200000                __sglue
 .data          0x2020000c        0x0 D:/Env/msys2/ucrt64/bin/../lib/gcc/arm-none-eabi/13.3.0/../../../../arm-none-eabi/lib/thumb/v6-m/nofp\libg_nano.a(libc_a-fwalk.o)
 .data          0x2020000c        0x0 D:/Env/msys2/ucrt64/bin/../lib/gcc/arm-none-eabi/13.3.0/../../../../arm-none-eabi/lib/thumb/v6-m/nofp\libg_nano.a(libc_a-stdio.o)
 .data          0x2020000c        0x0 D:/Env/msys2/ucrt64/bin/../lib/gcc/arm-none-eabi/13.3.0/../../../../arm-none-eabi/lib/thumb/v6-m/nofp\libg_nano.a(libc_a-memset.o)
 .data          0x2020000c        0x0 D:/Env/msys2/ucrt64/bin/../lib/gcc/arm-none-eabi/13.3.0/../../../../arm-none-eabi/lib/thumb/v6-m/nofp\libg_nano.a(libc_a-closer.o)
 .data          0x2020000c        0x0 D:/Env/msys2/ucrt64/bin/../lib/gcc/arm-none-eabi/13.3.0/../../../../arm-none-eabi/lib/thumb/v6-m/nofp\libg_nano.a(libc_a-reent.o)
 .data          0x2020000c       0x50 D:/Env/msys2/ucrt64/bin/../lib/gcc/arm-none-eabi/13.3.0/../../../../arm-none-eabi/lib/thumb/v6-m/nofp\libg_nano.a(libc_a-impure.o)
                0x2020000c                _impure_ptr
                0x20200010                _impure_data
 .data          0x2020005c        0x0 D:/Env/msys2/ucrt64/bin/../lib/gcc/arm-none-eabi/13.3.0/../../../../arm-none-eabi/lib/thumb/v6-m/nofp\libg_nano.a(libc_a-lseekr.o)
 .data          0x2020005c        0x0 D:/Env/msys2/ucrt64/bin/../lib/gcc/arm-none-eabi/13.3.0/../../../../arm-none-eabi/lib/thumb/v6-m/nofp\libg_nano.a(libc_a-readr.o)
 .data          0x2020005c        0x0 D:/Env/msys2/ucrt64/bin/../lib/gcc/arm-none-eabi/13.3.0/../../../../arm-none-eabi/lib/thumb/v6-m/nofp\libg_nano.a(libc_a-writer.o)
 .data          0x2020005c        0x0 D:/Env/msys2/ucrt64/bin/../lib/gcc/arm-none-eabi/13.3.0/../../../../arm-none-eabi/lib/thumb/v6-m/nofp\libg_nano.a(libc_a-init.o)
 .data          0x2020005c        0x0 D:/Env/msys2/ucrt64/bin/../lib/gcc/arm-none-eabi/13.3.0/../../../../arm-none-eabi/lib/thumb/v6-m/nofp\libg_nano.a(libc_a-fini.o)
 .data          0x2020005c        0x0 D:/Env/msys2/ucrt64/bin/../lib/gcc/arm-none-eabi/13.3.0/../../../../arm-none-eabi/lib/thumb/v6-m/nofp\libg_nano.a(libc_a-lock.o)
 .data          0x2020005c        0x4 D:/Env/msys2/ucrt64/bin/../lib/gcc/arm-none-eabi/13.3.0/../../../../arm-none-eabi/lib/thumb/v6-m/nofp\libg_nano.a(libc_a-__atexit.o)
                0x2020005c                __atexit_dummy
 .data          0x20200060        0x4 D:/Env/msys2/ucrt64/bin/../lib/gcc/arm-none-eabi/13.3.0/../../../../arm-none-eabi/lib/thumb/v6-m/nofp\libg_nano.a(libc_a-__call_atexit.o)
                0x20200060                __atexit_recursive_mutex
 .data          0x20200064        0x0 D:/Env/msys2/ucrt64/bin/../lib/gcc/arm-none-eabi/13.3.0/../../../../arm-none-eabi/lib/thumb/v6-m/nofp\libg_nano.a(libc_a-freer.o)
 .data          0x20200064        0x0 D:/Env/msys2/ucrt64/bin/../lib/gcc/arm-none-eabi/13.3.0/../../../../arm-none-eabi/lib/thumb/v6-m/nofp\libg_nano.a(libc_a-mallocr.o)
 .data          0x20200064        0x0 D:/Env/msys2/ucrt64/bin/../lib/gcc/arm-none-eabi/13.3.0/../../../../arm-none-eabi/lib/thumb/v6-m/nofp\libg_nano.a(libc_a-mlock.o)
 .data          0x20200064        0x0 D:/Env/msys2/ucrt64/bin/../lib/gcc/arm-none-eabi/13.3.0/../../../../arm-none-eabi/lib/thumb/v6-m/nofp\libg_nano.a(libc_a-fflush.o)
 .data          0x20200064        0x0 D:/Env/msys2/ucrt64/bin/../lib/gcc/arm-none-eabi/13.3.0/../../../../arm-none-eabi/lib/thumb/v6-m/nofp\libg_nano.a(libc_a-sbrkr.o)
 .data          0x20200064        0x0 D:/Env/msys2/ucrt64/bin/../lib/gcc/arm-none-eabi/13.3.0/../../../../arm-none-eabi/lib/thumb/v6-m/nofp\libnosys.a(close.o)
 .data          0x20200064        0x0 D:/Env/msys2/ucrt64/bin/../lib/gcc/arm-none-eabi/13.3.0/../../../../arm-none-eabi/lib/thumb/v6-m/nofp\libnosys.a(lseek.o)
 .data          0x20200064        0x0 D:/Env/msys2/ucrt64/bin/../lib/gcc/arm-none-eabi/13.3.0/../../../../arm-none-eabi/lib/thumb/v6-m/nofp\libnosys.a(read.o)
 .data          0x20200064        0x0 D:/Env/msys2/ucrt64/bin/../lib/gcc/arm-none-eabi/13.3.0/../../../../arm-none-eabi/lib/thumb/v6-m/nofp\libnosys.a(sbrk.o)
 .data          0x20200064        0x0 D:/Env/msys2/ucrt64/bin/../lib/gcc/arm-none-eabi/13.3.0/../../../../arm-none-eabi/lib/thumb/v6-m/nofp\libnosys.a(write.o)
 .data          0x20200064        0x0 D:/Env/msys2/ucrt64/bin/../lib/gcc/arm-none-eabi/13.3.0/../../../../arm-none-eabi/lib/thumb/v6-m/nofp\libnosys.a(_exit.o)
 .data          0x20200064        0x0 D:/Env/msys2/ucrt64/bin/../lib/gcc/arm-none-eabi/13.3.0/thumb/v6-m/nofp/crtend.o
 .data          0x20200064        0x0 D:/Env/msys2/ucrt64/bin/../lib/gcc/arm-none-eabi/13.3.0/thumb/v6-m/nofp/crtn.o
 *(.data*)
 .data.__dso_handle
                0x20200064        0x4 D:/Env/msys2/ucrt64/bin/../lib/gcc/arm-none-eabi/13.3.0/thumb/v6-m/nofp/crtbegin.o
                0x20200064                __dso_handle
                0x20200068                        . = ALIGN (0x8)
                0x20200068                        __data_end__ = .

.igot.plt       0x20200068        0x0 load address 0x00001250
 .igot.plt      0x20200068        0x0 D:/Env/msys2/ucrt64/bin/../lib/gcc/arm-none-eabi/13.3.0/thumb/v6-m/nofp/crtbegin.o

.bss            0x20200068      0x218
                0x20200068                        __bss_start__ = .
 *(.shbss)
 *(.bss)
 .bss           0x20200068        0x0 D:/Env/msys2/ucrt64/bin/../lib/gcc/arm-none-eabi/13.3.0/thumb/v6-m/nofp/crti.o
 .bss           0x20200068        0x0 D:/Env/msys2/ucrt64/bin/../lib/gcc/arm-none-eabi/13.3.0/thumb/v6-m/nofp/crtbegin.o
 .bss           0x20200068        0x0 D:/Env/msys2/ucrt64/bin/../lib/gcc/arm-none-eabi/13.3.0/../../../../arm-none-eabi/lib/thumb/v6-m/nofp/crt0.o
 .bss           0x20200068        0x0 CMakeFiles/demo.dir/main.c.obj
 .bss           0x20200068        0x0 CMakeFiles/demo.dir/ti_msp_dl_config.c.obj
 .bss           0x20200068        0x0 CMakeFiles/demo.dir/D_/ti/mspm0_sdk/source/ti/devices/msp/m0p/startup_system_files/gcc/startup_mspm0g350x_gcc.c.obj
 .bss           0x20200068        0x0 D:/Env/msys2/ucrt64/bin/../lib/gcc/arm-none-eabi/13.3.0/../../../../arm-none-eabi/lib/thumb/v6-m/nofp\libg_nano.a(libc_a-atexit.o)
 .bss           0x20200068        0x0 D:/Env/msys2/ucrt64/bin/../lib/gcc/arm-none-eabi/13.3.0/../../../../arm-none-eabi/lib/thumb/v6-m/nofp\libg_nano.a(libc_a-exit.o)
 .bss           0x20200068      0x13c D:/Env/msys2/ucrt64/bin/../lib/gcc/arm-none-eabi/13.3.0/../../../../arm-none-eabi/lib/thumb/v6-m/nofp\libg_nano.a(libc_a-findfp.o)
                0x20200068                __stdio_exit_handler
                0x2020006c                __sf
 .bss           0x202001a4        0x0 D:/Env/msys2/ucrt64/bin/../lib/gcc/arm-none-eabi/13.3.0/../../../../arm-none-eabi/lib/thumb/v6-m/nofp\libg_nano.a(libc_a-fwalk.o)
 .bss           0x202001a4        0x0 D:/Env/msys2/ucrt64/bin/../lib/gcc/arm-none-eabi/13.3.0/../../../../arm-none-eabi/lib/thumb/v6-m/nofp\libg_nano.a(libc_a-stdio.o)
 .bss           0x202001a4        0x0 D:/Env/msys2/ucrt64/bin/../lib/gcc/arm-none-eabi/13.3.0/../../../../arm-none-eabi/lib/thumb/v6-m/nofp\libg_nano.a(libc_a-memset.o)
 .bss           0x202001a4        0x0 D:/Env/msys2/ucrt64/bin/../lib/gcc/arm-none-eabi/13.3.0/../../../../arm-none-eabi/lib/thumb/v6-m/nofp\libg_nano.a(libc_a-closer.o)
 .bss           0x202001a4        0x4 D:/Env/msys2/ucrt64/bin/../lib/gcc/arm-none-eabi/13.3.0/../../../../arm-none-eabi/lib/thumb/v6-m/nofp\libg_nano.a(libc_a-reent.o)
                0x202001a4                errno
 .bss           0x202001a8        0x0 D:/Env/msys2/ucrt64/bin/../lib/gcc/arm-none-eabi/13.3.0/../../../../arm-none-eabi/lib/thumb/v6-m/nofp\libg_nano.a(libc_a-impure.o)
 .bss           0x202001a8        0x0 D:/Env/msys2/ucrt64/bin/../lib/gcc/arm-none-eabi/13.3.0/../../../../arm-none-eabi/lib/thumb/v6-m/nofp\libg_nano.a(libc_a-lseekr.o)
 .bss           0x202001a8        0x0 D:/Env/msys2/ucrt64/bin/../lib/gcc/arm-none-eabi/13.3.0/../../../../arm-none-eabi/lib/thumb/v6-m/nofp\libg_nano.a(libc_a-readr.o)
 .bss           0x202001a8        0x0 D:/Env/msys2/ucrt64/bin/../lib/gcc/arm-none-eabi/13.3.0/../../../../arm-none-eabi/lib/thumb/v6-m/nofp\libg_nano.a(libc_a-writer.o)
 .bss           0x202001a8        0x0 D:/Env/msys2/ucrt64/bin/../lib/gcc/arm-none-eabi/13.3.0/../../../../arm-none-eabi/lib/thumb/v6-m/nofp\libg_nano.a(libc_a-init.o)
 .bss           0x202001a8        0x0 D:/Env/msys2/ucrt64/bin/../lib/gcc/arm-none-eabi/13.3.0/../../../../arm-none-eabi/lib/thumb/v6-m/nofp\libg_nano.a(libc_a-fini.o)
 .bss           0x202001a8       0x1d D:/Env/msys2/ucrt64/bin/../lib/gcc/arm-none-eabi/13.3.0/../../../../arm-none-eabi/lib/thumb/v6-m/nofp\libg_nano.a(libc_a-lock.o)
                0x202001a8                __lock___arc4random_mutex
                0x202001ac                __lock___dd_hash_mutex
                0x202001b0                __lock___tz_mutex
                0x202001b4                __lock___env_recursive_mutex
                0x202001b8                __lock___malloc_recursive_mutex
                0x202001bc                __lock___at_quick_exit_mutex
                0x202001c0                __lock___atexit_recursive_mutex
                0x202001c4                __lock___sfp_recursive_mutex
 *fill*         0x202001c5        0x3 
 .bss           0x202001c8       0x8c D:/Env/msys2/ucrt64/bin/../lib/gcc/arm-none-eabi/13.3.0/../../../../arm-none-eabi/lib/thumb/v6-m/nofp\libg_nano.a(libc_a-__atexit.o)
                0x202001c8                __atexit0
 .bss           0x20200254        0x4 D:/Env/msys2/ucrt64/bin/../lib/gcc/arm-none-eabi/13.3.0/../../../../arm-none-eabi/lib/thumb/v6-m/nofp\libg_nano.a(libc_a-__call_atexit.o)
                0x20200254                __atexit
 .bss           0x20200258        0x0 D:/Env/msys2/ucrt64/bin/../lib/gcc/arm-none-eabi/13.3.0/../../../../arm-none-eabi/lib/thumb/v6-m/nofp\libg_nano.a(libc_a-freer.o)
 .bss           0x20200258        0x8 D:/Env/msys2/ucrt64/bin/../lib/gcc/arm-none-eabi/13.3.0/../../../../arm-none-eabi/lib/thumb/v6-m/nofp\libg_nano.a(libc_a-mallocr.o)
                0x20200258                __malloc_sbrk_start
                0x2020025c                __malloc_free_list
 .bss           0x20200260        0x0 D:/Env/msys2/ucrt64/bin/../lib/gcc/arm-none-eabi/13.3.0/../../../../arm-none-eabi/lib/thumb/v6-m/nofp\libg_nano.a(libc_a-mlock.o)
 .bss           0x20200260        0x0 D:/Env/msys2/ucrt64/bin/../lib/gcc/arm-none-eabi/13.3.0/../../../../arm-none-eabi/lib/thumb/v6-m/nofp\libg_nano.a(libc_a-fflush.o)
 .bss           0x20200260        0x0 D:/Env/msys2/ucrt64/bin/../lib/gcc/arm-none-eabi/13.3.0/../../../../arm-none-eabi/lib/thumb/v6-m/nofp\libg_nano.a(libc_a-sbrkr.o)
 .bss           0x20200260        0x0 D:/Env/msys2/ucrt64/bin/../lib/gcc/arm-none-eabi/13.3.0/../../../../arm-none-eabi/lib/thumb/v6-m/nofp\libnosys.a(close.o)
 .bss           0x20200260        0x0 D:/Env/msys2/ucrt64/bin/../lib/gcc/arm-none-eabi/13.3.0/../../../../arm-none-eabi/lib/thumb/v6-m/nofp\libnosys.a(lseek.o)
 .bss           0x20200260        0x0 D:/Env/msys2/ucrt64/bin/../lib/gcc/arm-none-eabi/13.3.0/../../../../arm-none-eabi/lib/thumb/v6-m/nofp\libnosys.a(read.o)
 .bss           0x20200260        0x4 D:/Env/msys2/ucrt64/bin/../lib/gcc/arm-none-eabi/13.3.0/../../../../arm-none-eabi/lib/thumb/v6-m/nofp\libnosys.a(sbrk.o)
 .bss           0x20200264        0x0 D:/Env/msys2/ucrt64/bin/../lib/gcc/arm-none-eabi/13.3.0/../../../../arm-none-eabi/lib/thumb/v6-m/nofp\libnosys.a(write.o)
 .bss           0x20200264        0x0 D:/Env/msys2/ucrt64/bin/../lib/gcc/arm-none-eabi/13.3.0/../../../../arm-none-eabi/lib/thumb/v6-m/nofp\libnosys.a(_exit.o)
 .bss           0x20200264        0x0 D:/Env/msys2/ucrt64/bin/../lib/gcc/arm-none-eabi/13.3.0/thumb/v6-m/nofp/crtend.o
 .bss           0x20200264        0x0 D:/Env/msys2/ucrt64/bin/../lib/gcc/arm-none-eabi/13.3.0/thumb/v6-m/nofp/crtn.o
 *(.bss.*)
 .bss.completed.1
                0x20200264        0x1 D:/Env/msys2/ucrt64/bin/../lib/gcc/arm-none-eabi/13.3.0/thumb/v6-m/nofp/crtbegin.o
 *fill*         0x20200265        0x3 
 .bss.object.0  0x20200268       0x18 D:/Env/msys2/ucrt64/bin/../lib/gcc/arm-none-eabi/13.3.0/thumb/v6-m/nofp/crtbegin.o
 *(COMMON)
                0x20200280                        . = ALIGN (0x8)
                0x20200280                        __bss_end__ = .

.noinit         0x20200280        0x0
 *(*.noinit*)
                0x20200280                        . = ALIGN (0x8)

.heap           0x20200280        0x0
                0x20200280                        __heap_start__ = .
                0x20200280                        end = __heap_start__
                0x20200280                        _end = end
                0x20200280                        __end = end
 *(.heap)
                0x20200280                        __heap_end__ = .
                0x20200280                        __HeapLimit = __heap_end__

.stack          0x20200280        0x0
                0x20200280                        _stack = .
 *(.stack)

.BCRConfig
 *(.BCRConfig)

.BSLConfig
 *(.BSLConfig)
                0x20208000                        __StackTop = (ORIGIN (REGION_STACK) + LENGTH (REGION_STACK))
                0x20208000                        PROVIDE (__stack = __StackTop)
OUTPUT(demo.elf elf32-littlearm)
LOAD linker stubs

.ARM.attributes
                0x00000000       0x2c
 .ARM.attributes
                0x00000000       0x1e D:/Env/msys2/ucrt64/bin/../lib/gcc/arm-none-eabi/13.3.0/thumb/v6-m/nofp/crti.o
 .ARM.attributes
                0x0000001e       0x2c D:/Env/msys2/ucrt64/bin/../lib/gcc/arm-none-eabi/13.3.0/thumb/v6-m/nofp/crtbegin.o
 .ARM.attributes
                0x0000004a       0x1b D:/Env/msys2/ucrt64/bin/../lib/gcc/arm-none-eabi/13.3.0/../../../../arm-none-eabi/lib/thumb/v6-m/nofp/crt0.o
 .ARM.attributes
                0x00000065       0x2c CMakeFiles/demo.dir/main.c.obj
 .ARM.attributes
                0x00000091       0x2c CMakeFiles/demo.dir/ti_msp_dl_config.c.obj
 .ARM.attributes
                0x000000bd       0x2c CMakeFiles/demo.dir/D_/ti/mspm0_sdk/source/ti/devices/msp/m0p/startup_system_files/gcc/startup_mspm0g350x_gcc.c.obj
 .ARM.attributes
                0x000000e9       0x57 D:\ti\mspm0_sdk\source\ti\driverlib\lib\ticlang\m0p\mspm0g1x0x_g3x0x\driverlib.a(dl_common.o)
 .ARM.attributes
                0x00000140       0x2c D:/Env/msys2/ucrt64/bin/../lib/gcc/arm-none-eabi/13.3.0/../../../../arm-none-eabi/lib/thumb/v6-m/nofp\libg_nano.a(libc_a-atexit.o)
 .ARM.attributes
                0x0000016c       0x2c D:/Env/msys2/ucrt64/bin/../lib/gcc/arm-none-eabi/13.3.0/../../../../arm-none-eabi/lib/thumb/v6-m/nofp\libg_nano.a(libc_a-exit.o)
 .ARM.attributes
                0x00000198       0x2c D:/Env/msys2/ucrt64/bin/../lib/gcc/arm-none-eabi/13.3.0/../../../../arm-none-eabi/lib/thumb/v6-m/nofp\libg_nano.a(libc_a-findfp.o)
 .ARM.attributes
                0x000001c4       0x2c D:/Env/msys2/ucrt64/bin/../lib/gcc/arm-none-eabi/13.3.0/../../../../arm-none-eabi/lib/thumb/v6-m/nofp\libg_nano.a(libc_a-fwalk.o)
 .ARM.attributes
                0x000001f0       0x2c D:/Env/msys2/ucrt64/bin/../lib/gcc/arm-none-eabi/13.3.0/../../../../arm-none-eabi/lib/thumb/v6-m/nofp\libg_nano.a(libc_a-stdio.o)
 .ARM.attributes
                0x0000021c       0x2c D:/Env/msys2/ucrt64/bin/../lib/gcc/arm-none-eabi/13.3.0/../../../../arm-none-eabi/lib/thumb/v6-m/nofp\libg_nano.a(libc_a-memset.o)
 .ARM.attributes
                0x00000248       0x2c D:/Env/msys2/ucrt64/bin/../lib/gcc/arm-none-eabi/13.3.0/../../../../arm-none-eabi/lib/thumb/v6-m/nofp\libg_nano.a(libc_a-closer.o)
 .ARM.attributes
                0x00000274       0x2c D:/Env/msys2/ucrt64/bin/../lib/gcc/arm-none-eabi/13.3.0/../../../../arm-none-eabi/lib/thumb/v6-m/nofp\libg_nano.a(libc_a-reent.o)
 .ARM.attributes
                0x000002a0       0x2c D:/Env/msys2/ucrt64/bin/../lib/gcc/arm-none-eabi/13.3.0/../../../../arm-none-eabi/lib/thumb/v6-m/nofp\libg_nano.a(libc_a-impure.o)
 .ARM.attributes
                0x000002cc       0x2c D:/Env/msys2/ucrt64/bin/../lib/gcc/arm-none-eabi/13.3.0/../../../../arm-none-eabi/lib/thumb/v6-m/nofp\libg_nano.a(libc_a-lseekr.o)
 .ARM.attributes
                0x000002f8       0x2c D:/Env/msys2/ucrt64/bin/../lib/gcc/arm-none-eabi/13.3.0/../../../../arm-none-eabi/lib/thumb/v6-m/nofp\libg_nano.a(libc_a-readr.o)
 .ARM.attributes
                0x00000324       0x2c D:/Env/msys2/ucrt64/bin/../lib/gcc/arm-none-eabi/13.3.0/../../../../arm-none-eabi/lib/thumb/v6-m/nofp\libg_nano.a(libc_a-writer.o)
 .ARM.attributes
                0x00000350       0x2c D:/Env/msys2/ucrt64/bin/../lib/gcc/arm-none-eabi/13.3.0/../../../../arm-none-eabi/lib/thumb/v6-m/nofp\libg_nano.a(libc_a-init.o)
 .ARM.attributes
                0x0000037c       0x2c D:/Env/msys2/ucrt64/bin/../lib/gcc/arm-none-eabi/13.3.0/../../../../arm-none-eabi/lib/thumb/v6-m/nofp\libg_nano.a(libc_a-fini.o)
 .ARM.attributes
                0x000003a8       0x2c D:/Env/msys2/ucrt64/bin/../lib/gcc/arm-none-eabi/13.3.0/../../../../arm-none-eabi/lib/thumb/v6-m/nofp\libg_nano.a(libc_a-lock.o)
 .ARM.attributes
                0x000003d4       0x2c D:/Env/msys2/ucrt64/bin/../lib/gcc/arm-none-eabi/13.3.0/../../../../arm-none-eabi/lib/thumb/v6-m/nofp\libg_nano.a(libc_a-__atexit.o)
 .ARM.attributes
                0x00000400       0x2c D:/Env/msys2/ucrt64/bin/../lib/gcc/arm-none-eabi/13.3.0/../../../../arm-none-eabi/lib/thumb/v6-m/nofp\libg_nano.a(libc_a-__call_atexit.o)
 .ARM.attributes
                0x0000042c       0x2c D:/Env/msys2/ucrt64/bin/../lib/gcc/arm-none-eabi/13.3.0/../../../../arm-none-eabi/lib/thumb/v6-m/nofp\libg_nano.a(libc_a-freer.o)
 .ARM.attributes
                0x00000458       0x2c D:/Env/msys2/ucrt64/bin/../lib/gcc/arm-none-eabi/13.3.0/../../../../arm-none-eabi/lib/thumb/v6-m/nofp\libg_nano.a(libc_a-mallocr.o)
 .ARM.attributes
                0x00000484       0x2c D:/Env/msys2/ucrt64/bin/../lib/gcc/arm-none-eabi/13.3.0/../../../../arm-none-eabi/lib/thumb/v6-m/nofp\libg_nano.a(libc_a-mlock.o)
 .ARM.attributes
                0x000004b0       0x2c D:/Env/msys2/ucrt64/bin/../lib/gcc/arm-none-eabi/13.3.0/../../../../arm-none-eabi/lib/thumb/v6-m/nofp\libg_nano.a(libc_a-fflush.o)
 .ARM.attributes
                0x000004dc       0x2c D:/Env/msys2/ucrt64/bin/../lib/gcc/arm-none-eabi/13.3.0/../../../../arm-none-eabi/lib/thumb/v6-m/nofp\libg_nano.a(libc_a-sbrkr.o)
 .ARM.attributes
                0x00000508       0x2c D:/Env/msys2/ucrt64/bin/../lib/gcc/arm-none-eabi/13.3.0/../../../../arm-none-eabi/lib/thumb/v6-m/nofp\libnosys.a(close.o)
 .ARM.attributes
                0x00000534       0x2c D:/Env/msys2/ucrt64/bin/../lib/gcc/arm-none-eabi/13.3.0/../../../../arm-none-eabi/lib/thumb/v6-m/nofp\libnosys.a(lseek.o)
 .ARM.attributes
                0x00000560       0x2c D:/Env/msys2/ucrt64/bin/../lib/gcc/arm-none-eabi/13.3.0/../../../../arm-none-eabi/lib/thumb/v6-m/nofp\libnosys.a(read.o)
 .ARM.attributes
                0x0000058c       0x2c D:/Env/msys2/ucrt64/bin/../lib/gcc/arm-none-eabi/13.3.0/../../../../arm-none-eabi/lib/thumb/v6-m/nofp\libnosys.a(sbrk.o)
 .ARM.attributes
                0x000005b8       0x2c D:/Env/msys2/ucrt64/bin/../lib/gcc/arm-none-eabi/13.3.0/../../../../arm-none-eabi/lib/thumb/v6-m/nofp\libnosys.a(write.o)
 .ARM.attributes
                0x000005e4       0x2c D:/Env/msys2/ucrt64/bin/../lib/gcc/arm-none-eabi/13.3.0/../../../../arm-none-eabi/lib/thumb/v6-m/nofp\libnosys.a(_exit.o)
 .ARM.attributes
                0x00000610       0x2c D:/Env/msys2/ucrt64/bin/../lib/gcc/arm-none-eabi/13.3.0/thumb/v6-m/nofp/crtend.o
 .ARM.attributes
                0x0000063c       0x1e D:/Env/msys2/ucrt64/bin/../lib/gcc/arm-none-eabi/13.3.0/thumb/v6-m/nofp/crtn.o

.comment        0x00000000       0x8a
 .comment       0x00000000       0x8a CMakeFiles/demo.dir/main.c.obj
                                 0x13 (size before relaxing)
 .comment       0x0000008a        0x0 CMakeFiles/demo.dir/ti_msp_dl_config.c.obj
                                 0x13 (size before relaxing)
 .comment       0x0000008a        0x0 CMakeFiles/demo.dir/D_/ti/mspm0_sdk/source/ti/devices/msp/m0p/startup_system_files/gcc/startup_mspm0g350x_gcc.c.obj
                                 0x13 (size before relaxing)
 .comment       0x0000008a        0x0 D:\ti\mspm0_sdk\source\ti\driverlib\lib\ticlang\m0p\mspm0g1x0x_g3x0x\driverlib.a(dl_common.o)
                                 0x79 (size before relaxing)
 .comment       0x0000008a        0x0 D:/Env/msys2/ucrt64/bin/../lib/gcc/arm-none-eabi/13.3.0/../../../../arm-none-eabi/lib/thumb/v6-m/nofp\libg_nano.a(libc_a-atexit.o)
                                 0x13 (size before relaxing)
 .comment       0x0000008a        0x0 D:/Env/msys2/ucrt64/bin/../lib/gcc/arm-none-eabi/13.3.0/../../../../arm-none-eabi/lib/thumb/v6-m/nofp\libg_nano.a(libc_a-exit.o)
                                 0x13 (size before relaxing)
 .comment       0x0000008a        0x0 D:/Env/msys2/ucrt64/bin/../lib/gcc/arm-none-eabi/13.3.0/../../../../arm-none-eabi/lib/thumb/v6-m/nofp\libg_nano.a(libc_a-findfp.o)
                                 0x13 (size before relaxing)
 .comment       0x0000008a        0x0 D:/Env/msys2/ucrt64/bin/../lib/gcc/arm-none-eabi/13.3.0/../../../../arm-none-eabi/lib/thumb/v6-m/nofp\libg_nano.a(libc_a-fwalk.o)
                                 0x13 (size before relaxing)
 .comment       0x0000008a        0x0 D:/Env/msys2/ucrt64/bin/../lib/gcc/arm-none-eabi/13.3.0/../../../../arm-none-eabi/lib/thumb/v6-m/nofp\libg_nano.a(libc_a-stdio.o)
                                 0x13 (size before relaxing)
 .comment       0x0000008a        0x0 D:/Env/msys2/ucrt64/bin/../lib/gcc/arm-none-eabi/13.3.0/../../../../arm-none-eabi/lib/thumb/v6-m/nofp\libg_nano.a(libc_a-memset.o)
                                 0x13 (size before relaxing)
 .comment       0x0000008a        0x0 D:/Env/msys2/ucrt64/bin/../lib/gcc/arm-none-eabi/13.3.0/../../../../arm-none-eabi/lib/thumb/v6-m/nofp\libg_nano.a(libc_a-closer.o)
                                 0x13 (size before relaxing)
 .comment       0x0000008a        0x0 D:/Env/msys2/ucrt64/bin/../lib/gcc/arm-none-eabi/13.3.0/../../../../arm-none-eabi/lib/thumb/v6-m/nofp\libg_nano.a(libc_a-reent.o)
                                 0x13 (size before relaxing)
 .comment       0x0000008a        0x0 D:/Env/msys2/ucrt64/bin/../lib/gcc/arm-none-eabi/13.3.0/../../../../arm-none-eabi/lib/thumb/v6-m/nofp\libg_nano.a(libc_a-impure.o)
                                 0x13 (size before relaxing)
 .comment       0x0000008a        0x0 D:/Env/msys2/ucrt64/bin/../lib/gcc/arm-none-eabi/13.3.0/../../../../arm-none-eabi/lib/thumb/v6-m/nofp\libg_nano.a(libc_a-lseekr.o)
                                 0x13 (size before relaxing)
 .comment       0x0000008a        0x0 D:/Env/msys2/ucrt64/bin/../lib/gcc/arm-none-eabi/13.3.0/../../../../arm-none-eabi/lib/thumb/v6-m/nofp\libg_nano.a(libc_a-readr.o)
                                 0x13 (size before relaxing)
 .comment       0x0000008a        0x0 D:/Env/msys2/ucrt64/bin/../lib/gcc/arm-none-eabi/13.3.0/../../../../arm-none-eabi/lib/thumb/v6-m/nofp\libg_nano.a(libc_a-writer.o)
                                 0x13 (size before relaxing)
 .comment       0x0000008a        0x0 D:/Env/msys2/ucrt64/bin/../lib/gcc/arm-none-eabi/13.3.0/../../../../arm-none-eabi/lib/thumb/v6-m/nofp\libg_nano.a(libc_a-init.o)
                                 0x13 (size before relaxing)
 .comment       0x0000008a        0x0 D:/Env/msys2/ucrt64/bin/../lib/gcc/arm-none-eabi/13.3.0/../../../../arm-none-eabi/lib/thumb/v6-m/nofp\libg_nano.a(libc_a-fini.o)
                                 0x13 (size before relaxing)
 .comment       0x0000008a        0x0 D:/Env/msys2/ucrt64/bin/../lib/gcc/arm-none-eabi/13.3.0/../../../../arm-none-eabi/lib/thumb/v6-m/nofp\libg_nano.a(libc_a-lock.o)
                                 0x13 (size before relaxing)
 .comment       0x0000008a        0x0 D:/Env/msys2/ucrt64/bin/../lib/gcc/arm-none-eabi/13.3.0/../../../../arm-none-eabi/lib/thumb/v6-m/nofp\libg_nano.a(libc_a-__atexit.o)
                                 0x13 (size before relaxing)
 .comment       0x0000008a        0x0 D:/Env/msys2/ucrt64/bin/../lib/gcc/arm-none-eabi/13.3.0/../../../../arm-none-eabi/lib/thumb/v6-m/nofp\libg_nano.a(libc_a-__call_atexit.o)
                                 0x13 (size before relaxing)
 .comment       0x0000008a        0x0 D:/Env/msys2/ucrt64/bin/../lib/gcc/arm-none-eabi/13.3.0/../../../../arm-none-eabi/lib/thumb/v6-m/nofp\libg_nano.a(libc_a-freer.o)
                                 0x13 (size before relaxing)
 .comment       0x0000008a        0x0 D:/Env/msys2/ucrt64/bin/../lib/gcc/arm-none-eabi/13.3.0/../../../../arm-none-eabi/lib/thumb/v6-m/nofp\libg_nano.a(libc_a-mallocr.o)
                                 0x13 (size before relaxing)
 .comment       0x0000008a        0x0 D:/Env/msys2/ucrt64/bin/../lib/gcc/arm-none-eabi/13.3.0/../../../../arm-none-eabi/lib/thumb/v6-m/nofp\libg_nano.a(libc_a-mlock.o)
                                 0x13 (size before relaxing)
 .comment       0x0000008a        0x0 D:/Env/msys2/ucrt64/bin/../lib/gcc/arm-none-eabi/13.3.0/../../../../arm-none-eabi/lib/thumb/v6-m/nofp\libg_nano.a(libc_a-fflush.o)
                                 0x13 (size before relaxing)
 .comment       0x0000008a        0x0 D:/Env/msys2/ucrt64/bin/../lib/gcc/arm-none-eabi/13.3.0/../../../../arm-none-eabi/lib/thumb/v6-m/nofp\libg_nano.a(libc_a-sbrkr.o)
                                 0x13 (size before relaxing)

.note.GNU-stack
                0x00000000        0x0
 .note.GNU-stack
                0x00000000        0x0 D:\ti\mspm0_sdk\source\ti\driverlib\lib\ticlang\m0p\mspm0g1x0x_g3x0x\driverlib.a(dl_common.o)

.debug_line_str
                0x00000000       0x74
 .debug_line_str
                0x00000000       0x74 D:/Env/msys2/ucrt64/bin/../lib/gcc/arm-none-eabi/13.3.0/../../../../arm-none-eabi/lib/thumb/v6-m/nofp/crt0.o

.debug_info     0x00000000    0x13b9e
 .debug_info    0x00000000     0x55c6 CMakeFiles/demo.dir/main.c.obj
 .debug_info    0x000055c6     0x5a19 CMakeFiles/demo.dir/ti_msp_dl_config.c.obj
 .debug_info    0x0000afdf      0x1a3 CMakeFiles/demo.dir/D_/ti/mspm0_sdk/source/ti/devices/msp/m0p/startup_system_files/gcc/startup_mspm0g350x_gcc.c.obj
 .debug_info    0x0000b182       0x75 D:\ti\mspm0_sdk\source\ti\driverlib\lib\ticlang\m0p\mspm0g1x0x_g3x0x\driverlib.a(dl_common.o)
 .debug_info    0x0000b1f7      0x11e D:/Env/msys2/ucrt64/bin/../lib/gcc/arm-none-eabi/13.3.0/../../../../arm-none-eabi/lib/thumb/v6-m/nofp\libg_nano.a(libc_a-atexit.o)
 .debug_info    0x0000b315      0x11b D:/Env/msys2/ucrt64/bin/../lib/gcc/arm-none-eabi/13.3.0/../../../../arm-none-eabi/lib/thumb/v6-m/nofp\libg_nano.a(libc_a-exit.o)
 .debug_info    0x0000b430     0x10fa D:/Env/msys2/ucrt64/bin/../lib/gcc/arm-none-eabi/13.3.0/../../../../arm-none-eabi/lib/thumb/v6-m/nofp\libg_nano.a(libc_a-findfp.o)
 .debug_info    0x0000c52a      0x7d2 D:/Env/msys2/ucrt64/bin/../lib/gcc/arm-none-eabi/13.3.0/../../../../arm-none-eabi/lib/thumb/v6-m/nofp\libg_nano.a(libc_a-fwalk.o)
 .debug_info    0x0000ccfc      0xa7c D:/Env/msys2/ucrt64/bin/../lib/gcc/arm-none-eabi/13.3.0/../../../../arm-none-eabi/lib/thumb/v6-m/nofp\libg_nano.a(libc_a-stdio.o)
 .debug_info    0x0000d778      0x135 D:/Env/msys2/ucrt64/bin/../lib/gcc/arm-none-eabi/13.3.0/../../../../arm-none-eabi/lib/thumb/v6-m/nofp\libg_nano.a(libc_a-memset.o)
 .debug_info    0x0000d8ad      0x75d D:/Env/msys2/ucrt64/bin/../lib/gcc/arm-none-eabi/13.3.0/../../../../arm-none-eabi/lib/thumb/v6-m/nofp\libg_nano.a(libc_a-closer.o)
 .debug_info    0x0000e00a      0x8a2 D:/Env/msys2/ucrt64/bin/../lib/gcc/arm-none-eabi/13.3.0/../../../../arm-none-eabi/lib/thumb/v6-m/nofp\libg_nano.a(libc_a-reent.o)
 .debug_info    0x0000e8ac      0x715 D:/Env/msys2/ucrt64/bin/../lib/gcc/arm-none-eabi/13.3.0/../../../../arm-none-eabi/lib/thumb/v6-m/nofp\libg_nano.a(libc_a-impure.o)
 .debug_info    0x0000efc1      0x7a8 D:/Env/msys2/ucrt64/bin/../lib/gcc/arm-none-eabi/13.3.0/../../../../arm-none-eabi/lib/thumb/v6-m/nofp\libg_nano.a(libc_a-lseekr.o)
 .debug_info    0x0000f769      0x7bf D:/Env/msys2/ucrt64/bin/../lib/gcc/arm-none-eabi/13.3.0/../../../../arm-none-eabi/lib/thumb/v6-m/nofp\libg_nano.a(libc_a-readr.o)
 .debug_info    0x0000ff28      0x7c5 D:/Env/msys2/ucrt64/bin/../lib/gcc/arm-none-eabi/13.3.0/../../../../arm-none-eabi/lib/thumb/v6-m/nofp\libg_nano.a(libc_a-writer.o)
 .debug_info    0x000106ed      0x10b D:/Env/msys2/ucrt64/bin/../lib/gcc/arm-none-eabi/13.3.0/../../../../arm-none-eabi/lib/thumb/v6-m/nofp\libg_nano.a(libc_a-init.o)
 .debug_info    0x000107f8       0xf7 D:/Env/msys2/ucrt64/bin/../lib/gcc/arm-none-eabi/13.3.0/../../../../arm-none-eabi/lib/thumb/v6-m/nofp\libg_nano.a(libc_a-fini.o)
 .debug_info    0x000108ef      0x218 D:/Env/msys2/ucrt64/bin/../lib/gcc/arm-none-eabi/13.3.0/../../../../arm-none-eabi/lib/thumb/v6-m/nofp\libg_nano.a(libc_a-lock.o)
 .debug_info    0x00010b07      0x2e7 D:/Env/msys2/ucrt64/bin/../lib/gcc/arm-none-eabi/13.3.0/../../../../arm-none-eabi/lib/thumb/v6-m/nofp\libg_nano.a(libc_a-__atexit.o)
 .debug_info    0x00010dee      0x290 D:/Env/msys2/ucrt64/bin/../lib/gcc/arm-none-eabi/13.3.0/../../../../arm-none-eabi/lib/thumb/v6-m/nofp\libg_nano.a(libc_a-__call_atexit.o)
 .debug_info    0x0001107e      0x874 D:/Env/msys2/ucrt64/bin/../lib/gcc/arm-none-eabi/13.3.0/../../../../arm-none-eabi/lib/thumb/v6-m/nofp\libg_nano.a(libc_a-freer.o)
 .debug_info    0x000118f2      0x9c5 D:/Env/msys2/ucrt64/bin/../lib/gcc/arm-none-eabi/13.3.0/../../../../arm-none-eabi/lib/thumb/v6-m/nofp\libg_nano.a(libc_a-mallocr.o)
 .debug_info    0x000122b7      0x76b D:/Env/msys2/ucrt64/bin/../lib/gcc/arm-none-eabi/13.3.0/../../../../arm-none-eabi/lib/thumb/v6-m/nofp\libg_nano.a(libc_a-mlock.o)
 .debug_info    0x00012a22      0x9fa D:/Env/msys2/ucrt64/bin/../lib/gcc/arm-none-eabi/13.3.0/../../../../arm-none-eabi/lib/thumb/v6-m/nofp\libg_nano.a(libc_a-fflush.o)
 .debug_info    0x0001341c      0x782 D:/Env/msys2/ucrt64/bin/../lib/gcc/arm-none-eabi/13.3.0/../../../../arm-none-eabi/lib/thumb/v6-m/nofp\libg_nano.a(libc_a-sbrkr.o)

.debug_abbrev   0x00000000     0x2a92
 .debug_abbrev  0x00000000      0x1b0 CMakeFiles/demo.dir/main.c.obj
 .debug_abbrev  0x000001b0      0x254 CMakeFiles/demo.dir/ti_msp_dl_config.c.obj
 .debug_abbrev  0x00000404      0x10d CMakeFiles/demo.dir/D_/ti/mspm0_sdk/source/ti/devices/msp/m0p/startup_system_files/gcc/startup_mspm0g350x_gcc.c.obj
 .debug_abbrev  0x00000511       0x62 D:\ti\mspm0_sdk\source\ti\driverlib\lib\ticlang\m0p\mspm0g1x0x_g3x0x\driverlib.a(dl_common.o)
 .debug_abbrev  0x00000573       0xbe D:/Env/msys2/ucrt64/bin/../lib/gcc/arm-none-eabi/13.3.0/../../../../arm-none-eabi/lib/thumb/v6-m/nofp\libg_nano.a(libc_a-atexit.o)
 .debug_abbrev  0x00000631       0xd8 D:/Env/msys2/ucrt64/bin/../lib/gcc/arm-none-eabi/13.3.0/../../../../arm-none-eabi/lib/thumb/v6-m/nofp\libg_nano.a(libc_a-exit.o)
 .debug_abbrev  0x00000709      0x435 D:/Env/msys2/ucrt64/bin/../lib/gcc/arm-none-eabi/13.3.0/../../../../arm-none-eabi/lib/thumb/v6-m/nofp\libg_nano.a(libc_a-findfp.o)
 .debug_abbrev  0x00000b3e      0x19b D:/Env/msys2/ucrt64/bin/../lib/gcc/arm-none-eabi/13.3.0/../../../../arm-none-eabi/lib/thumb/v6-m/nofp\libg_nano.a(libc_a-fwalk.o)
 .debug_abbrev  0x00000cd9      0x206 D:/Env/msys2/ucrt64/bin/../lib/gcc/arm-none-eabi/13.3.0/../../../../arm-none-eabi/lib/thumb/v6-m/nofp\libg_nano.a(libc_a-stdio.o)
 .debug_abbrev  0x00000edf       0xb7 D:/Env/msys2/ucrt64/bin/../lib/gcc/arm-none-eabi/13.3.0/../../../../arm-none-eabi/lib/thumb/v6-m/nofp\libg_nano.a(libc_a-memset.o)
 .debug_abbrev  0x00000f96      0x1b0 D:/Env/msys2/ucrt64/bin/../lib/gcc/arm-none-eabi/13.3.0/../../../../arm-none-eabi/lib/thumb/v6-m/nofp\libg_nano.a(libc_a-closer.o)
 .debug_abbrev  0x00001146      0x1eb D:/Env/msys2/ucrt64/bin/../lib/gcc/arm-none-eabi/13.3.0/../../../../arm-none-eabi/lib/thumb/v6-m/nofp\libg_nano.a(libc_a-reent.o)
 .debug_abbrev  0x00001331      0x149 D:/Env/msys2/ucrt64/bin/../lib/gcc/arm-none-eabi/13.3.0/../../../../arm-none-eabi/lib/thumb/v6-m/nofp\libg_nano.a(libc_a-impure.o)
 .debug_abbrev  0x0000147a      0x1c4 D:/Env/msys2/ucrt64/bin/../lib/gcc/arm-none-eabi/13.3.0/../../../../arm-none-eabi/lib/thumb/v6-m/nofp\libg_nano.a(libc_a-lseekr.o)
 .debug_abbrev  0x0000163e      0x1b0 D:/Env/msys2/ucrt64/bin/../lib/gcc/arm-none-eabi/13.3.0/../../../../arm-none-eabi/lib/thumb/v6-m/nofp\libg_nano.a(libc_a-readr.o)
 .debug_abbrev  0x000017ee      0x1b5 D:/Env/msys2/ucrt64/bin/../lib/gcc/arm-none-eabi/13.3.0/../../../../arm-none-eabi/lib/thumb/v6-m/nofp\libg_nano.a(libc_a-writer.o)
 .debug_abbrev  0x000019a3       0xc9 D:/Env/msys2/ucrt64/bin/../lib/gcc/arm-none-eabi/13.3.0/../../../../arm-none-eabi/lib/thumb/v6-m/nofp\libg_nano.a(libc_a-init.o)
 .debug_abbrev  0x00001a6c       0xc9 D:/Env/msys2/ucrt64/bin/../lib/gcc/arm-none-eabi/13.3.0/../../../../arm-none-eabi/lib/thumb/v6-m/nofp\libg_nano.a(libc_a-fini.o)
 .debug_abbrev  0x00001b35      0x115 D:/Env/msys2/ucrt64/bin/../lib/gcc/arm-none-eabi/13.3.0/../../../../arm-none-eabi/lib/thumb/v6-m/nofp\libg_nano.a(libc_a-lock.o)
 .debug_abbrev  0x00001c4a      0x1e9 D:/Env/msys2/ucrt64/bin/../lib/gcc/arm-none-eabi/13.3.0/../../../../arm-none-eabi/lib/thumb/v6-m/nofp\libg_nano.a(libc_a-__atexit.o)
 .debug_abbrev  0x00001e33      0x1c1 D:/Env/msys2/ucrt64/bin/../lib/gcc/arm-none-eabi/13.3.0/../../../../arm-none-eabi/lib/thumb/v6-m/nofp\libg_nano.a(libc_a-__call_atexit.o)
 .debug_abbrev  0x00001ff4      0x238 D:/Env/msys2/ucrt64/bin/../lib/gcc/arm-none-eabi/13.3.0/../../../../arm-none-eabi/lib/thumb/v6-m/nofp\libg_nano.a(libc_a-freer.o)
 .debug_abbrev  0x0000222c      0x241 D:/Env/msys2/ucrt64/bin/../lib/gcc/arm-none-eabi/13.3.0/../../../../arm-none-eabi/lib/thumb/v6-m/nofp\libg_nano.a(libc_a-mallocr.o)
 .debug_abbrev  0x0000246d      0x1bc D:/Env/msys2/ucrt64/bin/../lib/gcc/arm-none-eabi/13.3.0/../../../../arm-none-eabi/lib/thumb/v6-m/nofp\libg_nano.a(libc_a-mlock.o)
 .debug_abbrev  0x00002629      0x28f D:/Env/msys2/ucrt64/bin/../lib/gcc/arm-none-eabi/13.3.0/../../../../arm-none-eabi/lib/thumb/v6-m/nofp\libg_nano.a(libc_a-fflush.o)
 .debug_abbrev  0x000028b8      0x1da D:/Env/msys2/ucrt64/bin/../lib/gcc/arm-none-eabi/13.3.0/../../../../arm-none-eabi/lib/thumb/v6-m/nofp\libg_nano.a(libc_a-sbrkr.o)

.debug_aranges  0x00000000      0x3a0
 .debug_aranges
                0x00000000       0x28 CMakeFiles/demo.dir/main.c.obj
 .debug_aranges
                0x00000028       0x90 CMakeFiles/demo.dir/ti_msp_dl_config.c.obj
 .debug_aranges
                0x000000b8       0x30 CMakeFiles/demo.dir/D_/ti/mspm0_sdk/source/ti/devices/msp/m0p/startup_system_files/gcc/startup_mspm0g350x_gcc.c.obj
 .debug_aranges
                0x000000e8       0x20 D:/Env/msys2/ucrt64/bin/../lib/gcc/arm-none-eabi/13.3.0/../../../../arm-none-eabi/lib/thumb/v6-m/nofp\libg_nano.a(libc_a-atexit.o)
 .debug_aranges
                0x00000108       0x20 D:/Env/msys2/ucrt64/bin/../lib/gcc/arm-none-eabi/13.3.0/../../../../arm-none-eabi/lib/thumb/v6-m/nofp\libg_nano.a(libc_a-exit.o)
 .debug_aranges
                0x00000128       0x20 D:/Env/msys2/ucrt64/bin/../lib/gcc/arm-none-eabi/13.3.0/../../../../arm-none-eabi/lib/thumb/v6-m/nofp\libg_nano.a(libc_a-findfp.o)
 .debug_aranges
                0x00000148       0x20 D:/Env/msys2/ucrt64/bin/../lib/gcc/arm-none-eabi/13.3.0/../../../../arm-none-eabi/lib/thumb/v6-m/nofp\libg_nano.a(libc_a-fwalk.o)
 .debug_aranges
                0x00000168       0x20 D:/Env/msys2/ucrt64/bin/../lib/gcc/arm-none-eabi/13.3.0/../../../../arm-none-eabi/lib/thumb/v6-m/nofp\libg_nano.a(libc_a-stdio.o)
 .debug_aranges
                0x00000188       0x20 D:/Env/msys2/ucrt64/bin/../lib/gcc/arm-none-eabi/13.3.0/../../../../arm-none-eabi/lib/thumb/v6-m/nofp\libg_nano.a(libc_a-memset.o)
 .debug_aranges
                0x000001a8       0x20 D:/Env/msys2/ucrt64/bin/../lib/gcc/arm-none-eabi/13.3.0/../../../../arm-none-eabi/lib/thumb/v6-m/nofp\libg_nano.a(libc_a-closer.o)
 .debug_aranges
                0x000001c8       0x20 D:/Env/msys2/ucrt64/bin/../lib/gcc/arm-none-eabi/13.3.0/../../../../arm-none-eabi/lib/thumb/v6-m/nofp\libg_nano.a(libc_a-reent.o)
 .debug_aranges
                0x000001e8       0x18 D:/Env/msys2/ucrt64/bin/../lib/gcc/arm-none-eabi/13.3.0/../../../../arm-none-eabi/lib/thumb/v6-m/nofp\libg_nano.a(libc_a-impure.o)
 .debug_aranges
                0x00000200       0x20 D:/Env/msys2/ucrt64/bin/../lib/gcc/arm-none-eabi/13.3.0/../../../../arm-none-eabi/lib/thumb/v6-m/nofp\libg_nano.a(libc_a-lseekr.o)
 .debug_aranges
                0x00000220       0x20 D:/Env/msys2/ucrt64/bin/../lib/gcc/arm-none-eabi/13.3.0/../../../../arm-none-eabi/lib/thumb/v6-m/nofp\libg_nano.a(libc_a-readr.o)
 .debug_aranges
                0x00000240       0x20 D:/Env/msys2/ucrt64/bin/../lib/gcc/arm-none-eabi/13.3.0/../../../../arm-none-eabi/lib/thumb/v6-m/nofp\libg_nano.a(libc_a-writer.o)
 .debug_aranges
                0x00000260       0x20 D:/Env/msys2/ucrt64/bin/../lib/gcc/arm-none-eabi/13.3.0/../../../../arm-none-eabi/lib/thumb/v6-m/nofp\libg_nano.a(libc_a-init.o)
 .debug_aranges
                0x00000280       0x20 D:/Env/msys2/ucrt64/bin/../lib/gcc/arm-none-eabi/13.3.0/../../../../arm-none-eabi/lib/thumb/v6-m/nofp\libg_nano.a(libc_a-fini.o)
 .debug_aranges
                0x000002a0       0x20 D:/Env/msys2/ucrt64/bin/../lib/gcc/arm-none-eabi/13.3.0/../../../../arm-none-eabi/lib/thumb/v6-m/nofp\libg_nano.a(libc_a-lock.o)
 .debug_aranges
                0x000002c0       0x20 D:/Env/msys2/ucrt64/bin/../lib/gcc/arm-none-eabi/13.3.0/../../../../arm-none-eabi/lib/thumb/v6-m/nofp\libg_nano.a(libc_a-__atexit.o)
 .debug_aranges
                0x000002e0       0x20 D:/Env/msys2/ucrt64/bin/../lib/gcc/arm-none-eabi/13.3.0/../../../../arm-none-eabi/lib/thumb/v6-m/nofp\libg_nano.a(libc_a-__call_atexit.o)
 .debug_aranges
                0x00000300       0x20 D:/Env/msys2/ucrt64/bin/../lib/gcc/arm-none-eabi/13.3.0/../../../../arm-none-eabi/lib/thumb/v6-m/nofp\libg_nano.a(libc_a-freer.o)
 .debug_aranges
                0x00000320       0x20 D:/Env/msys2/ucrt64/bin/../lib/gcc/arm-none-eabi/13.3.0/../../../../arm-none-eabi/lib/thumb/v6-m/nofp\libg_nano.a(libc_a-mallocr.o)
 .debug_aranges
                0x00000340       0x20 D:/Env/msys2/ucrt64/bin/../lib/gcc/arm-none-eabi/13.3.0/../../../../arm-none-eabi/lib/thumb/v6-m/nofp\libg_nano.a(libc_a-mlock.o)
 .debug_aranges
                0x00000360       0x20 D:/Env/msys2/ucrt64/bin/../lib/gcc/arm-none-eabi/13.3.0/../../../../arm-none-eabi/lib/thumb/v6-m/nofp\libg_nano.a(libc_a-fflush.o)
 .debug_aranges
                0x00000380       0x20 D:/Env/msys2/ucrt64/bin/../lib/gcc/arm-none-eabi/13.3.0/../../../../arm-none-eabi/lib/thumb/v6-m/nofp\libg_nano.a(libc_a-sbrkr.o)

.debug_rnglists
                0x00000000      0x1a2
 .debug_rnglists
                0x00000000       0x19 CMakeFiles/demo.dir/main.c.obj
 .debug_rnglists
                0x00000019       0x67 CMakeFiles/demo.dir/ti_msp_dl_config.c.obj
 .debug_rnglists
                0x00000080       0x20 CMakeFiles/demo.dir/D_/ti/mspm0_sdk/source/ti/devices/msp/m0p/startup_system_files/gcc/startup_mspm0g350x_gcc.c.obj
 .debug_rnglists
                0x000000a0       0x79 D:/Env/msys2/ucrt64/bin/../lib/gcc/arm-none-eabi/13.3.0/../../../../arm-none-eabi/lib/thumb/v6-m/nofp\libg_nano.a(libc_a-findfp.o)
 .debug_rnglists
                0x00000119       0x23 D:/Env/msys2/ucrt64/bin/../lib/gcc/arm-none-eabi/13.3.0/../../../../arm-none-eabi/lib/thumb/v6-m/nofp\libg_nano.a(libc_a-__call_atexit.o)
 .debug_rnglists
                0x0000013c       0x13 D:/Env/msys2/ucrt64/bin/../lib/gcc/arm-none-eabi/13.3.0/../../../../arm-none-eabi/lib/thumb/v6-m/nofp\libg_nano.a(libc_a-freer.o)
 .debug_rnglists
                0x0000014f       0x1f D:/Env/msys2/ucrt64/bin/../lib/gcc/arm-none-eabi/13.3.0/../../../../arm-none-eabi/lib/thumb/v6-m/nofp\libg_nano.a(libc_a-mallocr.o)
 .debug_rnglists
                0x0000016e       0x34 D:/Env/msys2/ucrt64/bin/../lib/gcc/arm-none-eabi/13.3.0/../../../../arm-none-eabi/lib/thumb/v6-m/nofp\libg_nano.a(libc_a-fflush.o)

.debug_line     0x00000000     0x39cc
 .debug_line    0x00000000      0x397 CMakeFiles/demo.dir/main.c.obj
 .debug_line    0x00000397      0x549 CMakeFiles/demo.dir/ti_msp_dl_config.c.obj
 .debug_line    0x000008e0      0x18c CMakeFiles/demo.dir/D_/ti/mspm0_sdk/source/ti/devices/msp/m0p/startup_system_files/gcc/startup_mspm0g350x_gcc.c.obj
 .debug_line    0x00000a6c      0x179 D:\ti\mspm0_sdk\source\ti\driverlib\lib\ticlang\m0p\mspm0g1x0x_g3x0x\driverlib.a(dl_common.o)
 .debug_line    0x00000be5       0xcb D:/Env/msys2/ucrt64/bin/../lib/gcc/arm-none-eabi/13.3.0/../../../../arm-none-eabi/lib/thumb/v6-m/nofp\libg_nano.a(libc_a-atexit.o)
 .debug_line    0x00000cb0      0x126 D:/Env/msys2/ucrt64/bin/../lib/gcc/arm-none-eabi/13.3.0/../../../../arm-none-eabi/lib/thumb/v6-m/nofp\libg_nano.a(libc_a-exit.o)
 .debug_line    0x00000dd6      0x6af D:/Env/msys2/ucrt64/bin/../lib/gcc/arm-none-eabi/13.3.0/../../../../arm-none-eabi/lib/thumb/v6-m/nofp\libg_nano.a(libc_a-findfp.o)
 .debug_line    0x00001485      0x1bb D:/Env/msys2/ucrt64/bin/../lib/gcc/arm-none-eabi/13.3.0/../../../../arm-none-eabi/lib/thumb/v6-m/nofp\libg_nano.a(libc_a-fwalk.o)
 .debug_line    0x00001640      0x241 D:/Env/msys2/ucrt64/bin/../lib/gcc/arm-none-eabi/13.3.0/../../../../arm-none-eabi/lib/thumb/v6-m/nofp\libg_nano.a(libc_a-stdio.o)
 .debug_line    0x00001881      0x1d0 D:/Env/msys2/ucrt64/bin/../lib/gcc/arm-none-eabi/13.3.0/../../../../arm-none-eabi/lib/thumb/v6-m/nofp\libg_nano.a(libc_a-memset.o)
 .debug_line    0x00001a51      0x19c D:/Env/msys2/ucrt64/bin/../lib/gcc/arm-none-eabi/13.3.0/../../../../arm-none-eabi/lib/thumb/v6-m/nofp\libg_nano.a(libc_a-closer.o)
 .debug_line    0x00001bed      0x27c D:/Env/msys2/ucrt64/bin/../lib/gcc/arm-none-eabi/13.3.0/../../../../arm-none-eabi/lib/thumb/v6-m/nofp\libg_nano.a(libc_a-reent.o)
 .debug_line    0x00001e69       0xfa D:/Env/msys2/ucrt64/bin/../lib/gcc/arm-none-eabi/13.3.0/../../../../arm-none-eabi/lib/thumb/v6-m/nofp\libg_nano.a(libc_a-impure.o)
 .debug_line    0x00001f63      0x197 D:/Env/msys2/ucrt64/bin/../lib/gcc/arm-none-eabi/13.3.0/../../../../arm-none-eabi/lib/thumb/v6-m/nofp\libg_nano.a(libc_a-lseekr.o)
 .debug_line    0x000020fa      0x196 D:/Env/msys2/ucrt64/bin/../lib/gcc/arm-none-eabi/13.3.0/../../../../arm-none-eabi/lib/thumb/v6-m/nofp\libg_nano.a(libc_a-readr.o)
 .debug_line    0x00002290      0x197 D:/Env/msys2/ucrt64/bin/../lib/gcc/arm-none-eabi/13.3.0/../../../../arm-none-eabi/lib/thumb/v6-m/nofp\libg_nano.a(libc_a-writer.o)
 .debug_line    0x00002427      0x122 D:/Env/msys2/ucrt64/bin/../lib/gcc/arm-none-eabi/13.3.0/../../../../arm-none-eabi/lib/thumb/v6-m/nofp\libg_nano.a(libc_a-init.o)
 .debug_line    0x00002549       0xee D:/Env/msys2/ucrt64/bin/../lib/gcc/arm-none-eabi/13.3.0/../../../../arm-none-eabi/lib/thumb/v6-m/nofp\libg_nano.a(libc_a-fini.o)
 .debug_line    0x00002637       0xd7 D:/Env/msys2/ucrt64/bin/../lib/gcc/arm-none-eabi/13.3.0/../../../../arm-none-eabi/lib/thumb/v6-m/nofp\libg_nano.a(libc_a-lock.o)
 .debug_line    0x0000270e      0x25f D:/Env/msys2/ucrt64/bin/../lib/gcc/arm-none-eabi/13.3.0/../../../../arm-none-eabi/lib/thumb/v6-m/nofp\libg_nano.a(libc_a-__atexit.o)
 .debug_line    0x0000296d      0x21b D:/Env/msys2/ucrt64/bin/../lib/gcc/arm-none-eabi/13.3.0/../../../../arm-none-eabi/lib/thumb/v6-m/nofp\libg_nano.a(libc_a-__call_atexit.o)
 .debug_line    0x00002b88      0x2e2 D:/Env/msys2/ucrt64/bin/../lib/gcc/arm-none-eabi/13.3.0/../../../../arm-none-eabi/lib/thumb/v6-m/nofp\libg_nano.a(libc_a-freer.o)
 .debug_line    0x00002e6a      0x455 D:/Env/msys2/ucrt64/bin/../lib/gcc/arm-none-eabi/13.3.0/../../../../arm-none-eabi/lib/thumb/v6-m/nofp\libg_nano.a(libc_a-mallocr.o)
 .debug_line    0x000032bf      0x16a D:/Env/msys2/ucrt64/bin/../lib/gcc/arm-none-eabi/13.3.0/../../../../arm-none-eabi/lib/thumb/v6-m/nofp\libg_nano.a(libc_a-mlock.o)
 .debug_line    0x00003429      0x407 D:/Env/msys2/ucrt64/bin/../lib/gcc/arm-none-eabi/13.3.0/../../../../arm-none-eabi/lib/thumb/v6-m/nofp\libg_nano.a(libc_a-fflush.o)
 .debug_line    0x00003830      0x19c D:/Env/msys2/ucrt64/bin/../lib/gcc/arm-none-eabi/13.3.0/../../../../arm-none-eabi/lib/thumb/v6-m/nofp\libg_nano.a(libc_a-sbrkr.o)

.debug_str      0x00000000     0x33c7
 .debug_str     0x00000000     0x33c7 CMakeFiles/demo.dir/main.c.obj
                               0x1aa5 (size before relaxing)
 .debug_str     0x000033c7        0x0 CMakeFiles/demo.dir/ti_msp_dl_config.c.obj
                               0x2257 (size before relaxing)
 .debug_str     0x000033c7        0x0 CMakeFiles/demo.dir/D_/ti/mspm0_sdk/source/ti/devices/msp/m0p/startup_system_files/gcc/startup_mspm0g350x_gcc.c.obj
                                0x27d (size before relaxing)
 .debug_str     0x000033c7        0x0 D:\ti\mspm0_sdk\source\ti\driverlib\lib\ticlang\m0p\mspm0g1x0x_g3x0x\driverlib.a(dl_common.o)
                                0x178 (size before relaxing)
 .debug_str     0x000033c7        0x0 D:/Env/msys2/ucrt64/bin/../lib/gcc/arm-none-eabi/13.3.0/../../../../arm-none-eabi/lib/thumb/v6-m/nofp\libg_nano.a(libc_a-atexit.o)
                                0x1bc (size before relaxing)
 .debug_str     0x000033c7        0x0 D:/Env/msys2/ucrt64/bin/../lib/gcc/arm-none-eabi/13.3.0/../../../../arm-none-eabi/lib/thumb/v6-m/nofp\libg_nano.a(libc_a-exit.o)
                                0x1a5 (size before relaxing)
 .debug_str     0x000033c7        0x0 D:/Env/msys2/ucrt64/bin/../lib/gcc/arm-none-eabi/13.3.0/../../../../arm-none-eabi/lib/thumb/v6-m/nofp\libg_nano.a(libc_a-findfp.o)
                                0x722 (size before relaxing)
 .debug_str     0x000033c7        0x0 D:/Env/msys2/ucrt64/bin/../lib/gcc/arm-none-eabi/13.3.0/../../../../arm-none-eabi/lib/thumb/v6-m/nofp\libg_nano.a(libc_a-fwalk.o)
                                0x4af (size before relaxing)
 .debug_str     0x000033c7        0x0 D:/Env/msys2/ucrt64/bin/../lib/gcc/arm-none-eabi/13.3.0/../../../../arm-none-eabi/lib/thumb/v6-m/nofp\libg_nano.a(libc_a-stdio.o)
                                0x50c (size before relaxing)
 .debug_str     0x000033c7        0x0 D:/Env/msys2/ucrt64/bin/../lib/gcc/arm-none-eabi/13.3.0/../../../../arm-none-eabi/lib/thumb/v6-m/nofp\libg_nano.a(libc_a-memset.o)
                                0x193 (size before relaxing)
 .debug_str     0x000033c7        0x0 D:/Env/msys2/ucrt64/bin/../lib/gcc/arm-none-eabi/13.3.0/../../../../arm-none-eabi/lib/thumb/v6-m/nofp\libg_nano.a(libc_a-closer.o)
                                0x495 (size before relaxing)
 .debug_str     0x000033c7        0x0 D:/Env/msys2/ucrt64/bin/../lib/gcc/arm-none-eabi/13.3.0/../../../../arm-none-eabi/lib/thumb/v6-m/nofp\libg_nano.a(libc_a-reent.o)
                                0x4be (size before relaxing)
 .debug_str     0x000033c7        0x0 D:/Env/msys2/ucrt64/bin/../lib/gcc/arm-none-eabi/13.3.0/../../../../arm-none-eabi/lib/thumb/v6-m/nofp\libg_nano.a(libc_a-impure.o)
                                0x49f (size before relaxing)
 .debug_str     0x000033c7        0x0 D:/Env/msys2/ucrt64/bin/../lib/gcc/arm-none-eabi/13.3.0/../../../../arm-none-eabi/lib/thumb/v6-m/nofp\libg_nano.a(libc_a-lseekr.o)
                                0x4a3 (size before relaxing)
 .debug_str     0x000033c7        0x0 D:/Env/msys2/ucrt64/bin/../lib/gcc/arm-none-eabi/13.3.0/../../../../arm-none-eabi/lib/thumb/v6-m/nofp\libg_nano.a(libc_a-readr.o)
                                0x4a3 (size before relaxing)
 .debug_str     0x000033c7        0x0 D:/Env/msys2/ucrt64/bin/../lib/gcc/arm-none-eabi/13.3.0/../../../../arm-none-eabi/lib/thumb/v6-m/nofp\libg_nano.a(libc_a-writer.o)
                                0x4a5 (size before relaxing)
 .debug_str     0x000033c7        0x0 D:/Env/msys2/ucrt64/bin/../lib/gcc/arm-none-eabi/13.3.0/../../../../arm-none-eabi/lib/thumb/v6-m/nofp\libg_nano.a(libc_a-init.o)
                                0x1e0 (size before relaxing)
 .debug_str     0x000033c7        0x0 D:/Env/msys2/ucrt64/bin/../lib/gcc/arm-none-eabi/13.3.0/../../../../arm-none-eabi/lib/thumb/v6-m/nofp\libg_nano.a(libc_a-fini.o)
                                0x1b6 (size before relaxing)
 .debug_str     0x000033c7        0x0 D:/Env/msys2/ucrt64/bin/../lib/gcc/arm-none-eabi/13.3.0/../../../../arm-none-eabi/lib/thumb/v6-m/nofp\libg_nano.a(libc_a-lock.o)
                                0x316 (size before relaxing)
 .debug_str     0x000033c7        0x0 D:/Env/msys2/ucrt64/bin/../lib/gcc/arm-none-eabi/13.3.0/../../../../arm-none-eabi/lib/thumb/v6-m/nofp\libg_nano.a(libc_a-__atexit.o)
                                0x2e2 (size before relaxing)
 .debug_str     0x000033c7        0x0 D:/Env/msys2/ucrt64/bin/../lib/gcc/arm-none-eabi/13.3.0/../../../../arm-none-eabi/lib/thumb/v6-m/nofp\libg_nano.a(libc_a-__call_atexit.o)
                                0x29b (size before relaxing)
 .debug_str     0x000033c7        0x0 D:/Env/msys2/ucrt64/bin/../lib/gcc/arm-none-eabi/13.3.0/../../../../arm-none-eabi/lib/thumb/v6-m/nofp\libg_nano.a(libc_a-freer.o)
                                0x51f (size before relaxing)
 .debug_str     0x000033c7        0x0 D:/Env/msys2/ucrt64/bin/../lib/gcc/arm-none-eabi/13.3.0/../../../../arm-none-eabi/lib/thumb/v6-m/nofp\libg_nano.a(libc_a-mallocr.o)
                                0x580 (size before relaxing)
 .debug_str     0x000033c7        0x0 D:/Env/msys2/ucrt64/bin/../lib/gcc/arm-none-eabi/13.3.0/../../../../arm-none-eabi/lib/thumb/v6-m/nofp\libg_nano.a(libc_a-mlock.o)
                                0x521 (size before relaxing)
 .debug_str     0x000033c7        0x0 D:/Env/msys2/ucrt64/bin/../lib/gcc/arm-none-eabi/13.3.0/../../../../arm-none-eabi/lib/thumb/v6-m/nofp\libg_nano.a(libc_a-fflush.o)
                                0x56a (size before relaxing)
 .debug_str     0x000033c7        0x0 D:/Env/msys2/ucrt64/bin/../lib/gcc/arm-none-eabi/13.3.0/../../../../arm-none-eabi/lib/thumb/v6-m/nofp\libg_nano.a(libc_a-sbrkr.o)
                                0x4a8 (size before relaxing)

.debug_frame    0x00000000      0x9a0
 .debug_frame   0x00000000       0x4c CMakeFiles/demo.dir/main.c.obj
 .debug_frame   0x0000004c      0x1dc CMakeFiles/demo.dir/ti_msp_dl_config.c.obj
 .debug_frame   0x00000228       0x68 CMakeFiles/demo.dir/D_/ti/mspm0_sdk/source/ti/devices/msp/m0p/startup_system_files/gcc/startup_mspm0g350x_gcc.c.obj
 .debug_frame   0x00000290       0x20 D:\ti\mspm0_sdk\source\ti\driverlib\lib\ticlang\m0p\mspm0g1x0x_g3x0x\driverlib.a(dl_common.o)
 .debug_frame   0x000002b0       0x28 D:/Env/msys2/ucrt64/bin/../lib/gcc/arm-none-eabi/13.3.0/../../../../arm-none-eabi/lib/thumb/v6-m/nofp\libg_nano.a(libc_a-atexit.o)
 .debug_frame   0x000002d8       0x28 D:/Env/msys2/ucrt64/bin/../lib/gcc/arm-none-eabi/13.3.0/../../../../arm-none-eabi/lib/thumb/v6-m/nofp\libg_nano.a(libc_a-exit.o)
 .debug_frame   0x00000300      0x138 D:/Env/msys2/ucrt64/bin/../lib/gcc/arm-none-eabi/13.3.0/../../../../arm-none-eabi/lib/thumb/v6-m/nofp\libg_nano.a(libc_a-findfp.o)
 .debug_frame   0x00000438       0x38 D:/Env/msys2/ucrt64/bin/../lib/gcc/arm-none-eabi/13.3.0/../../../../arm-none-eabi/lib/thumb/v6-m/nofp\libg_nano.a(libc_a-fwalk.o)
 .debug_frame   0x00000470       0x90 D:/Env/msys2/ucrt64/bin/../lib/gcc/arm-none-eabi/13.3.0/../../../../arm-none-eabi/lib/thumb/v6-m/nofp\libg_nano.a(libc_a-stdio.o)
 .debug_frame   0x00000500       0x30 D:/Env/msys2/ucrt64/bin/../lib/gcc/arm-none-eabi/13.3.0/../../../../arm-none-eabi/lib/thumb/v6-m/nofp\libg_nano.a(libc_a-memset.o)
 .debug_frame   0x00000530       0x2c D:/Env/msys2/ucrt64/bin/../lib/gcc/arm-none-eabi/13.3.0/../../../../arm-none-eabi/lib/thumb/v6-m/nofp\libg_nano.a(libc_a-closer.o)
 .debug_frame   0x0000055c       0x2c D:/Env/msys2/ucrt64/bin/../lib/gcc/arm-none-eabi/13.3.0/../../../../arm-none-eabi/lib/thumb/v6-m/nofp\libg_nano.a(libc_a-reent.o)
 .debug_frame   0x00000588       0x2c D:/Env/msys2/ucrt64/bin/../lib/gcc/arm-none-eabi/13.3.0/../../../../arm-none-eabi/lib/thumb/v6-m/nofp\libg_nano.a(libc_a-lseekr.o)
 .debug_frame   0x000005b4       0x2c D:/Env/msys2/ucrt64/bin/../lib/gcc/arm-none-eabi/13.3.0/../../../../arm-none-eabi/lib/thumb/v6-m/nofp\libg_nano.a(libc_a-readr.o)
 .debug_frame   0x000005e0       0x2c D:/Env/msys2/ucrt64/bin/../lib/gcc/arm-none-eabi/13.3.0/../../../../arm-none-eabi/lib/thumb/v6-m/nofp\libg_nano.a(libc_a-writer.o)
 .debug_frame   0x0000060c       0x2c D:/Env/msys2/ucrt64/bin/../lib/gcc/arm-none-eabi/13.3.0/../../../../arm-none-eabi/lib/thumb/v6-m/nofp\libg_nano.a(libc_a-init.o)
 .debug_frame   0x00000638       0x2c D:/Env/msys2/ucrt64/bin/../lib/gcc/arm-none-eabi/13.3.0/../../../../arm-none-eabi/lib/thumb/v6-m/nofp\libg_nano.a(libc_a-fini.o)
 .debug_frame   0x00000664       0xb0 D:/Env/msys2/ucrt64/bin/../lib/gcc/arm-none-eabi/13.3.0/../../../../arm-none-eabi/lib/thumb/v6-m/nofp\libg_nano.a(libc_a-lock.o)
 .debug_frame   0x00000714       0x3c D:/Env/msys2/ucrt64/bin/../lib/gcc/arm-none-eabi/13.3.0/../../../../arm-none-eabi/lib/thumb/v6-m/nofp\libg_nano.a(libc_a-__atexit.o)
 .debug_frame   0x00000750       0x3c D:/Env/msys2/ucrt64/bin/../lib/gcc/arm-none-eabi/13.3.0/../../../../arm-none-eabi/lib/thumb/v6-m/nofp\libg_nano.a(libc_a-__call_atexit.o)
 .debug_frame   0x0000078c       0x2c D:/Env/msys2/ucrt64/bin/../lib/gcc/arm-none-eabi/13.3.0/../../../../arm-none-eabi/lib/thumb/v6-m/nofp\libg_nano.a(libc_a-freer.o)
 .debug_frame   0x000007b8       0x54 D:/Env/msys2/ucrt64/bin/../lib/gcc/arm-none-eabi/13.3.0/../../../../arm-none-eabi/lib/thumb/v6-m/nofp\libg_nano.a(libc_a-mallocr.o)
 .debug_frame   0x0000080c       0x40 D:/Env/msys2/ucrt64/bin/../lib/gcc/arm-none-eabi/13.3.0/../../../../arm-none-eabi/lib/thumb/v6-m/nofp\libg_nano.a(libc_a-mlock.o)
 .debug_frame   0x0000084c       0x68 D:/Env/msys2/ucrt64/bin/../lib/gcc/arm-none-eabi/13.3.0/../../../../arm-none-eabi/lib/thumb/v6-m/nofp\libg_nano.a(libc_a-fflush.o)
 .debug_frame   0x000008b4       0x2c D:/Env/msys2/ucrt64/bin/../lib/gcc/arm-none-eabi/13.3.0/../../../../arm-none-eabi/lib/thumb/v6-m/nofp\libg_nano.a(libc_a-sbrkr.o)
 .debug_frame   0x000008e0       0x20 D:/Env/msys2/ucrt64/bin/../lib/gcc/arm-none-eabi/13.3.0/../../../../arm-none-eabi/lib/thumb/v6-m/nofp\libnosys.a(close.o)
 .debug_frame   0x00000900       0x20 D:/Env/msys2/ucrt64/bin/../lib/gcc/arm-none-eabi/13.3.0/../../../../arm-none-eabi/lib/thumb/v6-m/nofp\libnosys.a(lseek.o)
 .debug_frame   0x00000920       0x20 D:/Env/msys2/ucrt64/bin/../lib/gcc/arm-none-eabi/13.3.0/../../../../arm-none-eabi/lib/thumb/v6-m/nofp\libnosys.a(read.o)
 .debug_frame   0x00000940       0x20 D:/Env/msys2/ucrt64/bin/../lib/gcc/arm-none-eabi/13.3.0/../../../../arm-none-eabi/lib/thumb/v6-m/nofp\libnosys.a(sbrk.o)
 .debug_frame   0x00000960       0x20 D:/Env/msys2/ucrt64/bin/../lib/gcc/arm-none-eabi/13.3.0/../../../../arm-none-eabi/lib/thumb/v6-m/nofp\libnosys.a(write.o)
 .debug_frame   0x00000980       0x20 D:/Env/msys2/ucrt64/bin/../lib/gcc/arm-none-eabi/13.3.0/../../../../arm-none-eabi/lib/thumb/v6-m/nofp\libnosys.a(_exit.o)

.debug_loc      0x00000000       0x13
 .debug_loc     0x00000000       0x13 D:\ti\mspm0_sdk\source\ti\driverlib\lib\ticlang\m0p\mspm0g1x0x_g3x0x\driverlib.a(dl_common.o)

.debug_loclists
                0x00000000     0x1587
 .debug_loclists
                0x00000000       0x2b D:/Env/msys2/ucrt64/bin/../lib/gcc/arm-none-eabi/13.3.0/../../../../arm-none-eabi/lib/thumb/v6-m/nofp\libg_nano.a(libc_a-atexit.o)
 .debug_loclists
                0x0000002b       0x1b D:/Env/msys2/ucrt64/bin/../lib/gcc/arm-none-eabi/13.3.0/../../../../arm-none-eabi/lib/thumb/v6-m/nofp\libg_nano.a(libc_a-exit.o)
 .debug_loclists
                0x00000046      0x2fe D:/Env/msys2/ucrt64/bin/../lib/gcc/arm-none-eabi/13.3.0/../../../../arm-none-eabi/lib/thumb/v6-m/nofp\libg_nano.a(libc_a-findfp.o)
 .debug_loclists
                0x00000344       0xa0 D:/Env/msys2/ucrt64/bin/../lib/gcc/arm-none-eabi/13.3.0/../../../../arm-none-eabi/lib/thumb/v6-m/nofp\libg_nano.a(libc_a-fwalk.o)
 .debug_loclists
                0x000003e4      0x292 D:/Env/msys2/ucrt64/bin/../lib/gcc/arm-none-eabi/13.3.0/../../../../arm-none-eabi/lib/thumb/v6-m/nofp\libg_nano.a(libc_a-stdio.o)
 .debug_loclists
                0x00000676      0x1c6 D:/Env/msys2/ucrt64/bin/../lib/gcc/arm-none-eabi/13.3.0/../../../../arm-none-eabi/lib/thumb/v6-m/nofp\libg_nano.a(libc_a-memset.o)
 .debug_loclists
                0x0000083c       0x52 D:/Env/msys2/ucrt64/bin/../lib/gcc/arm-none-eabi/13.3.0/../../../../arm-none-eabi/lib/thumb/v6-m/nofp\libg_nano.a(libc_a-closer.o)
 .debug_loclists
                0x0000088e       0x6e D:/Env/msys2/ucrt64/bin/../lib/gcc/arm-none-eabi/13.3.0/../../../../arm-none-eabi/lib/thumb/v6-m/nofp\libg_nano.a(libc_a-reent.o)
 .debug_loclists
                0x000008fc       0x97 D:/Env/msys2/ucrt64/bin/../lib/gcc/arm-none-eabi/13.3.0/../../../../arm-none-eabi/lib/thumb/v6-m/nofp\libg_nano.a(libc_a-lseekr.o)
 .debug_loclists
                0x00000993       0x97 D:/Env/msys2/ucrt64/bin/../lib/gcc/arm-none-eabi/13.3.0/../../../../arm-none-eabi/lib/thumb/v6-m/nofp\libg_nano.a(libc_a-readr.o)
 .debug_loclists
                0x00000a2a       0x97 D:/Env/msys2/ucrt64/bin/../lib/gcc/arm-none-eabi/13.3.0/../../../../arm-none-eabi/lib/thumb/v6-m/nofp\libg_nano.a(libc_a-writer.o)
 .debug_loclists
                0x00000ac1       0x5a D:/Env/msys2/ucrt64/bin/../lib/gcc/arm-none-eabi/13.3.0/../../../../arm-none-eabi/lib/thumb/v6-m/nofp\libg_nano.a(libc_a-init.o)
 .debug_loclists
                0x00000b1b       0x2c D:/Env/msys2/ucrt64/bin/../lib/gcc/arm-none-eabi/13.3.0/../../../../arm-none-eabi/lib/thumb/v6-m/nofp\libg_nano.a(libc_a-fini.o)
 .debug_loclists
                0x00000b47       0x24 D:/Env/msys2/ucrt64/bin/../lib/gcc/arm-none-eabi/13.3.0/../../../../arm-none-eabi/lib/thumb/v6-m/nofp\libg_nano.a(libc_a-lock.o)
 .debug_loclists
                0x00000b6b      0x115 D:/Env/msys2/ucrt64/bin/../lib/gcc/arm-none-eabi/13.3.0/../../../../arm-none-eabi/lib/thumb/v6-m/nofp\libg_nano.a(libc_a-__atexit.o)
 .debug_loclists
                0x00000c80      0x110 D:/Env/msys2/ucrt64/bin/../lib/gcc/arm-none-eabi/13.3.0/../../../../arm-none-eabi/lib/thumb/v6-m/nofp\libg_nano.a(libc_a-__call_atexit.o)
 .debug_loclists
                0x00000d90      0x11a D:/Env/msys2/ucrt64/bin/../lib/gcc/arm-none-eabi/13.3.0/../../../../arm-none-eabi/lib/thumb/v6-m/nofp\libg_nano.a(libc_a-freer.o)
 .debug_loclists
                0x00000eaa      0x2a9 D:/Env/msys2/ucrt64/bin/../lib/gcc/arm-none-eabi/13.3.0/../../../../arm-none-eabi/lib/thumb/v6-m/nofp\libg_nano.a(libc_a-mallocr.o)
 .debug_loclists
                0x00001153       0x3c D:/Env/msys2/ucrt64/bin/../lib/gcc/arm-none-eabi/13.3.0/../../../../arm-none-eabi/lib/thumb/v6-m/nofp\libg_nano.a(libc_a-mlock.o)
 .debug_loclists
                0x0000118f      0x27c D:/Env/msys2/ucrt64/bin/../lib/gcc/arm-none-eabi/13.3.0/../../../../arm-none-eabi/lib/thumb/v6-m/nofp\libg_nano.a(libc_a-fflush.o)
 .debug_loclists
                0x0000140b       0x52 D:/Env/msys2/ucrt64/bin/../lib/gcc/arm-none-eabi/13.3.0/../../../../arm-none-eabi/lib/thumb/v6-m/nofp\libg_nano.a(libc_a-sbrkr.o)
 .debug_loclists
                0x0000145d       0x24 D:/Env/msys2/ucrt64/bin/../lib/gcc/arm-none-eabi/13.3.0/../../../../arm-none-eabi/lib/thumb/v6-m/nofp\libnosys.a(close.o)
 .debug_loclists
                0x00001481       0x3c D:/Env/msys2/ucrt64/bin/../lib/gcc/arm-none-eabi/13.3.0/../../../../arm-none-eabi/lib/thumb/v6-m/nofp\libnosys.a(lseek.o)
 .debug_loclists
                0x000014bd       0x3c D:/Env/msys2/ucrt64/bin/../lib/gcc/arm-none-eabi/13.3.0/../../../../arm-none-eabi/lib/thumb/v6-m/nofp\libnosys.a(read.o)
 .debug_loclists
                0x000014f9       0x3e D:/Env/msys2/ucrt64/bin/../lib/gcc/arm-none-eabi/13.3.0/../../../../arm-none-eabi/lib/thumb/v6-m/nofp\libnosys.a(sbrk.o)
 .debug_loclists
                0x00001537       0x3c D:/Env/msys2/ucrt64/bin/../lib/gcc/arm-none-eabi/13.3.0/../../../../arm-none-eabi/lib/thumb/v6-m/nofp\libnosys.a(write.o)
 .debug_loclists
                0x00001573       0x14 D:/Env/msys2/ucrt64/bin/../lib/gcc/arm-none-eabi/13.3.0/../../../../arm-none-eabi/lib/thumb/v6-m/nofp\libnosys.a(_exit.o)

Cross Reference Table

Symbol                                            File
ADC0_IRQHandler                                   CMakeFiles/demo.dir/D_/ti/mspm0_sdk/source/ti/devices/msp/m0p/startup_system_files/gcc/startup_mspm0g350x_gcc.c.obj
ADC1_IRQHandler                                   CMakeFiles/demo.dir/D_/ti/mspm0_sdk/source/ti/devices/msp/m0p/startup_system_files/gcc/startup_mspm0g350x_gcc.c.obj
AES_IRQHandler                                    CMakeFiles/demo.dir/D_/ti/mspm0_sdk/source/ti/devices/msp/m0p/startup_system_files/gcc/startup_mspm0g350x_gcc.c.obj
CANFD0_IRQHandler                                 CMakeFiles/demo.dir/D_/ti/mspm0_sdk/source/ti/devices/msp/m0p/startup_system_files/gcc/startup_mspm0g350x_gcc.c.obj
DAC0_IRQHandler                                   CMakeFiles/demo.dir/D_/ti/mspm0_sdk/source/ti/devices/msp/m0p/startup_system_files/gcc/startup_mspm0g350x_gcc.c.obj
DL_Common_delayCycles                             D:\ti\mspm0_sdk\source\ti\driverlib\lib\ticlang\m0p\mspm0g1x0x_g3x0x\driverlib.a(dl_common.o)
                                                  CMakeFiles/demo.dir/ti_msp_dl_config.c.obj
                                                  CMakeFiles/demo.dir/main.c.obj
DMA_IRQHandler                                    CMakeFiles/demo.dir/D_/ti/mspm0_sdk/source/ti/devices/msp/m0p/startup_system_files/gcc/startup_mspm0g350x_gcc.c.obj
Default_Handler                                   CMakeFiles/demo.dir/D_/ti/mspm0_sdk/source/ti/devices/msp/m0p/startup_system_files/gcc/startup_mspm0g350x_gcc.c.obj
GROUP0_IRQHandler                                 CMakeFiles/demo.dir/D_/ti/mspm0_sdk/source/ti/devices/msp/m0p/startup_system_files/gcc/startup_mspm0g350x_gcc.c.obj
GROUP1_IRQHandler                                 CMakeFiles/demo.dir/D_/ti/mspm0_sdk/source/ti/devices/msp/m0p/startup_system_files/gcc/startup_mspm0g350x_gcc.c.obj
HardFault_Handler                                 CMakeFiles/demo.dir/D_/ti/mspm0_sdk/source/ti/devices/msp/m0p/startup_system_files/gcc/startup_mspm0g350x_gcc.c.obj
I2C0_IRQHandler                                   CMakeFiles/demo.dir/D_/ti/mspm0_sdk/source/ti/devices/msp/m0p/startup_system_files/gcc/startup_mspm0g350x_gcc.c.obj
I2C1_IRQHandler                                   CMakeFiles/demo.dir/D_/ti/mspm0_sdk/source/ti/devices/msp/m0p/startup_system_files/gcc/startup_mspm0g350x_gcc.c.obj
NMI_Handler                                       CMakeFiles/demo.dir/D_/ti/mspm0_sdk/source/ti/devices/msp/m0p/startup_system_files/gcc/startup_mspm0g350x_gcc.c.obj
PendSV_Handler                                    CMakeFiles/demo.dir/D_/ti/mspm0_sdk/source/ti/devices/msp/m0p/startup_system_files/gcc/startup_mspm0g350x_gcc.c.obj
RTC_IRQHandler                                    CMakeFiles/demo.dir/D_/ti/mspm0_sdk/source/ti/devices/msp/m0p/startup_system_files/gcc/startup_mspm0g350x_gcc.c.obj
Reset_Handler                                     CMakeFiles/demo.dir/D_/ti/mspm0_sdk/source/ti/devices/msp/m0p/startup_system_files/gcc/startup_mspm0g350x_gcc.c.obj
SPI0_IRQHandler                                   CMakeFiles/demo.dir/D_/ti/mspm0_sdk/source/ti/devices/msp/m0p/startup_system_files/gcc/startup_mspm0g350x_gcc.c.obj
SPI1_IRQHandler                                   CMakeFiles/demo.dir/D_/ti/mspm0_sdk/source/ti/devices/msp/m0p/startup_system_files/gcc/startup_mspm0g350x_gcc.c.obj
SVC_Handler                                       CMakeFiles/demo.dir/D_/ti/mspm0_sdk/source/ti/devices/msp/m0p/startup_system_files/gcc/startup_mspm0g350x_gcc.c.obj
SYSCFG_DL_GPIO_init                               CMakeFiles/demo.dir/ti_msp_dl_config.c.obj
SYSCFG_DL_SYSCTL_init                             CMakeFiles/demo.dir/ti_msp_dl_config.c.obj
SYSCFG_DL_SYSTICK_init                            CMakeFiles/demo.dir/ti_msp_dl_config.c.obj
SYSCFG_DL_init                                    CMakeFiles/demo.dir/ti_msp_dl_config.c.obj
                                                  CMakeFiles/demo.dir/main.c.obj
SYSCFG_DL_initPower                               CMakeFiles/demo.dir/ti_msp_dl_config.c.obj
SysTick_Handler                                   CMakeFiles/demo.dir/D_/ti/mspm0_sdk/source/ti/devices/msp/m0p/startup_system_files/gcc/startup_mspm0g350x_gcc.c.obj
TIMA0_IRQHandler                                  CMakeFiles/demo.dir/D_/ti/mspm0_sdk/source/ti/devices/msp/m0p/startup_system_files/gcc/startup_mspm0g350x_gcc.c.obj
TIMA1_IRQHandler                                  CMakeFiles/demo.dir/D_/ti/mspm0_sdk/source/ti/devices/msp/m0p/startup_system_files/gcc/startup_mspm0g350x_gcc.c.obj
TIMG0_IRQHandler                                  CMakeFiles/demo.dir/D_/ti/mspm0_sdk/source/ti/devices/msp/m0p/startup_system_files/gcc/startup_mspm0g350x_gcc.c.obj
TIMG12_IRQHandler                                 CMakeFiles/demo.dir/D_/ti/mspm0_sdk/source/ti/devices/msp/m0p/startup_system_files/gcc/startup_mspm0g350x_gcc.c.obj
TIMG6_IRQHandler                                  CMakeFiles/demo.dir/D_/ti/mspm0_sdk/source/ti/devices/msp/m0p/startup_system_files/gcc/startup_mspm0g350x_gcc.c.obj
TIMG7_IRQHandler                                  CMakeFiles/demo.dir/D_/ti/mspm0_sdk/source/ti/devices/msp/m0p/startup_system_files/gcc/startup_mspm0g350x_gcc.c.obj
TIMG8_IRQHandler                                  CMakeFiles/demo.dir/D_/ti/mspm0_sdk/source/ti/devices/msp/m0p/startup_system_files/gcc/startup_mspm0g350x_gcc.c.obj
UART0_IRQHandler                                  CMakeFiles/demo.dir/D_/ti/mspm0_sdk/source/ti/devices/msp/m0p/startup_system_files/gcc/startup_mspm0g350x_gcc.c.obj
UART1_IRQHandler                                  CMakeFiles/demo.dir/D_/ti/mspm0_sdk/source/ti/devices/msp/m0p/startup_system_files/gcc/startup_mspm0g350x_gcc.c.obj
UART2_IRQHandler                                  CMakeFiles/demo.dir/D_/ti/mspm0_sdk/source/ti/devices/msp/m0p/startup_system_files/gcc/startup_mspm0g350x_gcc.c.obj
UART3_IRQHandler                                  CMakeFiles/demo.dir/D_/ti/mspm0_sdk/source/ti/devices/msp/m0p/startup_system_files/gcc/startup_mspm0g350x_gcc.c.obj
__StackTop                                        CMakeFiles/demo.dir/D_/ti/mspm0_sdk/source/ti/devices/msp/m0p/startup_system_files/gcc/startup_mspm0g350x_gcc.c.obj
__atexit                                          D:/Env/msys2/ucrt64/bin/../lib/gcc/arm-none-eabi/13.3.0/../../../../arm-none-eabi/lib/thumb/v6-m/nofp\libg_nano.a(libc_a-__call_atexit.o)
                                                  D:/Env/msys2/ucrt64/bin/../lib/gcc/arm-none-eabi/13.3.0/../../../../arm-none-eabi/lib/thumb/v6-m/nofp\libg_nano.a(libc_a-__atexit.o)
__atexit0                                         D:/Env/msys2/ucrt64/bin/../lib/gcc/arm-none-eabi/13.3.0/../../../../arm-none-eabi/lib/thumb/v6-m/nofp\libg_nano.a(libc_a-__atexit.o)
__atexit_dummy                                    D:/Env/msys2/ucrt64/bin/../lib/gcc/arm-none-eabi/13.3.0/../../../../arm-none-eabi/lib/thumb/v6-m/nofp\libg_nano.a(libc_a-__atexit.o)
__atexit_recursive_mutex                          D:/Env/msys2/ucrt64/bin/../lib/gcc/arm-none-eabi/13.3.0/../../../../arm-none-eabi/lib/thumb/v6-m/nofp\libg_nano.a(libc_a-__call_atexit.o)
                                                  D:/Env/msys2/ucrt64/bin/../lib/gcc/arm-none-eabi/13.3.0/../../../../arm-none-eabi/lib/thumb/v6-m/nofp\libg_nano.a(libc_a-__atexit.o)
__bss_end__                                       CMakeFiles/demo.dir/D_/ti/mspm0_sdk/source/ti/devices/msp/m0p/startup_system_files/gcc/startup_mspm0g350x_gcc.c.obj
                                                  D:/Env/msys2/ucrt64/bin/../lib/gcc/arm-none-eabi/13.3.0/../../../../arm-none-eabi/lib/thumb/v6-m/nofp/crt0.o
__bss_start__                                     CMakeFiles/demo.dir/D_/ti/mspm0_sdk/source/ti/devices/msp/m0p/startup_system_files/gcc/startup_mspm0g350x_gcc.c.obj
                                                  D:/Env/msys2/ucrt64/bin/../lib/gcc/arm-none-eabi/13.3.0/../../../../arm-none-eabi/lib/thumb/v6-m/nofp/crt0.o
__call_exitprocs                                  D:/Env/msys2/ucrt64/bin/../lib/gcc/arm-none-eabi/13.3.0/../../../../arm-none-eabi/lib/thumb/v6-m/nofp\libg_nano.a(libc_a-__call_atexit.o)
                                                  D:/Env/msys2/ucrt64/bin/../lib/gcc/arm-none-eabi/13.3.0/../../../../arm-none-eabi/lib/thumb/v6-m/nofp\libg_nano.a(libc_a-__atexit.o)
                                                  D:/Env/msys2/ucrt64/bin/../lib/gcc/arm-none-eabi/13.3.0/../../../../arm-none-eabi/lib/thumb/v6-m/nofp\libg_nano.a(libc_a-exit.o)
__data_end__                                      CMakeFiles/demo.dir/D_/ti/mspm0_sdk/source/ti/devices/msp/m0p/startup_system_files/gcc/startup_mspm0g350x_gcc.c.obj
__data_load__                                     CMakeFiles/demo.dir/D_/ti/mspm0_sdk/source/ti/devices/msp/m0p/startup_system_files/gcc/startup_mspm0g350x_gcc.c.obj
__data_start__                                    CMakeFiles/demo.dir/D_/ti/mspm0_sdk/source/ti/devices/msp/m0p/startup_system_files/gcc/startup_mspm0g350x_gcc.c.obj
__deregister_frame_info                           D:/Env/msys2/ucrt64/bin/../lib/gcc/arm-none-eabi/13.3.0/thumb/v6-m/nofp/crtbegin.o
__dso_handle                                      D:/Env/msys2/ucrt64/bin/../lib/gcc/arm-none-eabi/13.3.0/thumb/v6-m/nofp/crtbegin.o
__fini_array_end                                  D:/Env/msys2/ucrt64/bin/../lib/gcc/arm-none-eabi/13.3.0/../../../../arm-none-eabi/lib/thumb/v6-m/nofp\libg_nano.a(libc_a-fini.o)
__fini_array_start                                D:/Env/msys2/ucrt64/bin/../lib/gcc/arm-none-eabi/13.3.0/../../../../arm-none-eabi/lib/thumb/v6-m/nofp\libg_nano.a(libc_a-fini.o)
__fp_lock_all                                     D:/Env/msys2/ucrt64/bin/../lib/gcc/arm-none-eabi/13.3.0/../../../../arm-none-eabi/lib/thumb/v6-m/nofp\libg_nano.a(libc_a-findfp.o)
__fp_unlock_all                                   D:/Env/msys2/ucrt64/bin/../lib/gcc/arm-none-eabi/13.3.0/../../../../arm-none-eabi/lib/thumb/v6-m/nofp\libg_nano.a(libc_a-findfp.o)
__init_array_end                                  D:/Env/msys2/ucrt64/bin/../lib/gcc/arm-none-eabi/13.3.0/../../../../arm-none-eabi/lib/thumb/v6-m/nofp\libg_nano.a(libc_a-init.o)
__init_array_start                                D:/Env/msys2/ucrt64/bin/../lib/gcc/arm-none-eabi/13.3.0/../../../../arm-none-eabi/lib/thumb/v6-m/nofp\libg_nano.a(libc_a-init.o)
__libc_fini_array                                 D:/Env/msys2/ucrt64/bin/../lib/gcc/arm-none-eabi/13.3.0/../../../../arm-none-eabi/lib/thumb/v6-m/nofp\libg_nano.a(libc_a-fini.o)
                                                  D:/Env/msys2/ucrt64/bin/../lib/gcc/arm-none-eabi/13.3.0/../../../../arm-none-eabi/lib/thumb/v6-m/nofp/crt0.o
__libc_init_array                                 D:/Env/msys2/ucrt64/bin/../lib/gcc/arm-none-eabi/13.3.0/../../../../arm-none-eabi/lib/thumb/v6-m/nofp\libg_nano.a(libc_a-init.o)
                                                  CMakeFiles/demo.dir/D_/ti/mspm0_sdk/source/ti/devices/msp/m0p/startup_system_files/gcc/startup_mspm0g350x_gcc.c.obj
                                                  D:/Env/msys2/ucrt64/bin/../lib/gcc/arm-none-eabi/13.3.0/../../../../arm-none-eabi/lib/thumb/v6-m/nofp/crt0.o
__lock___arc4random_mutex                         D:/Env/msys2/ucrt64/bin/../lib/gcc/arm-none-eabi/13.3.0/../../../../arm-none-eabi/lib/thumb/v6-m/nofp\libg_nano.a(libc_a-lock.o)
__lock___at_quick_exit_mutex                      D:/Env/msys2/ucrt64/bin/../lib/gcc/arm-none-eabi/13.3.0/../../../../arm-none-eabi/lib/thumb/v6-m/nofp\libg_nano.a(libc_a-lock.o)
__lock___atexit_recursive_mutex                   D:/Env/msys2/ucrt64/bin/../lib/gcc/arm-none-eabi/13.3.0/../../../../arm-none-eabi/lib/thumb/v6-m/nofp\libg_nano.a(libc_a-lock.o)
                                                  D:/Env/msys2/ucrt64/bin/../lib/gcc/arm-none-eabi/13.3.0/../../../../arm-none-eabi/lib/thumb/v6-m/nofp\libg_nano.a(libc_a-__call_atexit.o)